interactions:
- request:
    body: null
    headers:
      Accept:
      - '*/*'
      Accept-Encoding:
      - gzip, deflate
      Connection:
      - keep-alive
      User-Agent:
      - python-requests/2.32.3
    method: GET
    uri: https://firefox-ci-tc.services.mozilla.com/api/index/v1/task/gecko.v2.mozilla-central.latest.firefox.linux64-ccov-fuzzing-opt
  response:
    body:
      string: "{\n  \"namespace\": \"gecko.v2.mozilla-central.latest.firefox.linux64-ccov-fuzzing-opt\",\n
        \ \"taskId\": \"c9xdj3LFSDCPS8Oesbu5Kg\",\n  \"rank\": 1730997975,\n  \"data\":
        {},\n  \"expires\": \"2025-11-07T16:49:53.063Z\"\n}"
    headers:
      Access-Control-Allow-Headers:
      - X-Requested-With,Content-Type,Authorization,Accept,Origin,Cache-Control
      Access-Control-Allow-Methods:
      - OPTIONS,GET,HEAD,POST,PUT,DELETE,TRACE,CONNECT
      Access-Control-Allow-Origin:
      - '*'
      Access-Control-Max-Age:
      - '900'
      Access-Control-Request-Method:
      - '*'
      Alt-Svc:
      - clear
      Cache-Control:
      - no-store no-cache must-revalidate
      Content-Length:
      - '200'
      Content-Security-Policy:
      - report-uri /__cspreport__;default-src 'none';frame-ancestors 'none';
      Content-Type:
      - application/json; charset=utf-8
      Date:
      - Thu, 07 Nov 2024 19:52:07 GMT
      ETag:
      - W/"c8-n+JpLBoPiyS9qkFrf7LYzLTPMqU"
      Server:
      - openresty
      Strict-Transport-Security:
      - max-age=31536000
      Via:
      - 1.1 google
      x-content-type-options:
      - nosniff
      x-for-request-id:
      - 92f58693-a393-4016-a50d-b9425742df03
      x-for-trace-id:
      - 8d5db43eff835a955c7c10399e063cf0
    status:
      code: 200
      message: OK
- request:
    body: null
    headers:
      Accept:
      - '*/*'
      Accept-Encoding:
      - gzip, deflate
      Connection:
      - keep-alive
      User-Agent:
      - python-requests/2.32.3
    method: GET
    uri: https://firefox-ci-tc.services.mozilla.com/api/queue/v1/task/c9xdj3LFSDCPS8Oesbu5Kg/artifacts
  response:
    body:
      string: "{\n  \"artifacts\": [\n    {\n      \"storageType\": \"s3\",\n      \"name\":
        \"public/build/buildhub.json\",\n      \"expires\": \"2025-11-07T16:49:53.063Z\",\n
        \     \"contentType\": \"application/json\"\n    },\n    {\n      \"storageType\":
        \"s3\",\n      \"name\": \"public/build/chrome-map.json\",\n      \"expires\":
        \"2025-11-07T16:49:53.063Z\",\n      \"contentType\": \"application/json\"\n
        \   },\n    {\n      \"storageType\": \"s3\",\n      \"name\": \"public/build/config.status\",\n
        \     \"expires\": \"2025-11-07T16:49:53.063Z\",\n      \"contentType\": \"application/octet-stream\"\n
        \   },\n    {\n      \"storageType\": \"s3\",\n      \"name\": \"public/build/host/bin/mar\",\n
        \     \"expires\": \"2025-11-07T16:49:53.063Z\",\n      \"contentType\": \"application/octet-stream\"\n
        \   },\n    {\n      \"storageType\": \"s3\",\n      \"name\": \"public/build/host/bin/mbsdiff\",\n
        \     \"expires\": \"2025-11-07T16:49:53.063Z\",\n      \"contentType\": \"application/octet-stream\"\n
        \   },\n    {\n      \"storageType\": \"s3\",\n      \"name\": \"public/build/mozharness.zip\",\n
        \     \"expires\": \"2025-11-07T16:49:53.063Z\",\n      \"contentType\": \"application/zip\"\n
        \   },\n    {\n      \"storageType\": \"s3\",\n      \"name\": \"public/build/profile_build_resources.json\",\n
        \     \"expires\": \"2025-11-07T16:49:53.063Z\",\n      \"contentType\": \"application/json\"\n
        \   },\n    {\n      \"storageType\": \"s3\",\n      \"name\": \"public/build/target.checksums\",\n
        \     \"expires\": \"2025-11-07T16:49:53.063Z\",\n      \"contentType\": \"application/octet-stream\"\n
        \   },\n    {\n      \"storageType\": \"s3\",\n      \"name\": \"public/build/target.code-coverage-gcno.zip\",\n
        \     \"expires\": \"2025-11-07T16:49:53.063Z\",\n      \"contentType\": \"application/zip\"\n
        \   },\n    {\n      \"storageType\": \"s3\",\n      \"name\": \"public/build/target.generated-files.tar.gz\",\n
        \     \"expires\": \"2025-11-07T16:49:53.063Z\",\n      \"contentType\": \"application/gzip\"\n
        \   },\n    {\n      \"storageType\": \"s3\",\n      \"name\": \"public/build/target_info.txt\",\n
        \     \"expires\": \"2025-11-07T16:49:53.063Z\",\n      \"contentType\": \"text/plain\"\n
        \   },\n    {\n      \"storageType\": \"s3\",\n      \"name\": \"public/build/target.json\",\n
        \     \"expires\": \"2025-11-07T16:49:53.063Z\",\n      \"contentType\": \"application/json\"\n
        \   },\n    {\n      \"storageType\": \"s3\",\n      \"name\": \"public/build/target.jsshell.zip\",\n
        \     \"expires\": \"2025-11-07T16:49:53.063Z\",\n      \"contentType\": \"application/zip\"\n
        \   },\n    {\n      \"storageType\": \"s3\",\n      \"name\": \"public/build/target.langpack.xpi\",\n
        \     \"expires\": \"2025-11-07T16:49:53.063Z\",\n      \"contentType\": \"application/x-xpinstall\"\n
        \   },\n    {\n      \"storageType\": \"s3\",\n      \"name\": \"public/build/target.mozinfo.json\",\n
        \     \"expires\": \"2025-11-07T16:49:53.063Z\",\n      \"contentType\": \"application/json\"\n
        \   },\n    {\n      \"storageType\": \"s3\",\n      \"name\": \"public/build/target.tar.bz2\",\n
        \     \"expires\": \"2025-11-07T16:49:53.063Z\",\n      \"contentType\": \"application/x-bzip2\"\n
        \   },\n    {\n      \"storageType\": \"s3\",\n      \"name\": \"public/build/target.txt\",\n
        \     \"expires\": \"2025-11-07T16:49:53.063Z\",\n      \"contentType\": \"text/plain\"\n
        \   },\n    {\n      \"storageType\": \"s3\",\n      \"name\": \"public/build/target.xpt_artifacts.zip\",\n
        \     \"expires\": \"2025-11-07T16:49:53.063Z\",\n      \"contentType\": \"application/zip\"\n
        \   },\n    {\n      \"storageType\": \"s3\",\n      \"name\": \"public/chain-of-trust.json\",\n
        \     \"expires\": \"2025-11-07T16:49:53.063Z\",\n      \"contentType\": \"text/plain\"\n
        \   },\n    {\n      \"storageType\": \"s3\",\n      \"name\": \"public/chain-of-trust.json.sig\",\n
        \     \"expires\": \"2025-11-07T16:49:53.063Z\",\n      \"contentType\": \"application/octet-stream\"\n
        \   },\n    {\n      \"storageType\": \"s3\",\n      \"name\": \"public/logs/certified.log\",\n
        \     \"expires\": \"2025-11-07T16:49:53.063Z\",\n      \"contentType\": \"text/plain\"\n
        \   },\n    {\n      \"storageType\": \"s3\",\n      \"name\": \"public/logs/live_backing.log\",\n
        \     \"expires\": \"2025-11-07T16:49:53.063Z\",\n      \"contentType\": \"text/plain;
        charset=utf-8\"\n    },\n    {\n      \"storageType\": \"reference\",\n      \"name\":
        \"public/logs/live.log\",\n      \"expires\": \"2025-11-07T16:49:53.063Z\",\n
        \     \"contentType\": \"text/plain; charset=utf-8\"\n    },\n    {\n      \"storageType\":
        \"s3\",\n      \"name\": \"public/logs/localconfig.json\",\n      \"expires\":
        \"2025-11-07T16:49:53.063Z\",\n      \"contentType\": \"application/json\"\n
        \   }\n  ]\n}"
    headers:
      Access-Control-Allow-Headers:
      - X-Requested-With,Content-Type,Authorization,Accept,Origin,Cache-Control
      Access-Control-Allow-Methods:
      - OPTIONS,GET,HEAD,POST,PUT,DELETE,TRACE,CONNECT
      Access-Control-Allow-Origin:
      - '*'
      Access-Control-Max-Age:
      - '900'
      Access-Control-Request-Method:
      - '*'
      Alt-Svc:
      - clear
      Cache-Control:
      - no-store no-cache must-revalidate
      Content-Security-Policy:
      - report-uri /__cspreport__;default-src 'none';frame-ancestors 'none';
      Content-Type:
      - application/json; charset=utf-8
      Date:
      - Thu, 07 Nov 2024 19:52:07 GMT
      ETag:
      - W/"1070-7HvcSzBn8JhWmtjx+Xzbq4t7Jns"
      Server:
      - openresty
      Strict-Transport-Security:
      - max-age=31536000
      Transfer-Encoding:
      - chunked
      Vary:
      - Accept-Encoding
      Via:
      - 1.1 google
      content-length:
      - '4208'
      x-content-type-options:
      - nosniff
      x-for-request-id:
      - cb774dd9-4af3-4b9c-b863-8d32dfa3cd69
      x-for-trace-id:
      - 6b2e1c62712147f6222f56b2afb219c8
    status:
      code: 200
      message: OK
- request:
    body: null
    headers:
      Accept:
      - '*/*'
      Accept-Encoding:
      - gzip, deflate
      Connection:
      - keep-alive
      User-Agent:
      - python-requests/2.32.3
    method: GET
    uri: https://firefox-ci-tc.services.mozilla.com/api/queue/v1/task/c9xdj3LFSDCPS8Oesbu5Kg/artifacts/public/build/target.json
  response:
    body:
      string: "{\n  \"storageType\": \"s3\",\n  \"url\": \"https://firefoxci.taskcluster-artifacts.net/c9xdj3LFSDCPS8Oesbu5Kg/0/public/build/target.json\"\n}"
    headers:
      Access-Control-Allow-Headers:
      - X-Requested-With,Content-Type,Authorization,Accept,Origin,Cache-Control
      Access-Control-Allow-Methods:
      - OPTIONS,GET,HEAD,POST,PUT,DELETE,TRACE,CONNECT
      Access-Control-Allow-Origin:
      - '*'
      Access-Control-Max-Age:
      - '900'
      Access-Control-Request-Method:
      - '*'
      Alt-Svc:
      - clear
      Cache-Control:
      - no-store no-cache must-revalidate
      Content-Length:
      - '131'
      Content-Security-Policy:
      - report-uri /__cspreport__;default-src 'none';frame-ancestors 'none';
      Content-Type:
      - application/json; charset=utf-8
      Date:
      - Thu, 07 Nov 2024 19:52:07 GMT
      ETag:
      - W/"83-P4bvzR28xiIQINy6YWWCn1KzeqE"
      Server:
      - openresty
      Strict-Transport-Security:
      - max-age=31536000
      Via:
      - 1.1 google
      location:
      - https://firefoxci.taskcluster-artifacts.net/c9xdj3LFSDCPS8Oesbu5Kg/0/public/build/target.json
      x-content-type-options:
      - nosniff
      x-for-request-id:
      - 63995c44-2a3a-4741-b9df-1ad28a1455e5
      x-for-trace-id:
      - 79691007548437210ab7228a3e1eea1d
      x-taskcluster-artifact-storage-type:
      - s3
    status:
      code: 303
      message: See Other
- request:
    body: null
    headers:
      Accept:
      - '*/*'
      Accept-Encoding:
      - gzip, deflate
      Connection:
      - keep-alive
      User-Agent:
      - python-requests/2.32.3
    method: GET
    uri: https://firefoxci.taskcluster-artifacts.net/c9xdj3LFSDCPS8Oesbu5Kg/0/public/build/target.json
  response:
    body:
      string: "{\n  \"as\": \"/builds/worker/fetches/clang/bin/clang --sysroot /builds/worker/fetches/sysroot-x86_64-linux-gnu
        -std=gnu99\",\n  \"buildid\": \"20241107164615\",\n  \"cc\": \"/builds/worker/fetches/clang/bin/clang
        --sysroot /builds/worker/fetches/sysroot-x86_64-linux-gnu -std=gnu99\",\n
        \ \"cxx\": \"/builds/worker/fetches/clang/bin/clang++ --sysroot /builds/worker/fetches/sysroot-x86_64-linux-gnu\",\n
        \ \"host\": \"x86_64-pc-linux-gnu\",\n  \"moz_app_id\": \"{ec8030f7-c20a-464f-9b0e-13a3a9e97384}\",\n
        \ \"moz_app_maxversion\": \"134.0a1\",\n  \"moz_app_name\": \"firefox\",\n
        \ \"moz_app_vendor\": \"Mozilla\",\n  \"moz_app_version\": \"134.0a1\",\n
        \ \"moz_pkg_platform\": \"linux-x86_64\",\n  \"moz_source_repo\": \"https://hg.mozilla.org/mozilla-central\",\n
        \ \"moz_source_stamp\": \"b1059d322d9fb03740953ffab81dae731d94e138\",\n  \"moz_update_channel\":
        \"default\",\n  \"target\": \"x86_64-pc-linux-gnu\"\n}\n"
    headers:
      Accept-Ranges:
      - bytes
      Access-Control-Allow-Origin:
      - '*'
      Access-Control-Expose-Headers:
      - '*'
      Age:
      - '3759'
      Alt-Svc:
      - clear
      Cache-Control:
      - public,max-age=604800
      Content-Type:
      - application/json
      Date:
      - Thu, 07 Nov 2024 18:49:28 GMT
      ETag:
      - '"349c6da451162a4cbdf09a414c8080c9"'
      Last-Modified:
      - Thu, 07 Nov 2024 17:41:02 GMT
      Server:
      - UploadServer
      Vary:
      - Accept-Encoding
      X-GUploader-UploadID:
      - AHmUCY1n_wPbIh7XFms3j-uVzyxdvyslcrkWw3MwAVA4X8HH5SMpBv0U_RketeXyZ1uROucKrKKAJDd85g
      content-length:
      - '838'
      x-cache-status:
      - hit
      x-goog-generation:
      - '1731001262538596'
      x-goog-hash:
      - crc32c=PUPScw==
      - md5=NJxtpFEWKky98JpBTICAyQ==
      x-goog-metageneration:
      - '1'
      x-goog-storage-class:
      - STANDARD
      x-goog-stored-content-encoding:
      - gzip
      x-goog-stored-content-length:
      - '354'
    status:
      code: 200
      message: OK
version: 1
