interactions:
- request:
    body: null
    headers:
      Accept:
      - '*/*'
      Accept-Encoding:
      - gzip, deflate
      Connection:
      - keep-alive
      User-Agent:
      - python-requests/2.32.3
    method: GET
    uri: https://product-details.mozilla.org/1.0/firefox_versions.json
  response:
    body:
      string: "{\n    \"FIREFOX_AURORA\": \"\",\n    \"FIREFOX_DEVEDITION\": \"133.0b5\",\n
        \   \"FIREFOX_ESR\": \"128.4.0esr\",\n    \"FIREFOX_ESR115\": \"115.17.0esr\",\n
        \   \"FIREFOX_ESR_NEXT\": \"\",\n    \"FIREFOX_NIGHTLY\": \"134.0a1\",\n    \"LAST_MERGE_DATE\":
        \"2024-10-28\",\n    \"LAST_RELEASE_DATE\": \"2024-10-29\",\n    \"LAST_SOFTFREEZE_DATE\":
        \"2024-10-24\",\n    \"LAST_STRINGFREEZE_DATE\": \"2024-10-25\",\n    \"LATEST_FIREFOX_DEVEL_VERSION\":
        \"133.0b5\",\n    \"LATEST_FIREFOX_OLDER_VERSION\": \"3.6.28\",\n    \"LATEST_FIREFOX_RELEASED_DEVEL_VERSION\":
        \"133.0b5\",\n    \"LATEST_FIREFOX_VERSION\": \"132.0.1\",\n    \"NEXT_MERGE_DATE\":
        \"2024-11-25\",\n    \"NEXT_RELEASE_DATE\": \"2024-11-26\",\n    \"NEXT_SOFTFREEZE_DATE\":
        \"2024-11-21\",\n    \"NEXT_STRINGFREEZE_DATE\": \"2024-11-22\"\n}"
    headers:
      Age:
      - '119'
      Cache-Control:
      - max-age=300
      Connection:
      - keep-alive
      Content-Length:
      - '711'
      Content-Type:
      - application/json
      Date:
      - Wed, 06 Nov 2024 20:52:12 GMT
      ETag:
      - '"3ae739757cc3792e89363b6c9742175d"'
      Last-Modified:
      - Wed, 06 Nov 2024 16:25:28 GMT
      Server:
      - AmazonS3
      Vary:
      - Accept-Encoding
      Via:
      - 1.1 4643e0c3ddc7d1b9cecf79d63967ddba.cloudfront.net (CloudFront)
      X-Amz-Cf-Id:
      - zKs1yijiAHX6v3broXHq9tDbNwpfILRbz5Y9QUvt7lh3ssTToHnJEQ==
      X-Amz-Cf-Pop:
      - ATL58-P5
      X-Cache:
      - Hit from cloudfront
      access-control-allow-origin:
      - '*'
      strict-transport-security:
      - max-age=31536000
      x-content-type-options:
      - nosniff
      x-frame-options:
      - SAMEORIGIN
      x-xss-protection:
      - 1; mode=block
    status:
      code: 200
      message: OK
- request:
    body: null
    headers:
      Accept:
      - '*/*'
      Accept-Encoding:
      - gzip, deflate
      Connection:
      - keep-alive
      User-Agent:
      - python-requests/2.32.3
    method: GET
    uri: https://firefox-ci-tc.services.mozilla.com/api/index/v1/task/gecko.v2.mozilla-esr128.latest.firefox.macosx64-fuzzing-asan-opt
  response:
    body:
      string: "{\n  \"namespace\": \"gecko.v2.mozilla-esr128.latest.firefox.macosx64-fuzzing-asan-opt\",\n
        \ \"taskId\": \"WUkTKwksT8ift2yWpWKUow\",\n  \"rank\": 1730912110,\n  \"data\":
        {},\n  \"expires\": \"2025-11-06T16:58:18.416Z\"\n}"
    headers:
      Access-Control-Allow-Headers:
      - X-Requested-With,Content-Type,Authorization,Accept,Origin,Cache-Control
      Access-Control-Allow-Methods:
      - OPTIONS,GET,HEAD,POST,PUT,DELETE,TRACE,CONNECT
      Access-Control-Allow-Origin:
      - '*'
      Access-Control-Max-Age:
      - '900'
      Access-Control-Request-Method:
      - '*'
      Alt-Svc:
      - clear
      Cache-Control:
      - no-store no-cache must-revalidate
      Content-Length:
      - '200'
      Content-Security-Policy:
      - report-uri /__cspreport__;default-src 'none';frame-ancestors 'none';
      Content-Type:
      - application/json; charset=utf-8
      Date:
      - Wed, 06 Nov 2024 20:52:50 GMT
      ETag:
      - W/"c8-GCp1p9A8FCiSm+E4qdOCvrBQvVs"
      Server:
      - openresty
      Strict-Transport-Security:
      - max-age=31536000
      Via:
      - 1.1 google
      x-content-type-options:
      - nosniff
      x-for-request-id:
      - d91f913d-a65a-4475-a09a-0641c5a487b7
      x-for-trace-id:
      - 7754a274e2c38520b53c71b03e52f835
    status:
      code: 200
      message: OK
- request:
    body: null
    headers:
      Accept:
      - '*/*'
      Accept-Encoding:
      - gzip, deflate
      Connection:
      - keep-alive
      User-Agent:
      - python-requests/2.32.3
    method: GET
    uri: https://firefox-ci-tc.services.mozilla.com/api/queue/v1/task/WUkTKwksT8ift2yWpWKUow/artifacts
  response:
    body:
      string: "{\n  \"artifacts\": [\n    {\n      \"storageType\": \"s3\",\n      \"name\":
        \"public/build/buildhub.json\",\n      \"expires\": \"2025-11-06T16:58:18.416Z\",\n
        \     \"contentType\": \"application/json\"\n    },\n    {\n      \"storageType\":
        \"s3\",\n      \"name\": \"public/build/config.status\",\n      \"expires\":
        \"2025-11-06T16:58:18.416Z\",\n      \"contentType\": \"application/octet-stream\"\n
        \   },\n    {\n      \"storageType\": \"s3\",\n      \"name\": \"public/build/host/bin/mar\",\n
        \     \"expires\": \"2025-11-06T16:58:18.416Z\",\n      \"contentType\": \"application/octet-stream\"\n
        \   },\n    {\n      \"storageType\": \"s3\",\n      \"name\": \"public/build/host/bin/mbsdiff\",\n
        \     \"expires\": \"2025-11-06T16:58:18.416Z\",\n      \"contentType\": \"application/octet-stream\"\n
        \   },\n    {\n      \"storageType\": \"s3\",\n      \"name\": \"public/build/mozharness.zip\",\n
        \     \"expires\": \"2025-11-06T16:58:18.416Z\",\n      \"contentType\": \"application/zip\"\n
        \   },\n    {\n      \"storageType\": \"s3\",\n      \"name\": \"public/build/profile_build_resources.json\",\n
        \     \"expires\": \"2025-11-06T16:58:18.416Z\",\n      \"contentType\": \"application/json\"\n
        \   },\n    {\n      \"storageType\": \"s3\",\n      \"name\": \"public/build/target.awsy.tests.tar.gz\",\n
        \     \"expires\": \"2025-11-06T16:58:18.416Z\",\n      \"contentType\": \"application/gzip\"\n
        \   },\n    {\n      \"storageType\": \"s3\",\n      \"name\": \"public/build/target.checksums\",\n
        \     \"expires\": \"2025-11-06T16:58:18.416Z\",\n      \"contentType\": \"application/octet-stream\"\n
        \   },\n    {\n      \"storageType\": \"s3\",\n      \"name\": \"public/build/target.common.tests.tar.gz\",\n
        \     \"expires\": \"2025-11-06T16:58:18.416Z\",\n      \"contentType\": \"application/gzip\"\n
        \   },\n    {\n      \"storageType\": \"s3\",\n      \"name\": \"public/build/target.condprof.tests.tar.gz\",\n
        \     \"expires\": \"2025-11-06T16:58:18.416Z\",\n      \"contentType\": \"application/gzip\"\n
        \   },\n    {\n      \"storageType\": \"s3\",\n      \"name\": \"public/build/target.cppunittest.tests.tar.gz\",\n
        \     \"expires\": \"2025-11-06T16:58:18.416Z\",\n      \"contentType\": \"application/gzip\"\n
        \   },\n    {\n      \"storageType\": \"s3\",\n      \"name\": \"public/build/target.dmg\",\n
        \     \"expires\": \"2025-11-06T16:58:18.416Z\",\n      \"contentType\": \"application/octet-stream\"\n
        \   },\n    {\n      \"storageType\": \"s3\",\n      \"name\": \"public/build/target.fuzztest.tests.tar.gz\",\n
        \     \"expires\": \"2025-11-06T16:58:18.416Z\",\n      \"contentType\": \"application/gzip\"\n
        \   },\n    {\n      \"storageType\": \"s3\",\n      \"name\": \"public/build/target.generated-files.tar.gz\",\n
        \     \"expires\": \"2025-11-06T16:58:18.416Z\",\n      \"contentType\": \"application/gzip\"\n
        \   },\n    {\n      \"storageType\": \"s3\",\n      \"name\": \"public/build/target.gtest.tests.tar.gz\",\n
        \     \"expires\": \"2025-11-06T16:58:18.416Z\",\n      \"contentType\": \"application/gzip\"\n
        \   },\n    {\n      \"storageType\": \"s3\",\n      \"name\": \"public/build/target_info.txt\",\n
        \     \"expires\": \"2025-11-06T16:58:18.416Z\",\n      \"contentType\": \"text/plain\"\n
        \   },\n    {\n      \"storageType\": \"s3\",\n      \"name\": \"public/build/target.jittest.tests.tar.gz\",\n
        \     \"expires\": \"2025-11-06T16:58:18.416Z\",\n      \"contentType\": \"application/gzip\"\n
        \   },\n    {\n      \"storageType\": \"s3\",\n      \"name\": \"public/build/target.json\",\n
        \     \"expires\": \"2025-11-06T16:58:18.416Z\",\n      \"contentType\": \"application/json\"\n
        \   },\n    {\n      \"storageType\": \"s3\",\n      \"name\": \"public/build/target.jsreftest.tests.tar.gz\",\n
        \     \"expires\": \"2025-11-06T16:58:18.416Z\",\n      \"contentType\": \"application/gzip\"\n
        \   },\n    {\n      \"storageType\": \"s3\",\n      \"name\": \"public/build/target.jsshell.zip\",\n
        \     \"expires\": \"2025-11-06T16:58:18.416Z\",\n      \"contentType\": \"application/zip\"\n
        \   },\n    {\n      \"storageType\": \"s3\",\n      \"name\": \"public/build/target.langpack.xpi\",\n
        \     \"expires\": \"2025-11-06T16:58:18.416Z\",\n      \"contentType\": \"application/x-xpinstall\"\n
        \   },\n    {\n      \"storageType\": \"s3\",\n      \"name\": \"public/build/target.mochitest.tests.tar.gz\",\n
        \     \"expires\": \"2025-11-06T16:58:18.416Z\",\n      \"contentType\": \"application/gzip\"\n
        \   },\n    {\n      \"storageType\": \"s3\",\n      \"name\": \"public/build/target.mozinfo.json\",\n
        \     \"expires\": \"2025-11-06T16:58:18.416Z\",\n      \"contentType\": \"application/json\"\n
        \   },\n    {\n      \"storageType\": \"s3\",\n      \"name\": \"public/build/target.perftests.tests.tar.gz\",\n
        \     \"expires\": \"2025-11-06T16:58:18.416Z\",\n      \"contentType\": \"application/gzip\"\n
        \   },\n    {\n      \"storageType\": \"s3\",\n      \"name\": \"public/build/target.raptor.tests.tar.gz\",\n
        \     \"expires\": \"2025-11-06T16:58:18.416Z\",\n      \"contentType\": \"application/gzip\"\n
        \   },\n    {\n      \"storageType\": \"s3\",\n      \"name\": \"public/build/target.reftest.tests.tar.gz\",\n
        \     \"expires\": \"2025-11-06T16:58:18.416Z\",\n      \"contentType\": \"application/gzip\"\n
        \   },\n    {\n      \"storageType\": \"s3\",\n      \"name\": \"public/build/target.talos.tests.tar.gz\",\n
        \     \"expires\": \"2025-11-06T16:58:18.416Z\",\n      \"contentType\": \"application/gzip\"\n
        \   },\n    {\n      \"storageType\": \"s3\",\n      \"name\": \"public/build/target.test_packages.json\",\n
        \     \"expires\": \"2025-11-06T16:58:18.416Z\",\n      \"contentType\": \"application/json\"\n
        \   },\n    {\n      \"storageType\": \"s3\",\n      \"name\": \"public/build/target.txt\",\n
        \     \"expires\": \"2025-11-06T16:58:18.416Z\",\n      \"contentType\": \"text/plain\"\n
        \   },\n    {\n      \"storageType\": \"s3\",\n      \"name\": \"public/build/target.update_framework_artifacts.zip\",\n
        \     \"expires\": \"2025-11-06T16:58:18.416Z\",\n      \"contentType\": \"application/zip\"\n
        \   },\n    {\n      \"storageType\": \"s3\",\n      \"name\": \"public/build/target.updater-dep.tests.tar.gz\",\n
        \     \"expires\": \"2025-11-06T16:58:18.416Z\",\n      \"contentType\": \"application/gzip\"\n
        \   },\n    {\n      \"storageType\": \"s3\",\n      \"name\": \"public/build/target.web-platform.tests.tar.gz\",\n
        \     \"expires\": \"2025-11-06T16:58:18.416Z\",\n      \"contentType\": \"application/gzip\"\n
        \   },\n    {\n      \"storageType\": \"s3\",\n      \"name\": \"public/build/target.xpcshell.tests.tar.gz\",\n
        \     \"expires\": \"2025-11-06T16:58:18.416Z\",\n      \"contentType\": \"application/gzip\"\n
        \   },\n    {\n      \"storageType\": \"s3\",\n      \"name\": \"public/build/target.xpt_artifacts.zip\",\n
        \     \"expires\": \"2025-11-06T16:58:18.416Z\",\n      \"contentType\": \"application/zip\"\n
        \   },\n    {\n      \"storageType\": \"s3\",\n      \"name\": \"public/chain-of-trust.json\",\n
        \     \"expires\": \"2025-11-06T16:58:18.416Z\",\n      \"contentType\": \"text/plain\"\n
        \   },\n    {\n      \"storageType\": \"s3\",\n      \"name\": \"public/chain-of-trust.json.sig\",\n
        \     \"expires\": \"2025-11-06T16:58:18.416Z\",\n      \"contentType\": \"application/octet-stream\"\n
        \   },\n    {\n      \"storageType\": \"s3\",\n      \"name\": \"public/cidata/sccache.log\",\n
        \     \"expires\": \"2024-11-13T16:58:18.416Z\",\n      \"contentType\": \"text/plain\"\n
        \   },\n    {\n      \"storageType\": \"s3\",\n      \"name\": \"public/cidata/sccache-stats.json\",\n
        \     \"expires\": \"2024-11-13T16:58:18.416Z\",\n      \"contentType\": \"application/json\"\n
        \   },\n    {\n      \"storageType\": \"error\",\n      \"name\": \"public/cidata/target.crashreporter-symbols-full.tar.zst\",\n
        \     \"expires\": \"2024-11-13T16:58:18.416Z\",\n      \"contentType\": \"application/binary\"\n
        \   },\n    {\n      \"storageType\": \"s3\",\n      \"name\": \"public/logs/certified.log\",\n
        \     \"expires\": \"2025-11-06T16:58:18.416Z\",\n      \"contentType\": \"text/plain\"\n
        \   },\n    {\n      \"storageType\": \"s3\",\n      \"name\": \"public/logs/live_backing.log\",\n
        \     \"expires\": \"2025-11-06T16:58:18.416Z\",\n      \"contentType\": \"text/plain;
        charset=utf-8\"\n    },\n    {\n      \"storageType\": \"reference\",\n      \"name\":
        \"public/logs/live.log\",\n      \"expires\": \"2025-11-06T16:58:18.416Z\",\n
        \     \"contentType\": \"text/plain; charset=utf-8\"\n    },\n    {\n      \"storageType\":
        \"s3\",\n      \"name\": \"public/logs/localconfig.json\",\n      \"expires\":
        \"2025-11-06T16:58:18.416Z\",\n      \"contentType\": \"application/json\"\n
        \   }\n  ]\n}"
    headers:
      Access-Control-Allow-Headers:
      - X-Requested-With,Content-Type,Authorization,Accept,Origin,Cache-Control
      Access-Control-Allow-Methods:
      - OPTIONS,GET,HEAD,POST,PUT,DELETE,TRACE,CONNECT
      Access-Control-Allow-Origin:
      - '*'
      Access-Control-Max-Age:
      - '900'
      Access-Control-Request-Method:
      - '*'
      Alt-Svc:
      - clear
      Cache-Control:
      - no-store no-cache must-revalidate
      Content-Encoding:
      - gzip
      Content-Security-Policy:
      - report-uri /__cspreport__;default-src 'none';frame-ancestors 'none';
      Content-Type:
      - application/json; charset=utf-8
      Date:
      - Wed, 06 Nov 2024 20:52:50 GMT
      ETag:
      - W/"1e1c-74VEz5Y1kDg2eXZ73XjusYjaeAw"
      Server:
      - openresty
      Strict-Transport-Security:
      - max-age=31536000
      Vary:
      - Accept-Encoding
      Via:
      - 1.1 google
      x-content-type-options:
      - nosniff
      x-for-request-id:
      - bd869d30-cc91-4eae-b797-f122367f84ad
      x-for-trace-id:
      - 1c5bbb80fac72de94b6cfa3f28b98b03
    status:
      code: 200
      message: OK
- request:
    body: null
    headers:
      Accept:
      - '*/*'
      Accept-Encoding:
      - gzip, deflate
      Connection:
      - keep-alive
      User-Agent:
      - python-requests/2.32.3
    method: GET
    uri: https://firefox-ci-tc.services.mozilla.com/api/queue/v1/task/WUkTKwksT8ift2yWpWKUow/artifacts/public/build/target.json
  response:
    body:
      string: "{\n  \"storageType\": \"s3\",\n  \"url\": \"https://firefoxci.taskcluster-artifacts.net/WUkTKwksT8ift2yWpWKUow/0/public/build/target.json\"\n}"
    headers:
      Access-Control-Allow-Headers:
      - X-Requested-With,Content-Type,Authorization,Accept,Origin,Cache-Control
      Access-Control-Allow-Methods:
      - OPTIONS,GET,HEAD,POST,PUT,DELETE,TRACE,CONNECT
      Access-Control-Allow-Origin:
      - '*'
      Access-Control-Max-Age:
      - '900'
      Access-Control-Request-Method:
      - '*'
      Alt-Svc:
      - clear
      Cache-Control:
      - no-store no-cache must-revalidate
      Content-Length:
      - '131'
      Content-Security-Policy:
      - report-uri /__cspreport__;default-src 'none';frame-ancestors 'none';
      Content-Type:
      - application/json; charset=utf-8
      Date:
      - Wed, 06 Nov 2024 20:52:50 GMT
      ETag:
      - W/"83-KkXpFMgHp9KCA+Tn2Z74akQIvpk"
      Server:
      - openresty
      Strict-Transport-Security:
      - max-age=31536000
      Via:
      - 1.1 google
      location:
      - https://firefoxci.taskcluster-artifacts.net/WUkTKwksT8ift2yWpWKUow/0/public/build/target.json
      x-content-type-options:
      - nosniff
      x-for-request-id:
      - a2c235dd-7870-41cd-9a1a-48545009a35e
      x-for-trace-id:
      - d2fe309469d5285ab28700acf6a1ce6e
      x-taskcluster-artifact-storage-type:
      - s3
    status:
      code: 303
      message: See Other
- request:
    body: null
    headers:
      Accept:
      - '*/*'
      Accept-Encoding:
      - gzip, deflate
      Connection:
      - keep-alive
      User-Agent:
      - python-requests/2.32.3
    method: GET
    uri: https://firefoxci.taskcluster-artifacts.net/WUkTKwksT8ift2yWpWKUow/0/public/build/target.json
  response:
    body:
      string: "{\n  \"as\": \"/builds/worker/fetches/sccache/sccache /builds/worker/fetches/clang/bin/clang
        -isysroot /builds/worker/fetches/MacOSX14.4.sdk -mmacosx-version-min=10.15
        -std=gnu99 --target=x86_64-apple-darwin\",\n  \"buildid\": \"20241106165510\",\n
        \ \"cc\": \"/builds/worker/fetches/sccache/sccache /builds/worker/fetches/clang/bin/clang
        -isysroot /builds/worker/fetches/MacOSX14.4.sdk -mmacosx-version-min=10.15
        -std=gnu99 --target=x86_64-apple-darwin\",\n  \"cxx\": \"/builds/worker/fetches/sccache/sccache
        /builds/worker/fetches/clang/bin/clang++ -isysroot /builds/worker/fetches/MacOSX14.4.sdk
        -mmacosx-version-min=10.15 -stdlib=libc++ --target=x86_64-apple-darwin\",\n
        \ \"host_alias\": \"x86_64-pc-linux-gnu\",\n  \"moz_app_id\": \"{ec8030f7-c20a-464f-9b0e-13a3a9e97384}\",\n
        \ \"moz_app_maxversion\": \"128.*\",\n  \"moz_app_name\": \"firefox\",\n  \"moz_app_vendor\":
        \"Mozilla\",\n  \"moz_app_version\": \"128.5.0\",\n  \"moz_pkg_platform\":
        \"mac-asan\",\n  \"moz_source_repo\": \"https://hg.mozilla.org/releases/mozilla-esr128\",\n
        \ \"moz_source_stamp\": \"349c8f8310226a7271ad30d283dfd6898f4f6eba\",\n  \"moz_update_channel\":
        \"default\",\n  \"target_alias\": \"x86_64-apple-darwin\"\n}\n"
    headers:
      Accept-Ranges:
      - bytes
      Access-Control-Allow-Origin:
      - '*'
      Access-Control-Expose-Headers:
      - '*'
      Alt-Svc:
      - clear
      Cache-Control:
      - public,max-age=604800
      Content-Encoding:
      - gzip
      Content-Length:
      - '431'
      Content-Type:
      - application/json
      Date:
      - Wed, 06 Nov 2024 20:52:50 GMT
      ETag:
      - '"f1593b5d7171ac8c402b7663ed4bba4d"'
      Last-Modified:
      - Wed, 06 Nov 2024 17:51:45 GMT
      Server:
      - UploadServer
      Vary:
      - Accept-Encoding
      X-GUploader-UploadID:
      - AHmUCY1kpPX5L5r5s1S0jr0Es_VaU8jz8eZYIAkqAlIzpLx2DfpEo46JlMXumCNhzQl1sQzo3D0
      x-cache-status:
      - miss
      x-goog-generation:
      - '1730915505273294'
      x-goog-hash:
      - crc32c=OA/vUg==
      - md5=8Vk7XXFxrIxAK3Zj7Uu6TQ==
      x-goog-metageneration:
      - '1'
      x-goog-storage-class:
      - STANDARD
      x-goog-stored-content-encoding:
      - gzip
      x-goog-stored-content-length:
      - '431'
    status:
      code: 200
      message: OK
- request:
    body: '{}'
    headers:
      Accept:
      - '*/*'
      Accept-Encoding:
      - gzip, deflate
      Connection:
      - keep-alive
      Content-Length:
      - '2'
      Content-Type:
      - application/json
      User-Agent:
      - python-requests/2.32.3
    method: POST
    uri: https://firefox-ci-tc.services.mozilla.com/api/index/v1/namespaces/gecko.v2.mozilla-esr128.shippable.2024.11.06
  response:
    body:
      string: "{\n  \"namespaces\": [\n    {\n      \"namespace\": \"gecko.v2.mozilla-esr128.shippable.2024.11.06.latest\",\n
        \     \"name\": \"latest\",\n      \"expires\": \"2025-11-08T00:00:00.000Z\"\n
        \   },\n    {\n      \"namespace\": \"gecko.v2.mozilla-esr128.shippable.2024.11.06.revision\",\n
        \     \"name\": \"revision\",\n      \"expires\": \"2025-11-09T00:00:00.000Z\"\n
        \   }\n  ]\n}"
    headers:
      Access-Control-Allow-Headers:
      - X-Requested-With,Content-Type,Authorization,Accept,Origin,Cache-Control
      Access-Control-Allow-Methods:
      - OPTIONS,GET,HEAD,POST,PUT,DELETE,TRACE,CONNECT
      Access-Control-Allow-Origin:
      - '*'
      Access-Control-Max-Age:
      - '900'
      Access-Control-Request-Method:
      - '*'
      Alt-Svc:
      - clear
      Cache-Control:
      - no-store no-cache must-revalidate
      Content-Length:
      - '338'
      Content-Security-Policy:
      - report-uri /__cspreport__;default-src 'none';frame-ancestors 'none';
      Content-Type:
      - application/json; charset=utf-8
      Date:
      - Wed, 06 Nov 2024 20:52:50 GMT
      ETag:
      - W/"152-FI406XkoZBg1Mg7HOEcFH6+E4fw"
      Server:
      - openresty
      Strict-Transport-Security:
      - max-age=31536000
      Via:
      - 1.1 google
      x-content-type-options:
      - nosniff
      x-for-request-id:
      - bff8011e-6253-44db-8423-ddbb0e5b62ad
      x-for-trace-id:
      - dacdb494987e6620d6e8c39e130a3222
    status:
      code: 200
      message: OK
- request:
    body: '{}'
    headers:
      Accept:
      - '*/*'
      Accept-Encoding:
      - gzip, deflate
      Connection:
      - keep-alive
      Content-Length:
      - '2'
      Content-Type:
      - application/json
      User-Agent:
      - python-requests/2.32.3
    method: POST
    uri: https://firefox-ci-tc.services.mozilla.com/api/index/v1/namespaces/gecko.v2.mozilla-esr128.pushdate.2024.11.06
  response:
    body:
      string: "{\n  \"namespaces\": [\n    {\n      \"namespace\": \"gecko.v2.mozilla-esr128.pushdate.2024.11.06.20241106165510\",\n
        \     \"name\": \"20241106165510\",\n      \"expires\": \"2025-11-08T00:00:00.000Z\"\n
        \   },\n    {\n      \"namespace\": \"gecko.v2.mozilla-esr128.pushdate.2024.11.06.latest\",\n
        \     \"name\": \"latest\",\n      \"expires\": \"2025-11-08T00:00:00.000Z\"\n
        \   }\n  ]\n}"
    headers:
      Access-Control-Allow-Headers:
      - X-Requested-With,Content-Type,Authorization,Accept,Origin,Cache-Control
      Access-Control-Allow-Methods:
      - OPTIONS,GET,HEAD,POST,PUT,DELETE,TRACE,CONNECT
      Access-Control-Allow-Origin:
      - '*'
      Access-Control-Max-Age:
      - '900'
      Access-Control-Request-Method:
      - '*'
      Alt-Svc:
      - clear
      Cache-Control:
      - no-store no-cache must-revalidate
      Content-Length:
      - '348'
      Content-Security-Policy:
      - report-uri /__cspreport__;default-src 'none';frame-ancestors 'none';
      Content-Type:
      - application/json; charset=utf-8
      Date:
      - Wed, 06 Nov 2024 20:52:51 GMT
      ETag:
      - W/"15c-pJsbEkGrt0lzG6U/uAT/A5eTSCE"
      Server:
      - openresty
      Strict-Transport-Security:
      - max-age=31536000
      Via:
      - 1.1 google
      x-content-type-options:
      - nosniff
      x-for-request-id:
      - 1d4f50a5-dd19-432e-95b9-6e39a86c51f3
      x-for-trace-id:
      - 437955ecb135801470b7b8bd7c7a2105
    status:
      code: 200
      message: OK
- request:
    body: null
    headers:
      Accept:
      - '*/*'
      Accept-Encoding:
      - gzip, deflate
      Connection:
      - keep-alive
      User-Agent:
      - python-requests/2.32.3
    method: GET
    uri: https://firefox-ci-tc.services.mozilla.com/api/index/v1/task/gecko.v2.mozilla-esr128.shippable.2024.11.06.latest.firefox.macosx64-fuzzing-asan-opt
  response:
    body:
      string: "{\n  \"code\": \"ResourceNotFound\",\n  \"message\": \"Indexed task
        not found\\n\\n---\\n\\n* method:     findTask\\n* errorCode:  ResourceNotFound\\n*
        statusCode: 404\\n* time:       2024-11-06T20:52:51.264Z\",\n  \"requestInfo\":
        {\n    \"method\": \"findTask\",\n    \"params\": {\n      \"indexPath\":
        \"gecko.v2.mozilla-esr128.shippable.2024.11.06.latest.firefox.macosx64-fuzzing-asan-opt\"\n
        \   },\n    \"payload\": {},\n    \"time\": \"2024-11-06T20:52:51.264Z\"\n
        \ }\n}"
    headers:
      Access-Control-Allow-Headers:
      - X-Requested-With,Content-Type,Authorization,Accept,Origin,Cache-Control
      Access-Control-Allow-Methods:
      - OPTIONS,GET,HEAD,POST,PUT,DELETE,TRACE,CONNECT
      Access-Control-Allow-Origin:
      - '*'
      Access-Control-Max-Age:
      - '900'
      Access-Control-Request-Method:
      - '*'
      Alt-Svc:
      - clear
      Cache-Control:
      - no-store no-cache must-revalidate
      Content-Length:
      - '433'
      Content-Security-Policy:
      - report-uri /__cspreport__;default-src 'none';frame-ancestors 'none';
      Content-Type:
      - application/json; charset=utf-8
      Date:
      - Wed, 06 Nov 2024 20:52:51 GMT
      ETag:
      - W/"1b1-BFQzNE+y+4uLIDMdUpjvd00AphI"
      Server:
      - openresty
      Strict-Transport-Security:
      - max-age=31536000
      Via:
      - 1.1 google
      x-content-type-options:
      - nosniff
      x-for-request-id:
      - 6f868a44-9fc0-42bb-9316-f4ed8b969b0c
      x-for-trace-id:
      - 47ff9851f9baee71c0f1be8dec3ba0de
    status:
      code: 404
      message: Not Found
- request:
    body: null
    headers:
      Accept:
      - '*/*'
      Accept-Encoding:
      - gzip, deflate
      Connection:
      - keep-alive
      User-Agent:
      - python-requests/2.32.3
    method: GET
    uri: https://firefox-ci-tc.services.mozilla.com/api/index/v1/task/gecko.v2.mozilla-esr128.shippable.2024.11.06.latest.firefox.macosx64-fuzzing-asan
  response:
    body:
      string: "{\n  \"code\": \"ResourceNotFound\",\n  \"message\": \"Indexed task
        not found\\n\\n---\\n\\n* method:     findTask\\n* errorCode:  ResourceNotFound\\n*
        statusCode: 404\\n* time:       2024-11-06T20:52:51.404Z\",\n  \"requestInfo\":
        {\n    \"method\": \"findTask\",\n    \"params\": {\n      \"indexPath\":
        \"gecko.v2.mozilla-esr128.shippable.2024.11.06.latest.firefox.macosx64-fuzzing-asan\"\n
        \   },\n    \"payload\": {},\n    \"time\": \"2024-11-06T20:52:51.404Z\"\n
        \ }\n}"
    headers:
      Access-Control-Allow-Headers:
      - X-Requested-With,Content-Type,Authorization,Accept,Origin,Cache-Control
      Access-Control-Allow-Methods:
      - OPTIONS,GET,HEAD,POST,PUT,DELETE,TRACE,CONNECT
      Access-Control-Allow-Origin:
      - '*'
      Access-Control-Max-Age:
      - '900'
      Access-Control-Request-Method:
      - '*'
      Alt-Svc:
      - clear
      Cache-Control:
      - no-store no-cache must-revalidate
      Content-Length:
      - '429'
      Content-Security-Policy:
      - report-uri /__cspreport__;default-src 'none';frame-ancestors 'none';
      Content-Type:
      - application/json; charset=utf-8
      Date:
      - Wed, 06 Nov 2024 20:52:51 GMT
      ETag:
      - W/"1ad-5Ld2NFcXpsl5V/MNOECdh9Y927Y"
      Server:
      - openresty
      Strict-Transport-Security:
      - max-age=31536000
      Via:
      - 1.1 google
      x-content-type-options:
      - nosniff
      x-for-request-id:
      - 53a76e86-fff3-4f1b-8119-12e29958a217
      x-for-trace-id:
      - 910899e583ab53b80af7dd0229f1fda0
    status:
      code: 404
      message: Not Found
- request:
    body: null
    headers:
      Accept:
      - '*/*'
      Accept-Encoding:
      - gzip, deflate
      Connection:
      - keep-alive
      User-Agent:
      - python-requests/2.32.3
    method: GET
    uri: https://firefox-ci-tc.services.mozilla.com/api/index/v1/task/gecko.v2.mozilla-esr128.shippable.2024.11.06.latest.firefox.sm-macosx64-fuzzing-asan-opt
  response:
    body:
      string: "{\n  \"code\": \"ResourceNotFound\",\n  \"message\": \"Indexed task
        not found\\n\\n---\\n\\n* method:     findTask\\n* errorCode:  ResourceNotFound\\n*
        statusCode: 404\\n* time:       2024-11-06T20:52:51.549Z\",\n  \"requestInfo\":
        {\n    \"method\": \"findTask\",\n    \"params\": {\n      \"indexPath\":
        \"gecko.v2.mozilla-esr128.shippable.2024.11.06.latest.firefox.sm-macosx64-fuzzing-asan-opt\"\n
        \   },\n    \"payload\": {},\n    \"time\": \"2024-11-06T20:52:51.549Z\"\n
        \ }\n}"
    headers:
      Access-Control-Allow-Headers:
      - X-Requested-With,Content-Type,Authorization,Accept,Origin,Cache-Control
      Access-Control-Allow-Methods:
      - OPTIONS,GET,HEAD,POST,PUT,DELETE,TRACE,CONNECT
      Access-Control-Allow-Origin:
      - '*'
      Access-Control-Max-Age:
      - '900'
      Access-Control-Request-Method:
      - '*'
      Alt-Svc:
      - clear
      Cache-Control:
      - no-store no-cache must-revalidate
      Content-Length:
      - '436'
      Content-Security-Policy:
      - report-uri /__cspreport__;default-src 'none';frame-ancestors 'none';
      Content-Type:
      - application/json; charset=utf-8
      Date:
      - Wed, 06 Nov 2024 20:52:51 GMT
      ETag:
      - W/"1b4-ID0t8Ctbf8rYm4cIs/lW9egAxzw"
      Server:
      - openresty
      Strict-Transport-Security:
      - max-age=31536000
      Via:
      - 1.1 google
      x-content-type-options:
      - nosniff
      x-for-request-id:
      - a316120a-2483-4e7e-ac8e-7a54192f7f55
      x-for-trace-id:
      - 2a5b6b3d7c308864daae5d18567ef670
    status:
      code: 404
      message: Not Found
- request:
    body: null
    headers:
      Accept:
      - '*/*'
      Accept-Encoding:
      - gzip, deflate
      Connection:
      - keep-alive
      User-Agent:
      - python-requests/2.32.3
    method: GET
    uri: https://firefox-ci-tc.services.mozilla.com/api/index/v1/task/gecko.v2.mozilla-esr128.shippable.2024.11.06.latest.firefox.sm-macosx64-fuzzing-asan
  response:
    body:
      string: "{\n  \"code\": \"ResourceNotFound\",\n  \"message\": \"Indexed task
        not found\\n\\n---\\n\\n* method:     findTask\\n* errorCode:  ResourceNotFound\\n*
        statusCode: 404\\n* time:       2024-11-06T20:52:51.699Z\",\n  \"requestInfo\":
        {\n    \"method\": \"findTask\",\n    \"params\": {\n      \"indexPath\":
        \"gecko.v2.mozilla-esr128.shippable.2024.11.06.latest.firefox.sm-macosx64-fuzzing-asan\"\n
        \   },\n    \"payload\": {},\n    \"time\": \"2024-11-06T20:52:51.699Z\"\n
        \ }\n}"
    headers:
      Access-Control-Allow-Headers:
      - X-Requested-With,Content-Type,Authorization,Accept,Origin,Cache-Control
      Access-Control-Allow-Methods:
      - OPTIONS,GET,HEAD,POST,PUT,DELETE,TRACE,CONNECT
      Access-Control-Allow-Origin:
      - '*'
      Access-Control-Max-Age:
      - '900'
      Access-Control-Request-Method:
      - '*'
      Alt-Svc:
      - clear
      Cache-Control:
      - no-store no-cache must-revalidate
      Content-Length:
      - '432'
      Content-Security-Policy:
      - report-uri /__cspreport__;default-src 'none';frame-ancestors 'none';
      Content-Type:
      - application/json; charset=utf-8
      Date:
      - Wed, 06 Nov 2024 20:52:51 GMT
      ETag:
      - W/"1b0-W8IW57CvV49xPsKP5ilCQe07q8A"
      Server:
      - openresty
      Strict-Transport-Security:
      - max-age=31536000
      Via:
      - 1.1 google
      x-content-type-options:
      - nosniff
      x-for-request-id:
      - 799a2f08-2090-40e9-9800-ba1d32a2bc0f
      x-for-trace-id:
      - f95d556e74fece68bf40d2e1953ff7de
    status:
      code: 404
      message: Not Found
- request:
    body: null
    headers:
      Accept:
      - '*/*'
      Accept-Encoding:
      - gzip, deflate
      Connection:
      - keep-alive
      User-Agent:
      - python-requests/2.32.3
    method: GET
    uri: https://firefox-ci-tc.services.mozilla.com/api/index/v1/task/gecko.v2.mozilla-esr128.shippable.2024.11.06.revision.firefox.macosx64-fuzzing-asan-opt
  response:
    body:
      string: "{\n  \"code\": \"ResourceNotFound\",\n  \"message\": \"Indexed task
        not found\\n\\n---\\n\\n* method:     findTask\\n* errorCode:  ResourceNotFound\\n*
        statusCode: 404\\n* time:       2024-11-06T20:52:51.857Z\",\n  \"requestInfo\":
        {\n    \"method\": \"findTask\",\n    \"params\": {\n      \"indexPath\":
        \"gecko.v2.mozilla-esr128.shippable.2024.11.06.revision.firefox.macosx64-fuzzing-asan-opt\"\n
        \   },\n    \"payload\": {},\n    \"time\": \"2024-11-06T20:52:51.857Z\"\n
        \ }\n}"
    headers:
      Access-Control-Allow-Headers:
      - X-Requested-With,Content-Type,Authorization,Accept,Origin,Cache-Control
      Access-Control-Allow-Methods:
      - OPTIONS,GET,HEAD,POST,PUT,DELETE,TRACE,CONNECT
      Access-Control-Allow-Origin:
      - '*'
      Access-Control-Max-Age:
      - '900'
      Access-Control-Request-Method:
      - '*'
      Alt-Svc:
      - clear
      Cache-Control:
      - no-store no-cache must-revalidate
      Content-Length:
      - '435'
      Content-Security-Policy:
      - report-uri /__cspreport__;default-src 'none';frame-ancestors 'none';
      Content-Type:
      - application/json; charset=utf-8
      Date:
      - Wed, 06 Nov 2024 20:52:51 GMT
      ETag:
      - W/"1b3-zEw1lJgcghQwWIigBOQJR0zSO04"
      Server:
      - openresty
      Strict-Transport-Security:
      - max-age=31536000
      Via:
      - 1.1 google
      x-content-type-options:
      - nosniff
      x-for-request-id:
      - 13918636-05d9-488f-be51-3d9d2518c73f
      x-for-trace-id:
      - aa7cfcafa403ddc9e58c86c1374539fe
    status:
      code: 404
      message: Not Found
- request:
    body: null
    headers:
      Accept:
      - '*/*'
      Accept-Encoding:
      - gzip, deflate
      Connection:
      - keep-alive
      User-Agent:
      - python-requests/2.32.3
    method: GET
    uri: https://firefox-ci-tc.services.mozilla.com/api/index/v1/task/gecko.v2.mozilla-esr128.shippable.2024.11.06.revision.firefox.macosx64-fuzzing-asan
  response:
    body:
      string: "{\n  \"code\": \"ResourceNotFound\",\n  \"message\": \"Indexed task
        not found\\n\\n---\\n\\n* method:     findTask\\n* errorCode:  ResourceNotFound\\n*
        statusCode: 404\\n* time:       2024-11-06T20:52:51.994Z\",\n  \"requestInfo\":
        {\n    \"method\": \"findTask\",\n    \"params\": {\n      \"indexPath\":
        \"gecko.v2.mozilla-esr128.shippable.2024.11.06.revision.firefox.macosx64-fuzzing-asan\"\n
        \   },\n    \"payload\": {},\n    \"time\": \"2024-11-06T20:52:51.994Z\"\n
        \ }\n}"
    headers:
      Access-Control-Allow-Headers:
      - X-Requested-With,Content-Type,Authorization,Accept,Origin,Cache-Control
      Access-Control-Allow-Methods:
      - OPTIONS,GET,HEAD,POST,PUT,DELETE,TRACE,CONNECT
      Access-Control-Allow-Origin:
      - '*'
      Access-Control-Max-Age:
      - '900'
      Access-Control-Request-Method:
      - '*'
      Alt-Svc:
      - clear
      Cache-Control:
      - no-store no-cache must-revalidate
      Content-Length:
      - '431'
      Content-Security-Policy:
      - report-uri /__cspreport__;default-src 'none';frame-ancestors 'none';
      Content-Type:
      - application/json; charset=utf-8
      Date:
      - Wed, 06 Nov 2024 20:52:51 GMT
      ETag:
      - W/"1af-PEGjcSwG/cUXUocL1lMZLuLpQ3U"
      Server:
      - openresty
      Strict-Transport-Security:
      - max-age=31536000
      Via:
      - 1.1 google
      x-content-type-options:
      - nosniff
      x-for-request-id:
      - 5d148a80-61de-48bd-bc24-b8cb7f92961e
      x-for-trace-id:
      - 752a08252e6de12ff1026f119b890c60
    status:
      code: 404
      message: Not Found
- request:
    body: null
    headers:
      Accept:
      - '*/*'
      Accept-Encoding:
      - gzip, deflate
      Connection:
      - keep-alive
      User-Agent:
      - python-requests/2.32.3
    method: GET
    uri: https://firefox-ci-tc.services.mozilla.com/api/index/v1/task/gecko.v2.mozilla-esr128.shippable.2024.11.06.revision.firefox.sm-macosx64-fuzzing-asan-opt
  response:
    body:
      string: "{\n  \"code\": \"ResourceNotFound\",\n  \"message\": \"Indexed task
        not found\\n\\n---\\n\\n* method:     findTask\\n* errorCode:  ResourceNotFound\\n*
        statusCode: 404\\n* time:       2024-11-06T20:52:52.163Z\",\n  \"requestInfo\":
        {\n    \"method\": \"findTask\",\n    \"params\": {\n      \"indexPath\":
        \"gecko.v2.mozilla-esr128.shippable.2024.11.06.revision.firefox.sm-macosx64-fuzzing-asan-opt\"\n
        \   },\n    \"payload\": {},\n    \"time\": \"2024-11-06T20:52:52.163Z\"\n
        \ }\n}"
    headers:
      Access-Control-Allow-Headers:
      - X-Requested-With,Content-Type,Authorization,Accept,Origin,Cache-Control
      Access-Control-Allow-Methods:
      - OPTIONS,GET,HEAD,POST,PUT,DELETE,TRACE,CONNECT
      Access-Control-Allow-Origin:
      - '*'
      Access-Control-Max-Age:
      - '900'
      Access-Control-Request-Method:
      - '*'
      Alt-Svc:
      - clear
      Cache-Control:
      - no-store no-cache must-revalidate
      Content-Length:
      - '438'
      Content-Security-Policy:
      - report-uri /__cspreport__;default-src 'none';frame-ancestors 'none';
      Content-Type:
      - application/json; charset=utf-8
      Date:
      - Wed, 06 Nov 2024 20:52:52 GMT
      ETag:
      - W/"1b6-jI5sWIqy7vamVZ6QjzW0WRf19oE"
      Server:
      - openresty
      Strict-Transport-Security:
      - max-age=31536000
      Via:
      - 1.1 google
      x-content-type-options:
      - nosniff
      x-for-request-id:
      - 0ba818ab-962c-47fc-9cf0-f25417413681
      x-for-trace-id:
      - 80e2cf4a68c33d86cf6b131df5897d5e
    status:
      code: 404
      message: Not Found
- request:
    body: null
    headers:
      Accept:
      - '*/*'
      Accept-Encoding:
      - gzip, deflate
      Connection:
      - keep-alive
      User-Agent:
      - python-requests/2.32.3
    method: GET
    uri: https://firefox-ci-tc.services.mozilla.com/api/index/v1/task/gecko.v2.mozilla-esr128.shippable.2024.11.06.revision.firefox.sm-macosx64-fuzzing-asan
  response:
    body:
      string: "{\n  \"code\": \"ResourceNotFound\",\n  \"message\": \"Indexed task
        not found\\n\\n---\\n\\n* method:     findTask\\n* errorCode:  ResourceNotFound\\n*
        statusCode: 404\\n* time:       2024-11-06T20:52:52.401Z\",\n  \"requestInfo\":
        {\n    \"method\": \"findTask\",\n    \"params\": {\n      \"indexPath\":
        \"gecko.v2.mozilla-esr128.shippable.2024.11.06.revision.firefox.sm-macosx64-fuzzing-asan\"\n
        \   },\n    \"payload\": {},\n    \"time\": \"2024-11-06T20:52:52.401Z\"\n
        \ }\n}"
    headers:
      Access-Control-Allow-Headers:
      - X-Requested-With,Content-Type,Authorization,Accept,Origin,Cache-Control
      Access-Control-Allow-Methods:
      - OPTIONS,GET,HEAD,POST,PUT,DELETE,TRACE,CONNECT
      Access-Control-Allow-Origin:
      - '*'
      Access-Control-Max-Age:
      - '900'
      Access-Control-Request-Method:
      - '*'
      Alt-Svc:
      - clear
      Cache-Control:
      - no-store no-cache must-revalidate
      Content-Length:
      - '434'
      Content-Security-Policy:
      - report-uri /__cspreport__;default-src 'none';frame-ancestors 'none';
      Content-Type:
      - application/json; charset=utf-8
      Date:
      - Wed, 06 Nov 2024 20:52:52 GMT
      ETag:
      - W/"1b2-sk15PrxEfi1/GClVSZczHQynuDU"
      Server:
      - openresty
      Strict-Transport-Security:
      - max-age=31536000
      Via:
      - 1.1 google
      x-content-type-options:
      - nosniff
      x-for-request-id:
      - d6d5d341-9f6c-4749-90d3-7799aaa480a6
      x-for-trace-id:
      - 6a69593507d5d8e9e20b37c10f64ce7d
    status:
      code: 404
      message: Not Found
- request:
    body: null
    headers:
      Accept:
      - '*/*'
      Accept-Encoding:
      - gzip, deflate
      Connection:
      - keep-alive
      User-Agent:
      - python-requests/2.32.3
    method: GET
    uri: https://firefox-ci-tc.services.mozilla.com/api/index/v1/task/gecko.v2.mozilla-esr128.pushdate.2024.11.06.20241106165510.firefox.macosx64-fuzzing-asan-opt
  response:
    body:
      string: "{\n  \"namespace\": \"gecko.v2.mozilla-esr128.pushdate.2024.11.06.20241106165510.firefox.macosx64-fuzzing-asan-opt\",\n
        \ \"taskId\": \"WUkTKwksT8ift2yWpWKUow\",\n  \"rank\": 1730912110,\n  \"data\":
        {},\n  \"expires\": \"2025-11-06T16:58:18.416Z\"\n}"
    headers:
      Access-Control-Allow-Headers:
      - X-Requested-With,Content-Type,Authorization,Accept,Origin,Cache-Control
      Access-Control-Allow-Methods:
      - OPTIONS,GET,HEAD,POST,PUT,DELETE,TRACE,CONNECT
      Access-Control-Allow-Origin:
      - '*'
      Access-Control-Max-Age:
      - '900'
      Access-Control-Request-Method:
      - '*'
      Alt-Svc:
      - clear
      Cache-Control:
      - no-store no-cache must-revalidate
      Content-Length:
      - '228'
      Content-Security-Policy:
      - report-uri /__cspreport__;default-src 'none';frame-ancestors 'none';
      Content-Type:
      - application/json; charset=utf-8
      Date:
      - Wed, 06 Nov 2024 20:52:52 GMT
      ETag:
      - W/"e4-0Z3X3o/T9WCTKNh4tCS9hFG8i64"
      Server:
      - openresty
      Strict-Transport-Security:
      - max-age=31536000
      Via:
      - 1.1 google
      x-content-type-options:
      - nosniff
      x-for-request-id:
      - 7cb938a6-34a5-41fa-a001-b3e12ad2620d
      x-for-trace-id:
      - edda25b8f402192463d3b1810c868a66
    status:
      code: 200
      message: OK
- request:
    body: null
    headers:
      Accept:
      - '*/*'
      Accept-Encoding:
      - gzip, deflate
      Connection:
      - keep-alive
      User-Agent:
      - python-requests/2.32.3
    method: GET
    uri: https://firefox-ci-tc.services.mozilla.com/api/index/v1/task/gecko.v2.mozilla-esr128.revision.349c8f8310226a7271ad30d283dfd6898f4f6eba.firefox.macosx64-fuzzing-asan-opt
  response:
    body:
      string: "{\n  \"namespace\": \"gecko.v2.mozilla-esr128.revision.349c8f8310226a7271ad30d283dfd6898f4f6eba.firefox.macosx64-fuzzing-asan-opt\",\n
        \ \"taskId\": \"WUkTKwksT8ift2yWpWKUow\",\n  \"rank\": 1730912110,\n  \"data\":
        {},\n  \"expires\": \"2025-11-06T16:58:18.416Z\"\n}"
    headers:
      Access-Control-Allow-Headers:
      - X-Requested-With,Content-Type,Authorization,Accept,Origin,Cache-Control
      Access-Control-Allow-Methods:
      - OPTIONS,GET,HEAD,POST,PUT,DELETE,TRACE,CONNECT
      Access-Control-Allow-Origin:
      - '*'
      Access-Control-Max-Age:
      - '900'
      Access-Control-Request-Method:
      - '*'
      Alt-Svc:
      - clear
      Cache-Control:
      - no-store no-cache must-revalidate
      Content-Length:
      - '243'
      Content-Security-Policy:
      - report-uri /__cspreport__;default-src 'none';frame-ancestors 'none';
      Content-Type:
      - application/json; charset=utf-8
      Date:
      - Wed, 06 Nov 2024 20:52:52 GMT
      ETag:
      - W/"f3-BQgsLWdd70eCu7CbMbmFoWdcq0g"
      Server:
      - openresty
      Strict-Transport-Security:
      - max-age=31536000
      Via:
      - 1.1 google
      x-content-type-options:
      - nosniff
      x-for-request-id:
      - cb201d1c-5065-4ada-93c0-0f59d800a9b2
      x-for-trace-id:
      - 830cec60e69ff19c28f46130db9692bd
    status:
      code: 200
      message: OK
version: 1
