interactions:
- request:
    body: null
    headers:
      Accept:
      - '*/*'
      Accept-Encoding:
      - gzip, deflate
      Connection:
      - keep-alive
      User-Agent:
      - python-requests/2.32.3
    method: GET
    uri: https://firefox-ci-tc.services.mozilla.com/api/index/v1/task/gecko.v2.try.latest.firefox.linux-opt
  response:
    body:
      string: "{\n  \"namespace\": \"gecko.v2.try.latest.firefox.linux-opt\",\n  \"taskId\":
        \"T5XWArqtT5yY2v6u6W1goQ\",\n  \"rank\": 1730723285,\n  \"data\": {},\n  \"expires\":
        \"2024-12-02T15:08:27.688Z\"\n}"
    headers:
      Access-Control-Allow-Headers:
      - X-Requested-With,Content-Type,Authorization,Accept,Origin,Cache-Control
      Access-Control-Allow-Methods:
      - OPTIONS,GET,HEAD,POST,PUT,DELETE,TRACE,CONNECT
      Access-Control-Allow-Origin:
      - '*'
      Access-Control-Max-Age:
      - '900'
      Access-Control-Request-Method:
      - '*'
      Alt-Svc:
      - clear
      Cache-Control:
      - no-store no-cache must-revalidate
      Content-Length:
      - '173'
      Content-Security-Policy:
      - report-uri /__cspreport__;default-src 'none';frame-ancestors 'none';
      Content-Type:
      - application/json; charset=utf-8
      Date:
      - Wed, 06 Nov 2024 20:17:10 GMT
      ETag:
      - W/"ad-xuLE5L0L4Bv24qu9QqmSrlsKcI8"
      Server:
      - openresty
      Strict-Transport-Security:
      - max-age=31536000
      Via:
      - 1.1 google
      x-content-type-options:
      - nosniff
      x-for-request-id:
      - 82e5b339-e304-4c4e-a258-f6d3e2ddd670
      x-for-trace-id:
      - 3905323d5a0a1915d5cb6af08e36acc3
    status:
      code: 200
      message: OK
- request:
    body: null
    headers:
      Accept:
      - '*/*'
      Accept-Encoding:
      - gzip, deflate
      Connection:
      - keep-alive
      User-Agent:
      - python-requests/2.32.3
    method: GET
    uri: https://firefox-ci-tc.services.mozilla.com/api/queue/v1/task/T5XWArqtT5yY2v6u6W1goQ/artifacts
  response:
    body:
      string: "{\n  \"artifacts\": [\n    {\n      \"storageType\": \"s3\",\n      \"name\":
        \"public/build/buildhub.json\",\n      \"expires\": \"2024-12-02T15:08:27.688Z\",\n
        \     \"contentType\": \"application/json\"\n    },\n    {\n      \"storageType\":
        \"s3\",\n      \"name\": \"public/build/config.status\",\n      \"expires\":
        \"2024-12-02T15:08:27.688Z\",\n      \"contentType\": \"application/octet-stream\"\n
        \   },\n    {\n      \"storageType\": \"s3\",\n      \"name\": \"public/build/host/bin/mar\",\n
        \     \"expires\": \"2024-12-02T15:08:27.688Z\",\n      \"contentType\": \"application/octet-stream\"\n
        \   },\n    {\n      \"storageType\": \"s3\",\n      \"name\": \"public/build/host/bin/mbsdiff\",\n
        \     \"expires\": \"2024-12-02T15:08:27.688Z\",\n      \"contentType\": \"application/octet-stream\"\n
        \   },\n    {\n      \"storageType\": \"s3\",\n      \"name\": \"public/build/mozharness.zip\",\n
        \     \"expires\": \"2024-12-02T15:08:27.688Z\",\n      \"contentType\": \"application/zip\"\n
        \   },\n    {\n      \"storageType\": \"s3\",\n      \"name\": \"public/build/profile_build_resources.json\",\n
        \     \"expires\": \"2024-12-02T15:08:27.688Z\",\n      \"contentType\": \"application/json\"\n
        \   },\n    {\n      \"storageType\": \"s3\",\n      \"name\": \"public/build/target.awsy.tests.tar.gz\",\n
        \     \"expires\": \"2024-12-02T15:08:27.688Z\",\n      \"contentType\": \"application/gzip\"\n
        \   },\n    {\n      \"storageType\": \"s3\",\n      \"name\": \"public/build/target.checksums\",\n
        \     \"expires\": \"2024-12-02T15:08:27.688Z\",\n      \"contentType\": \"application/octet-stream\"\n
        \   },\n    {\n      \"storageType\": \"s3\",\n      \"name\": \"public/build/target.common.tests.tar.gz\",\n
        \     \"expires\": \"2024-12-02T15:08:27.688Z\",\n      \"contentType\": \"application/gzip\"\n
        \   },\n    {\n      \"storageType\": \"s3\",\n      \"name\": \"public/build/target.condprof.tests.tar.gz\",\n
        \     \"expires\": \"2024-12-02T15:08:27.688Z\",\n      \"contentType\": \"application/gzip\"\n
        \   },\n    {\n      \"storageType\": \"s3\",\n      \"name\": \"public/build/target.cppunittest.tests.tar.gz\",\n
        \     \"expires\": \"2024-12-02T15:08:27.688Z\",\n      \"contentType\": \"application/gzip\"\n
        \   },\n    {\n      \"storageType\": \"s3\",\n      \"name\": \"public/build/target.crashreporter-symbols.zip\",\n
        \     \"expires\": \"2024-12-02T15:08:27.688Z\",\n      \"contentType\": \"application/zip\"\n
        \   },\n    {\n      \"storageType\": \"s3\",\n      \"name\": \"public/build/target.fuzztest.tests.tar.gz\",\n
        \     \"expires\": \"2024-12-02T15:08:27.688Z\",\n      \"contentType\": \"application/gzip\"\n
        \   },\n    {\n      \"storageType\": \"s3\",\n      \"name\": \"public/build/target.generated-files.tar.gz\",\n
        \     \"expires\": \"2024-12-02T15:08:27.688Z\",\n      \"contentType\": \"application/gzip\"\n
        \   },\n    {\n      \"storageType\": \"s3\",\n      \"name\": \"public/build/target.gtest.tests.tar.gz\",\n
        \     \"expires\": \"2024-12-02T15:08:27.688Z\",\n      \"contentType\": \"application/gzip\"\n
        \   },\n    {\n      \"storageType\": \"s3\",\n      \"name\": \"public/build/target_info.txt\",\n
        \     \"expires\": \"2024-12-02T15:08:27.688Z\",\n      \"contentType\": \"text/plain\"\n
        \   },\n    {\n      \"storageType\": \"s3\",\n      \"name\": \"public/build/target.jittest.tests.tar.gz\",\n
        \     \"expires\": \"2024-12-02T15:08:27.688Z\",\n      \"contentType\": \"application/gzip\"\n
        \   },\n    {\n      \"storageType\": \"s3\",\n      \"name\": \"public/build/target.json\",\n
        \     \"expires\": \"2024-12-02T15:08:27.688Z\",\n      \"contentType\": \"application/json\"\n
        \   },\n    {\n      \"storageType\": \"s3\",\n      \"name\": \"public/build/target.jsreftest.tests.tar.gz\",\n
        \     \"expires\": \"2024-12-02T15:08:27.688Z\",\n      \"contentType\": \"application/gzip\"\n
        \   },\n    {\n      \"storageType\": \"s3\",\n      \"name\": \"public/build/target.jsshell.zip\",\n
        \     \"expires\": \"2024-12-02T15:08:27.688Z\",\n      \"contentType\": \"application/zip\"\n
        \   },\n    {\n      \"storageType\": \"s3\",\n      \"name\": \"public/build/target.langpack.xpi\",\n
        \     \"expires\": \"2024-12-02T15:08:27.688Z\",\n      \"contentType\": \"application/x-xpinstall\"\n
        \   },\n    {\n      \"storageType\": \"s3\",\n      \"name\": \"public/build/target.mochitest.tests.tar.gz\",\n
        \     \"expires\": \"2024-12-02T15:08:27.688Z\",\n      \"contentType\": \"application/gzip\"\n
        \   },\n    {\n      \"storageType\": \"s3\",\n      \"name\": \"public/build/target.mozinfo.json\",\n
        \     \"expires\": \"2024-12-02T15:08:27.688Z\",\n      \"contentType\": \"application/json\"\n
        \   },\n    {\n      \"storageType\": \"s3\",\n      \"name\": \"public/build/target.perftests.tests.tar.gz\",\n
        \     \"expires\": \"2024-12-02T15:08:27.688Z\",\n      \"contentType\": \"application/gzip\"\n
        \   },\n    {\n      \"storageType\": \"s3\",\n      \"name\": \"public/build/target.raptor.tests.tar.gz\",\n
        \     \"expires\": \"2024-12-02T15:08:27.688Z\",\n      \"contentType\": \"application/gzip\"\n
        \   },\n    {\n      \"storageType\": \"s3\",\n      \"name\": \"public/build/target.reftest.tests.tar.gz\",\n
        \     \"expires\": \"2024-12-02T15:08:27.688Z\",\n      \"contentType\": \"application/gzip\"\n
        \   },\n    {\n      \"storageType\": \"s3\",\n      \"name\": \"public/build/target.talos.tests.tar.gz\",\n
        \     \"expires\": \"2024-12-02T15:08:27.688Z\",\n      \"contentType\": \"application/gzip\"\n
        \   },\n    {\n      \"storageType\": \"s3\",\n      \"name\": \"public/build/target.tar.bz2\",\n
        \     \"expires\": \"2024-12-02T15:08:27.688Z\",\n      \"contentType\": \"application/x-bzip2\"\n
        \   },\n    {\n      \"storageType\": \"s3\",\n      \"name\": \"public/build/target.test_packages.json\",\n
        \     \"expires\": \"2024-12-02T15:08:27.688Z\",\n      \"contentType\": \"application/json\"\n
        \   },\n    {\n      \"storageType\": \"s3\",\n      \"name\": \"public/build/target.txt\",\n
        \     \"expires\": \"2024-12-02T15:08:27.688Z\",\n      \"contentType\": \"text/plain\"\n
        \   },\n    {\n      \"storageType\": \"s3\",\n      \"name\": \"public/build/target.updater-dep.tests.tar.gz\",\n
        \     \"expires\": \"2024-12-02T15:08:27.688Z\",\n      \"contentType\": \"application/gzip\"\n
        \   },\n    {\n      \"storageType\": \"s3\",\n      \"name\": \"public/build/target.web-platform.tests.tar.gz\",\n
        \     \"expires\": \"2024-12-02T15:08:27.688Z\",\n      \"contentType\": \"application/gzip\"\n
        \   },\n    {\n      \"storageType\": \"s3\",\n      \"name\": \"public/build/target.xpcshell.tests.tar.gz\",\n
        \     \"expires\": \"2024-12-02T15:08:27.688Z\",\n      \"contentType\": \"application/gzip\"\n
        \   },\n    {\n      \"storageType\": \"s3\",\n      \"name\": \"public/build/target.xpt_artifacts.zip\",\n
        \     \"expires\": \"2024-12-02T15:08:27.688Z\",\n      \"contentType\": \"application/zip\"\n
        \   },\n    {\n      \"storageType\": \"s3\",\n      \"name\": \"public/chain-of-trust.json\",\n
        \     \"expires\": \"2024-12-02T15:08:27.688Z\",\n      \"contentType\": \"text/plain\"\n
        \   },\n    {\n      \"storageType\": \"s3\",\n      \"name\": \"public/chain-of-trust.json.sig\",\n
        \     \"expires\": \"2024-12-02T15:08:27.688Z\",\n      \"contentType\": \"application/octet-stream\"\n
        \   },\n    {\n      \"storageType\": \"s3\",\n      \"name\": \"public/cidata/sccache.log\",\n
        \     \"expires\": \"2024-11-11T15:08:27.688Z\",\n      \"contentType\": \"text/plain\"\n
        \   },\n    {\n      \"storageType\": \"s3\",\n      \"name\": \"public/cidata/sccache-stats.json\",\n
        \     \"expires\": \"2024-11-11T15:08:27.688Z\",\n      \"contentType\": \"application/json\"\n
        \   },\n    {\n      \"storageType\": \"s3\",\n      \"name\": \"public/cidata/target.crashreporter-symbols-full.tar.zst\",\n
        \     \"expires\": \"2024-11-11T15:08:27.688Z\",\n      \"contentType\": \"application/octet-stream\"\n
        \   },\n    {\n      \"storageType\": \"s3\",\n      \"name\": \"public/logs/certified.log\",\n
        \     \"expires\": \"2024-12-02T15:08:27.688Z\",\n      \"contentType\": \"text/plain\"\n
        \   },\n    {\n      \"storageType\": \"s3\",\n      \"name\": \"public/logs/live_backing.log\",\n
        \     \"expires\": \"2024-12-02T15:08:27.688Z\",\n      \"contentType\": \"text/plain;
        charset=utf-8\"\n    },\n    {\n      \"storageType\": \"reference\",\n      \"name\":
        \"public/logs/live.log\",\n      \"expires\": \"2024-12-02T15:08:27.688Z\",\n
        \     \"contentType\": \"text/plain; charset=utf-8\"\n    },\n    {\n      \"storageType\":
        \"s3\",\n      \"name\": \"public/logs/localconfig.json\",\n      \"expires\":
        \"2024-12-02T15:08:27.688Z\",\n      \"contentType\": \"application/json\"\n
        \   }\n  ]\n}"
    headers:
      Access-Control-Allow-Headers:
      - X-Requested-With,Content-Type,Authorization,Accept,Origin,Cache-Control
      Access-Control-Allow-Methods:
      - OPTIONS,GET,HEAD,POST,PUT,DELETE,TRACE,CONNECT
      Access-Control-Allow-Origin:
      - '*'
      Access-Control-Max-Age:
      - '900'
      Access-Control-Request-Method:
      - '*'
      Alt-Svc:
      - clear
      Cache-Control:
      - no-store no-cache must-revalidate
      Content-Encoding:
      - gzip
      Content-Security-Policy:
      - report-uri /__cspreport__;default-src 'none';frame-ancestors 'none';
      Content-Type:
      - application/json; charset=utf-8
      Date:
      - Wed, 06 Nov 2024 20:17:11 GMT
      ETag:
      - W/"1e19-qGrHRb+BjGw4khzBBa47myvJqGE"
      Server:
      - openresty
      Strict-Transport-Security:
      - max-age=31536000
      Vary:
      - Accept-Encoding
      Via:
      - 1.1 google
      x-content-type-options:
      - nosniff
      x-for-request-id:
      - 1b63392e-3d57-46a1-8765-1473c62c5b80
      x-for-trace-id:
      - de4a71b79336225c31c6369b89c68e18
    status:
      code: 200
      message: OK
- request:
    body: null
    headers:
      Accept:
      - '*/*'
      Accept-Encoding:
      - gzip, deflate
      Connection:
      - keep-alive
      User-Agent:
      - python-requests/2.32.3
    method: GET
    uri: https://firefox-ci-tc.services.mozilla.com/api/queue/v1/task/T5XWArqtT5yY2v6u6W1goQ/artifacts/public/build/target.json
  response:
    body:
      string: "{\n  \"storageType\": \"s3\",\n  \"url\": \"https://firefoxci.taskcluster-artifacts.net/T5XWArqtT5yY2v6u6W1goQ/0/public/build/target.json\"\n}"
    headers:
      Access-Control-Allow-Headers:
      - X-Requested-With,Content-Type,Authorization,Accept,Origin,Cache-Control
      Access-Control-Allow-Methods:
      - OPTIONS,GET,HEAD,POST,PUT,DELETE,TRACE,CONNECT
      Access-Control-Allow-Origin:
      - '*'
      Access-Control-Max-Age:
      - '900'
      Access-Control-Request-Method:
      - '*'
      Alt-Svc:
      - clear
      Cache-Control:
      - no-store no-cache must-revalidate
      Content-Length:
      - '131'
      Content-Security-Policy:
      - report-uri /__cspreport__;default-src 'none';frame-ancestors 'none';
      Content-Type:
      - application/json; charset=utf-8
      Date:
      - Wed, 06 Nov 2024 20:17:11 GMT
      ETag:
      - W/"83-FzrhKexKW8NDCvQuVc0kbLbDcxU"
      Server:
      - openresty
      Strict-Transport-Security:
      - max-age=31536000
      Via:
      - 1.1 google
      location:
      - https://firefoxci.taskcluster-artifacts.net/T5XWArqtT5yY2v6u6W1goQ/0/public/build/target.json
      x-content-type-options:
      - nosniff
      x-for-request-id:
      - cb1d4b3f-5ff9-4386-93c7-5e68fba39609
      x-for-trace-id:
      - 9047e470730bbb7106df293e1c367dc6
      x-taskcluster-artifact-storage-type:
      - s3
    status:
      code: 303
      message: See Other
- request:
    body: null
    headers:
      Accept:
      - '*/*'
      Accept-Encoding:
      - gzip, deflate
      Connection:
      - keep-alive
      User-Agent:
      - python-requests/2.32.3
    method: GET
    uri: https://firefoxci.taskcluster-artifacts.net/T5XWArqtT5yY2v6u6W1goQ/0/public/build/target.json
  response:
    body:
      string: "{\n  \"as\": \"/builds/worker/fetches/sccache/sccache /builds/worker/fetches/clang/bin/clang
        --sysroot /builds/worker/fetches/sysroot-i686-linux-gnu -std=gnu99 -m32\",\n
        \ \"buildid\": \"20241104122805\",\n  \"cc\": \"/builds/worker/fetches/sccache/sccache
        /builds/worker/fetches/clang/bin/clang --sysroot /builds/worker/fetches/sysroot-i686-linux-gnu
        -std=gnu99 -m32\",\n  \"cxx\": \"/builds/worker/fetches/sccache/sccache /builds/worker/fetches/clang/bin/clang++
        --sysroot /builds/worker/fetches/sysroot-i686-linux-gnu -m32\",\n  \"host\":
        \"x86_64-pc-linux-gnu\",\n  \"moz_app_id\": \"{ec8030f7-c20a-464f-9b0e-13a3a9e97384}\",\n
        \ \"moz_app_maxversion\": \"134.0a1\",\n  \"moz_app_name\": \"firefox\",\n
        \ \"moz_app_vendor\": \"Mozilla\",\n  \"moz_app_version\": \"134.0a1\",\n
        \ \"moz_pkg_platform\": \"linux-i686\",\n  \"moz_source_repo\": \"https://hg.mozilla.org/try\",\n
        \ \"moz_source_stamp\": \"ccec8d8d37c5472db3b4fe9968f7dfaf8176edf4\",\n  \"moz_update_channel\":
        \"default\",\n  \"target\": \"i686-pc-linux-gnu\"\n}\n"
    headers:
      Accept-Ranges:
      - bytes
      Access-Control-Allow-Origin:
      - '*'
      Access-Control-Expose-Headers:
      - '*'
      Age:
      - '14351'
      Alt-Svc:
      - clear
      Cache-Control:
      - public,max-age=604800
      Content-Encoding:
      - gzip
      Content-Length:
      - '371'
      Content-Type:
      - application/json
      Date:
      - Wed, 06 Nov 2024 16:18:00 GMT
      ETag:
      - '"5bbd84d7e72b63fa06c982a0914134f8"'
      Last-Modified:
      - Mon, 04 Nov 2024 15:54:33 GMT
      Server:
      - UploadServer
      Vary:
      - Accept-Encoding
      X-GUploader-UploadID:
      - AHmUCY3cW_1Yqomzq9iWrOH6P-9whDuy6Bz1_WqMX05Euvmkp8hRqdjXuJJlm0REiah2S15Zeq-RP0cUoA
      x-cache-status:
      - hit
      x-goog-generation:
      - '1730735673548981'
      x-goog-hash:
      - crc32c=eSPDPw==
      - md5=W72E1+crY/oGyYKgkUE0+A==
      x-goog-metageneration:
      - '1'
      x-goog-storage-class:
      - STANDARD
      x-goog-stored-content-encoding:
      - gzip
      x-goog-stored-content-length:
      - '371'
    status:
      code: 200
      message: OK
- request:
    body: '{}'
    headers:
      Accept:
      - '*/*'
      Accept-Encoding:
      - gzip, deflate
      Connection:
      - keep-alive
      Content-Length:
      - '2'
      Content-Type:
      - application/json
      User-Agent:
      - python-requests/2.32.3
    method: POST
    uri: https://firefox-ci-tc.services.mozilla.com/api/index/v1/namespaces/gecko.v2.try.shippable.2024.11.04
  response:
    body:
      string: "{\n  \"namespaces\": [\n    {\n      \"namespace\": \"gecko.v2.try.shippable.2024.11.04.latest\",\n
        \     \"name\": \"latest\",\n      \"expires\": \"2024-12-05T00:00:00.000Z\"\n
        \   },\n    {\n      \"namespace\": \"gecko.v2.try.shippable.2024.11.04.revision\",\n
        \     \"name\": \"revision\",\n      \"expires\": \"2024-12-06T00:00:00.000Z\"\n
        \   }\n  ]\n}"
    headers:
      Access-Control-Allow-Headers:
      - X-Requested-With,Content-Type,Authorization,Accept,Origin,Cache-Control
      Access-Control-Allow-Methods:
      - OPTIONS,GET,HEAD,POST,PUT,DELETE,TRACE,CONNECT
      Access-Control-Allow-Origin:
      - '*'
      Access-Control-Max-Age:
      - '900'
      Access-Control-Request-Method:
      - '*'
      Alt-Svc:
      - clear
      Cache-Control:
      - no-store no-cache must-revalidate
      Content-Length:
      - '316'
      Content-Security-Policy:
      - report-uri /__cspreport__;default-src 'none';frame-ancestors 'none';
      Content-Type:
      - application/json; charset=utf-8
      Date:
      - Wed, 06 Nov 2024 20:17:11 GMT
      ETag:
      - W/"13c-eHoNPuQ6x7zNdSR/jlAwa3pcsRo"
      Server:
      - openresty
      Strict-Transport-Security:
      - max-age=31536000
      Via:
      - 1.1 google
      x-content-type-options:
      - nosniff
      x-for-request-id:
      - 24206d5f-d683-4f76-b709-fdc9d6cb61c5
      x-for-trace-id:
      - fe74844d40b4742fe22f4930c2327a55
    status:
      code: 200
      message: OK
- request:
    body: '{}'
    headers:
      Accept:
      - '*/*'
      Accept-Encoding:
      - gzip, deflate
      Connection:
      - keep-alive
      Content-Length:
      - '2'
      Content-Type:
      - application/json
      User-Agent:
      - python-requests/2.32.3
    method: POST
    uri: https://firefox-ci-tc.services.mozilla.com/api/index/v1/namespaces/gecko.v2.try.pushdate.2024.11.04
  response:
    body:
      string: "{\n  \"namespaces\": [\n    {\n      \"namespace\": \"gecko.v2.try.pushdate.2024.11.04.20241104003959\",\n
        \     \"name\": \"20241104003959\",\n      \"expires\": \"2024-12-04T00:00:00.000Z\"\n
        \   },\n    {\n      \"namespace\": \"gecko.v2.try.pushdate.2024.11.04.20241104004146\",\n
        \     \"name\": \"20241104004146\",\n      \"expires\": \"2024-12-04T00:00:00.000Z\"\n
        \   },\n    {\n      \"namespace\": \"gecko.v2.try.pushdate.2024.11.04.20241104004642\",\n
        \     \"name\": \"20241104004642\",\n      \"expires\": \"2024-12-04T00:00:00.000Z\"\n
        \   },\n    {\n      \"namespace\": \"gecko.v2.try.pushdate.2024.11.04.20241104005500\",\n
        \     \"name\": \"20241104005500\",\n      \"expires\": \"2024-12-04T00:00:00.000Z\"\n
        \   },\n    {\n      \"namespace\": \"gecko.v2.try.pushdate.2024.11.04.20241104013236\",\n
        \     \"name\": \"20241104013236\",\n      \"expires\": \"2024-12-04T00:00:00.000Z\"\n
        \   },\n    {\n      \"namespace\": \"gecko.v2.try.pushdate.2024.11.04.20241104013700\",\n
        \     \"name\": \"20241104013700\",\n      \"expires\": \"2024-12-04T00:00:00.000Z\"\n
        \   },\n    {\n      \"namespace\": \"gecko.v2.try.pushdate.2024.11.04.20241104023732\",\n
        \     \"name\": \"20241104023732\",\n      \"expires\": \"2024-12-04T00:00:00.000Z\"\n
        \   },\n    {\n      \"namespace\": \"gecko.v2.try.pushdate.2024.11.04.20241104053501\",\n
        \     \"name\": \"20241104053501\",\n      \"expires\": \"2024-12-04T00:00:00.000Z\"\n
        \   },\n    {\n      \"namespace\": \"gecko.v2.try.pushdate.2024.11.04.20241104055823\",\n
        \     \"name\": \"20241104055823\",\n      \"expires\": \"2024-12-04T00:00:00.000Z\"\n
        \   },\n    {\n      \"namespace\": \"gecko.v2.try.pushdate.2024.11.04.20241104055937\",\n
        \     \"name\": \"20241104055937\",\n      \"expires\": \"2024-12-04T00:00:00.000Z\"\n
        \   },\n    {\n      \"namespace\": \"gecko.v2.try.pushdate.2024.11.04.20241104060656\",\n
        \     \"name\": \"20241104060656\",\n      \"expires\": \"2024-12-04T00:00:00.000Z\"\n
        \   },\n    {\n      \"namespace\": \"gecko.v2.try.pushdate.2024.11.04.20241104062836\",\n
        \     \"name\": \"20241104062836\",\n      \"expires\": \"2024-12-04T00:00:00.000Z\"\n
        \   },\n    {\n      \"namespace\": \"gecko.v2.try.pushdate.2024.11.04.20241104064637\",\n
        \     \"name\": \"20241104064637\",\n      \"expires\": \"2024-12-04T00:00:00.000Z\"\n
        \   },\n    {\n      \"namespace\": \"gecko.v2.try.pushdate.2024.11.04.20241104064817\",\n
        \     \"name\": \"20241104064817\",\n      \"expires\": \"2024-12-04T00:00:00.000Z\"\n
        \   },\n    {\n      \"namespace\": \"gecko.v2.try.pushdate.2024.11.04.20241104070332\",\n
        \     \"name\": \"20241104070332\",\n      \"expires\": \"2024-12-04T00:00:00.000Z\"\n
        \   },\n    {\n      \"namespace\": \"gecko.v2.try.pushdate.2024.11.04.20241104070652\",\n
        \     \"name\": \"20241104070652\",\n      \"expires\": \"2024-12-04T00:00:00.000Z\"\n
        \   },\n    {\n      \"namespace\": \"gecko.v2.try.pushdate.2024.11.04.20241104070718\",\n
        \     \"name\": \"20241104070718\",\n      \"expires\": \"2024-12-04T00:00:00.000Z\"\n
        \   },\n    {\n      \"namespace\": \"gecko.v2.try.pushdate.2024.11.04.20241104071037\",\n
        \     \"name\": \"20241104071037\",\n      \"expires\": \"2024-12-04T00:00:00.000Z\"\n
        \   },\n    {\n      \"namespace\": \"gecko.v2.try.pushdate.2024.11.04.20241104073151\",\n
        \     \"name\": \"20241104073151\",\n      \"expires\": \"2024-12-04T00:00:00.000Z\"\n
        \   },\n    {\n      \"namespace\": \"gecko.v2.try.pushdate.2024.11.04.20241104075050\",\n
        \     \"name\": \"20241104075050\",\n      \"expires\": \"2024-12-04T00:00:00.000Z\"\n
        \   },\n    {\n      \"namespace\": \"gecko.v2.try.pushdate.2024.11.04.20241104075315\",\n
        \     \"name\": \"20241104075315\",\n      \"expires\": \"2024-12-05T00:00:00.000Z\"\n
        \   },\n    {\n      \"namespace\": \"gecko.v2.try.pushdate.2024.11.04.20241104075341\",\n
        \     \"name\": \"20241104075341\",\n      \"expires\": \"2024-12-05T00:00:00.000Z\"\n
        \   },\n    {\n      \"namespace\": \"gecko.v2.try.pushdate.2024.11.04.20241104075542\",\n
        \     \"name\": \"20241104075542\",\n      \"expires\": \"2024-12-04T00:00:00.000Z\"\n
        \   },\n    {\n      \"namespace\": \"gecko.v2.try.pushdate.2024.11.04.20241104075637\",\n
        \     \"name\": \"20241104075637\",\n      \"expires\": \"2024-12-04T00:00:00.000Z\"\n
        \   },\n    {\n      \"namespace\": \"gecko.v2.try.pushdate.2024.11.04.20241104080409\",\n
        \     \"name\": \"20241104080409\",\n      \"expires\": \"2024-12-04T00:00:00.000Z\"\n
        \   },\n    {\n      \"namespace\": \"gecko.v2.try.pushdate.2024.11.04.20241104080529\",\n
        \     \"name\": \"20241104080529\",\n      \"expires\": \"2024-12-04T00:00:00.000Z\"\n
        \   },\n    {\n      \"namespace\": \"gecko.v2.try.pushdate.2024.11.04.20241104081858\",\n
        \     \"name\": \"20241104081858\",\n      \"expires\": \"2024-12-04T00:00:00.000Z\"\n
        \   },\n    {\n      \"namespace\": \"gecko.v2.try.pushdate.2024.11.04.20241104082847\",\n
        \     \"name\": \"20241104082847\",\n      \"expires\": \"2024-12-04T00:00:00.000Z\"\n
        \   },\n    {\n      \"namespace\": \"gecko.v2.try.pushdate.2024.11.04.20241104084235\",\n
        \     \"name\": \"20241104084235\",\n      \"expires\": \"2024-12-04T00:00:00.000Z\"\n
        \   },\n    {\n      \"namespace\": \"gecko.v2.try.pushdate.2024.11.04.20241104084453\",\n
        \     \"name\": \"20241104084453\",\n      \"expires\": \"2024-12-04T00:00:00.000Z\"\n
        \   },\n    {\n      \"namespace\": \"gecko.v2.try.pushdate.2024.11.04.20241104091545\",\n
        \     \"name\": \"20241104091545\",\n      \"expires\": \"2024-12-04T00:00:00.000Z\"\n
        \   },\n    {\n      \"namespace\": \"gecko.v2.try.pushdate.2024.11.04.20241104091758\",\n
        \     \"name\": \"20241104091758\",\n      \"expires\": \"2024-12-04T00:00:00.000Z\"\n
        \   },\n    {\n      \"namespace\": \"gecko.v2.try.pushdate.2024.11.04.20241104092206\",\n
        \     \"name\": \"20241104092206\",\n      \"expires\": \"2024-12-04T00:00:00.000Z\"\n
        \   },\n    {\n      \"namespace\": \"gecko.v2.try.pushdate.2024.11.04.20241104092600\",\n
        \     \"name\": \"20241104092600\",\n      \"expires\": \"2024-12-04T00:00:00.000Z\"\n
        \   },\n    {\n      \"namespace\": \"gecko.v2.try.pushdate.2024.11.04.20241104093252\",\n
        \     \"name\": \"20241104093252\",\n      \"expires\": \"2024-12-04T00:00:00.000Z\"\n
        \   },\n    {\n      \"namespace\": \"gecko.v2.try.pushdate.2024.11.04.20241104093524\",\n
        \     \"name\": \"20241104093524\",\n      \"expires\": \"2024-12-04T00:00:00.000Z\"\n
        \   },\n    {\n      \"namespace\": \"gecko.v2.try.pushdate.2024.11.04.20241104094304\",\n
        \     \"name\": \"20241104094304\",\n      \"expires\": \"2024-12-04T00:00:00.000Z\"\n
        \   },\n    {\n      \"namespace\": \"gecko.v2.try.pushdate.2024.11.04.20241104094639\",\n
        \     \"name\": \"20241104094639\",\n      \"expires\": \"2024-12-04T00:00:00.000Z\"\n
        \   },\n    {\n      \"namespace\": \"gecko.v2.try.pushdate.2024.11.04.20241104101124\",\n
        \     \"name\": \"20241104101124\",\n      \"expires\": \"2024-12-05T00:00:00.000Z\"\n
        \   },\n    {\n      \"namespace\": \"gecko.v2.try.pushdate.2024.11.04.20241104101425\",\n
        \     \"name\": \"20241104101425\",\n      \"expires\": \"2024-12-04T00:00:00.000Z\"\n
        \   },\n    {\n      \"namespace\": \"gecko.v2.try.pushdate.2024.11.04.20241104101916\",\n
        \     \"name\": \"20241104101916\",\n      \"expires\": \"2024-12-04T00:00:00.000Z\"\n
        \   },\n    {\n      \"namespace\": \"gecko.v2.try.pushdate.2024.11.04.20241104104139\",\n
        \     \"name\": \"20241104104139\",\n      \"expires\": \"2024-12-04T00:00:00.000Z\"\n
        \   },\n    {\n      \"namespace\": \"gecko.v2.try.pushdate.2024.11.04.20241104105029\",\n
        \     \"name\": \"20241104105029\",\n      \"expires\": \"2024-12-04T00:00:00.000Z\"\n
        \   },\n    {\n      \"namespace\": \"gecko.v2.try.pushdate.2024.11.04.20241104105801\",\n
        \     \"name\": \"20241104105801\",\n      \"expires\": \"2024-12-04T00:00:00.000Z\"\n
        \   },\n    {\n      \"namespace\": \"gecko.v2.try.pushdate.2024.11.04.20241104110931\",\n
        \     \"name\": \"20241104110931\",\n      \"expires\": \"2024-12-04T00:00:00.000Z\"\n
        \   },\n    {\n      \"namespace\": \"gecko.v2.try.pushdate.2024.11.04.20241104110958\",\n
        \     \"name\": \"20241104110958\",\n      \"expires\": \"2024-12-04T00:00:00.000Z\"\n
        \   },\n    {\n      \"namespace\": \"gecko.v2.try.pushdate.2024.11.04.20241104111136\",\n
        \     \"name\": \"20241104111136\",\n      \"expires\": \"2024-12-04T00:00:00.000Z\"\n
        \   },\n    {\n      \"namespace\": \"gecko.v2.try.pushdate.2024.11.04.20241104111235\",\n
        \     \"name\": \"20241104111235\",\n      \"expires\": \"2024-12-04T00:00:00.000Z\"\n
        \   },\n    {\n      \"namespace\": \"gecko.v2.try.pushdate.2024.11.04.20241104111907\",\n
        \     \"name\": \"20241104111907\",\n      \"expires\": \"2024-12-04T00:00:00.000Z\"\n
        \   },\n    {\n      \"namespace\": \"gecko.v2.try.pushdate.2024.11.04.20241104112237\",\n
        \     \"name\": \"20241104112237\",\n      \"expires\": \"2024-12-04T00:00:00.000Z\"\n
        \   },\n    {\n      \"namespace\": \"gecko.v2.try.pushdate.2024.11.04.20241104113643\",\n
        \     \"name\": \"20241104113643\",\n      \"expires\": \"2024-12-04T00:00:00.000Z\"\n
        \   },\n    {\n      \"namespace\": \"gecko.v2.try.pushdate.2024.11.04.20241104120734\",\n
        \     \"name\": \"20241104120734\",\n      \"expires\": \"2024-12-04T00:00:00.000Z\"\n
        \   },\n    {\n      \"namespace\": \"gecko.v2.try.pushdate.2024.11.04.20241104120857\",\n
        \     \"name\": \"20241104120857\",\n      \"expires\": \"2024-12-04T00:00:00.000Z\"\n
        \   },\n    {\n      \"namespace\": \"gecko.v2.try.pushdate.2024.11.04.20241104120957\",\n
        \     \"name\": \"20241104120957\",\n      \"expires\": \"2024-12-04T00:00:00.000Z\"\n
        \   },\n    {\n      \"namespace\": \"gecko.v2.try.pushdate.2024.11.04.20241104121030\",\n
        \     \"name\": \"20241104121030\",\n      \"expires\": \"2024-12-04T00:00:00.000Z\"\n
        \   },\n    {\n      \"namespace\": \"gecko.v2.try.pushdate.2024.11.04.20241104121739\",\n
        \     \"name\": \"20241104121739\",\n      \"expires\": \"2024-12-04T00:00:00.000Z\"\n
        \   },\n    {\n      \"namespace\": \"gecko.v2.try.pushdate.2024.11.04.20241104121918\",\n
        \     \"name\": \"20241104121918\",\n      \"expires\": \"2024-12-04T00:00:00.000Z\"\n
        \   },\n    {\n      \"namespace\": \"gecko.v2.try.pushdate.2024.11.04.20241104122415\",\n
        \     \"name\": \"20241104122415\",\n      \"expires\": \"2024-12-04T00:00:00.000Z\"\n
        \   },\n    {\n      \"namespace\": \"gecko.v2.try.pushdate.2024.11.04.20241104122523\",\n
        \     \"name\": \"20241104122523\",\n      \"expires\": \"2024-12-04T00:00:00.000Z\"\n
        \   },\n    {\n      \"namespace\": \"gecko.v2.try.pushdate.2024.11.04.20241104122805\",\n
        \     \"name\": \"20241104122805\",\n      \"expires\": \"2024-12-04T00:00:00.000Z\"\n
        \   },\n    {\n      \"namespace\": \"gecko.v2.try.pushdate.2024.11.04.20241104124706\",\n
        \     \"name\": \"20241104124706\",\n      \"expires\": \"2024-12-04T00:00:00.000Z\"\n
        \   },\n    {\n      \"namespace\": \"gecko.v2.try.pushdate.2024.11.04.20241104124924\",\n
        \     \"name\": \"20241104124924\",\n      \"expires\": \"2024-12-04T00:00:00.000Z\"\n
        \   },\n    {\n      \"namespace\": \"gecko.v2.try.pushdate.2024.11.04.20241104125936\",\n
        \     \"name\": \"20241104125936\",\n      \"expires\": \"2024-12-04T00:00:00.000Z\"\n
        \   },\n    {\n      \"namespace\": \"gecko.v2.try.pushdate.2024.11.04.20241104130454\",\n
        \     \"name\": \"20241104130454\",\n      \"expires\": \"2024-12-04T00:00:00.000Z\"\n
        \   },\n    {\n      \"namespace\": \"gecko.v2.try.pushdate.2024.11.04.20241104132754\",\n
        \     \"name\": \"20241104132754\",\n      \"expires\": \"2024-12-04T00:00:00.000Z\"\n
        \   },\n    {\n      \"namespace\": \"gecko.v2.try.pushdate.2024.11.04.20241104133153\",\n
        \     \"name\": \"20241104133153\",\n      \"expires\": \"2024-12-04T00:00:00.000Z\"\n
        \   },\n    {\n      \"namespace\": \"gecko.v2.try.pushdate.2024.11.04.20241104133406\",\n
        \     \"name\": \"20241104133406\",\n      \"expires\": \"2024-12-04T00:00:00.000Z\"\n
        \   },\n    {\n      \"namespace\": \"gecko.v2.try.pushdate.2024.11.04.20241104135104\",\n
        \     \"name\": \"20241104135104\",\n      \"expires\": \"2024-12-04T00:00:00.000Z\"\n
        \   },\n    {\n      \"namespace\": \"gecko.v2.try.pushdate.2024.11.04.20241104135748\",\n
        \     \"name\": \"20241104135748\",\n      \"expires\": \"2024-12-04T00:00:00.000Z\"\n
        \   },\n    {\n      \"namespace\": \"gecko.v2.try.pushdate.2024.11.04.20241104140125\",\n
        \     \"name\": \"20241104140125\",\n      \"expires\": \"2024-12-04T00:00:00.000Z\"\n
        \   },\n    {\n      \"namespace\": \"gecko.v2.try.pushdate.2024.11.04.20241104140153\",\n
        \     \"name\": \"20241104140153\",\n      \"expires\": \"2024-12-04T00:00:00.000Z\"\n
        \   },\n    {\n      \"namespace\": \"gecko.v2.try.pushdate.2024.11.04.20241104140422\",\n
        \     \"name\": \"20241104140422\",\n      \"expires\": \"2024-12-04T00:00:00.000Z\"\n
        \   },\n    {\n      \"namespace\": \"gecko.v2.try.pushdate.2024.11.04.20241104140912\",\n
        \     \"name\": \"20241104140912\",\n      \"expires\": \"2024-12-04T00:00:00.000Z\"\n
        \   },\n    {\n      \"namespace\": \"gecko.v2.try.pushdate.2024.11.04.20241104141024\",\n
        \     \"name\": \"20241104141024\",\n      \"expires\": \"2024-12-04T00:00:00.000Z\"\n
        \   },\n    {\n      \"namespace\": \"gecko.v2.try.pushdate.2024.11.04.20241104141124\",\n
        \     \"name\": \"20241104141124\",\n      \"expires\": \"2024-12-04T00:00:00.000Z\"\n
        \   },\n    {\n      \"namespace\": \"gecko.v2.try.pushdate.2024.11.04.20241104143457\",\n
        \     \"name\": \"20241104143457\",\n      \"expires\": \"2024-12-04T00:00:00.000Z\"\n
        \   },\n    {\n      \"namespace\": \"gecko.v2.try.pushdate.2024.11.04.20241104144626\",\n
        \     \"name\": \"20241104144626\",\n      \"expires\": \"2024-12-04T00:00:00.000Z\"\n
        \   },\n    {\n      \"namespace\": \"gecko.v2.try.pushdate.2024.11.04.20241104145251\",\n
        \     \"name\": \"20241104145251\",\n      \"expires\": \"2024-12-04T00:00:00.000Z\"\n
        \   },\n    {\n      \"namespace\": \"gecko.v2.try.pushdate.2024.11.04.20241104145515\",\n
        \     \"name\": \"20241104145515\",\n      \"expires\": \"2024-12-04T00:00:00.000Z\"\n
        \   },\n    {\n      \"namespace\": \"gecko.v2.try.pushdate.2024.11.04.20241104145627\",\n
        \     \"name\": \"20241104145627\",\n      \"expires\": \"2024-12-04T00:00:00.000Z\"\n
        \   },\n    {\n      \"namespace\": \"gecko.v2.try.pushdate.2024.11.04.20241104150131\",\n
        \     \"name\": \"20241104150131\",\n      \"expires\": \"2024-12-04T00:00:00.000Z\"\n
        \   },\n    {\n      \"namespace\": \"gecko.v2.try.pushdate.2024.11.04.20241104150306\",\n
        \     \"name\": \"20241104150306\",\n      \"expires\": \"2024-12-04T00:00:00.000Z\"\n
        \   },\n    {\n      \"namespace\": \"gecko.v2.try.pushdate.2024.11.04.20241104150520\",\n
        \     \"name\": \"20241104150520\",\n      \"expires\": \"2024-12-04T00:00:00.000Z\"\n
        \   },\n    {\n      \"namespace\": \"gecko.v2.try.pushdate.2024.11.04.20241104150623\",\n
        \     \"name\": \"20241104150623\",\n      \"expires\": \"2024-12-04T00:00:00.000Z\"\n
        \   },\n    {\n      \"namespace\": \"gecko.v2.try.pushdate.2024.11.04.20241104150655\",\n
        \     \"name\": \"20241104150655\",\n      \"expires\": \"2024-12-04T00:00:00.000Z\"\n
        \   },\n    {\n      \"namespace\": \"gecko.v2.try.pushdate.2024.11.04.20241104150724\",\n
        \     \"name\": \"20241104150724\",\n      \"expires\": \"2024-12-04T00:00:00.000Z\"\n
        \   },\n    {\n      \"namespace\": \"gecko.v2.try.pushdate.2024.11.04.20241104150841\",\n
        \     \"name\": \"20241104150841\",\n      \"expires\": \"2024-12-04T00:00:00.000Z\"\n
        \   },\n    {\n      \"namespace\": \"gecko.v2.try.pushdate.2024.11.04.20241104150857\",\n
        \     \"name\": \"20241104150857\",\n      \"expires\": \"2024-12-04T00:00:00.000Z\"\n
        \   },\n    {\n      \"namespace\": \"gecko.v2.try.pushdate.2024.11.04.20241104151032\",\n
        \     \"name\": \"20241104151032\",\n      \"expires\": \"2024-12-04T00:00:00.000Z\"\n
        \   },\n    {\n      \"namespace\": \"gecko.v2.try.pushdate.2024.11.04.20241104151340\",\n
        \     \"name\": \"20241104151340\",\n      \"expires\": \"2024-12-04T00:00:00.000Z\"\n
        \   },\n    {\n      \"namespace\": \"gecko.v2.try.pushdate.2024.11.04.20241104151650\",\n
        \     \"name\": \"20241104151650\",\n      \"expires\": \"2024-12-04T00:00:00.000Z\"\n
        \   },\n    {\n      \"namespace\": \"gecko.v2.try.pushdate.2024.11.04.20241104151819\",\n
        \     \"name\": \"20241104151819\",\n      \"expires\": \"2024-12-04T00:00:00.000Z\"\n
        \   },\n    {\n      \"namespace\": \"gecko.v2.try.pushdate.2024.11.04.20241104152201\",\n
        \     \"name\": \"20241104152201\",\n      \"expires\": \"2024-12-04T00:00:00.000Z\"\n
        \   },\n    {\n      \"namespace\": \"gecko.v2.try.pushdate.2024.11.04.20241104153659\",\n
        \     \"name\": \"20241104153659\",\n      \"expires\": \"2024-12-04T00:00:00.000Z\"\n
        \   },\n    {\n      \"namespace\": \"gecko.v2.try.pushdate.2024.11.04.20241104154359\",\n
        \     \"name\": \"20241104154359\",\n      \"expires\": \"2024-12-04T00:00:00.000Z\"\n
        \   },\n    {\n      \"namespace\": \"gecko.v2.try.pushdate.2024.11.04.20241104154630\",\n
        \     \"name\": \"20241104154630\",\n      \"expires\": \"2024-12-04T00:00:00.000Z\"\n
        \   },\n    {\n      \"namespace\": \"gecko.v2.try.pushdate.2024.11.04.20241104154647\",\n
        \     \"name\": \"20241104154647\",\n      \"expires\": \"2024-12-04T00:00:00.000Z\"\n
        \   },\n    {\n      \"namespace\": \"gecko.v2.try.pushdate.2024.11.04.20241104154701\",\n
        \     \"name\": \"20241104154701\",\n      \"expires\": \"2024-12-04T00:00:00.000Z\"\n
        \   },\n    {\n      \"namespace\": \"gecko.v2.try.pushdate.2024.11.04.20241104154731\",\n
        \     \"name\": \"20241104154731\",\n      \"expires\": \"2024-12-04T00:00:00.000Z\"\n
        \   },\n    {\n      \"namespace\": \"gecko.v2.try.pushdate.2024.11.04.20241104154812\",\n
        \     \"name\": \"20241104154812\",\n      \"expires\": \"2024-12-04T00:00:00.000Z\"\n
        \   },\n    {\n      \"namespace\": \"gecko.v2.try.pushdate.2024.11.04.20241104160151\",\n
        \     \"name\": \"20241104160151\",\n      \"expires\": \"2024-12-04T00:00:00.000Z\"\n
        \   },\n    {\n      \"namespace\": \"gecko.v2.try.pushdate.2024.11.04.20241104160321\",\n
        \     \"name\": \"20241104160321\",\n      \"expires\": \"2024-12-05T00:00:00.000Z\"\n
        \   },\n    {\n      \"namespace\": \"gecko.v2.try.pushdate.2024.11.04.20241104160932\",\n
        \     \"name\": \"20241104160932\",\n      \"expires\": \"2024-12-04T00:00:00.000Z\"\n
        \   },\n    {\n      \"namespace\": \"gecko.v2.try.pushdate.2024.11.04.20241104161320\",\n
        \     \"name\": \"20241104161320\",\n      \"expires\": \"2024-12-05T00:00:00.000Z\"\n
        \   },\n    {\n      \"namespace\": \"gecko.v2.try.pushdate.2024.11.04.20241104161600\",\n
        \     \"name\": \"20241104161600\",\n      \"expires\": \"2024-12-05T00:00:00.000Z\"\n
        \   },\n    {\n      \"namespace\": \"gecko.v2.try.pushdate.2024.11.04.20241104163055\",\n
        \     \"name\": \"20241104163055\",\n      \"expires\": \"2024-12-05T00:00:00.000Z\"\n
        \   },\n    {\n      \"namespace\": \"gecko.v2.try.pushdate.2024.11.04.20241104164050\",\n
        \     \"name\": \"20241104164050\",\n      \"expires\": \"2024-12-04T00:00:00.000Z\"\n
        \   },\n    {\n      \"namespace\": \"gecko.v2.try.pushdate.2024.11.04.20241104164352\",\n
        \     \"name\": \"20241104164352\",\n      \"expires\": \"2024-12-04T00:00:00.000Z\"\n
        \   },\n    {\n      \"namespace\": \"gecko.v2.try.pushdate.2024.11.04.20241104165156\",\n
        \     \"name\": \"20241104165156\",\n      \"expires\": \"2024-12-04T00:00:00.000Z\"\n
        \   },\n    {\n      \"namespace\": \"gecko.v2.try.pushdate.2024.11.04.20241104165259\",\n
        \     \"name\": \"20241104165259\",\n      \"expires\": \"2024-12-04T00:00:00.000Z\"\n
        \   },\n    {\n      \"namespace\": \"gecko.v2.try.pushdate.2024.11.04.20241104170109\",\n
        \     \"name\": \"20241104170109\",\n      \"expires\": \"2024-12-04T00:00:00.000Z\"\n
        \   },\n    {\n      \"namespace\": \"gecko.v2.try.pushdate.2024.11.04.20241104170206\",\n
        \     \"name\": \"20241104170206\",\n      \"expires\": \"2024-12-04T00:00:00.000Z\"\n
        \   },\n    {\n      \"namespace\": \"gecko.v2.try.pushdate.2024.11.04.20241104170340\",\n
        \     \"name\": \"20241104170340\",\n      \"expires\": \"2024-12-04T00:00:00.000Z\"\n
        \   },\n    {\n      \"namespace\": \"gecko.v2.try.pushdate.2024.11.04.20241104170518\",\n
        \     \"name\": \"20241104170518\",\n      \"expires\": \"2024-12-04T00:00:00.000Z\"\n
        \   },\n    {\n      \"namespace\": \"gecko.v2.try.pushdate.2024.11.04.20241104170841\",\n
        \     \"name\": \"20241104170841\",\n      \"expires\": \"2024-12-04T00:00:00.000Z\"\n
        \   },\n    {\n      \"namespace\": \"gecko.v2.try.pushdate.2024.11.04.20241104170925\",\n
        \     \"name\": \"20241104170925\",\n      \"expires\": \"2024-12-04T00:00:00.000Z\"\n
        \   },\n    {\n      \"namespace\": \"gecko.v2.try.pushdate.2024.11.04.20241104170941\",\n
        \     \"name\": \"20241104170941\",\n      \"expires\": \"2024-12-04T00:00:00.000Z\"\n
        \   },\n    {\n      \"namespace\": \"gecko.v2.try.pushdate.2024.11.04.20241104171110\",\n
        \     \"name\": \"20241104171110\",\n      \"expires\": \"2024-12-04T00:00:00.000Z\"\n
        \   },\n    {\n      \"namespace\": \"gecko.v2.try.pushdate.2024.11.04.20241104171531\",\n
        \     \"name\": \"20241104171531\",\n      \"expires\": \"2024-12-04T00:00:00.000Z\"\n
        \   },\n    {\n      \"namespace\": \"gecko.v2.try.pushdate.2024.11.04.20241104172632\",\n
        \     \"name\": \"20241104172632\",\n      \"expires\": \"2024-12-04T00:00:00.000Z\"\n
        \   },\n    {\n      \"namespace\": \"gecko.v2.try.pushdate.2024.11.04.20241104173517\",\n
        \     \"name\": \"20241104173517\",\n      \"expires\": \"2024-12-04T00:00:00.000Z\"\n
        \   },\n    {\n      \"namespace\": \"gecko.v2.try.pushdate.2024.11.04.20241104174958\",\n
        \     \"name\": \"20241104174958\",\n      \"expires\": \"2024-12-04T00:00:00.000Z\"\n
        \   },\n    {\n      \"namespace\": \"gecko.v2.try.pushdate.2024.11.04.20241104175122\",\n
        \     \"name\": \"20241104175122\",\n      \"expires\": \"2024-12-04T00:00:00.000Z\"\n
        \   },\n    {\n      \"namespace\": \"gecko.v2.try.pushdate.2024.11.04.20241104175245\",\n
        \     \"name\": \"20241104175245\",\n      \"expires\": \"2024-12-04T00:00:00.000Z\"\n
        \   },\n    {\n      \"namespace\": \"gecko.v2.try.pushdate.2024.11.04.20241104175546\",\n
        \     \"name\": \"20241104175546\",\n      \"expires\": \"2024-12-04T00:00:00.000Z\"\n
        \   },\n    {\n      \"namespace\": \"gecko.v2.try.pushdate.2024.11.04.20241104180905\",\n
        \     \"name\": \"20241104180905\",\n      \"expires\": \"2024-12-04T00:00:00.000Z\"\n
        \   },\n    {\n      \"namespace\": \"gecko.v2.try.pushdate.2024.11.04.20241104180958\",\n
        \     \"name\": \"20241104180958\",\n      \"expires\": \"2024-12-04T00:00:00.000Z\"\n
        \   },\n    {\n      \"namespace\": \"gecko.v2.try.pushdate.2024.11.04.20241104181453\",\n
        \     \"name\": \"20241104181453\",\n      \"expires\": \"2024-12-04T00:00:00.000Z\"\n
        \   },\n    {\n      \"namespace\": \"gecko.v2.try.pushdate.2024.11.04.20241104181629\",\n
        \     \"name\": \"20241104181629\",\n      \"expires\": \"2024-12-04T00:00:00.000Z\"\n
        \   },\n    {\n      \"namespace\": \"gecko.v2.try.pushdate.2024.11.04.20241104182710\",\n
        \     \"name\": \"20241104182710\",\n      \"expires\": \"2024-12-04T00:00:00.000Z\"\n
        \   },\n    {\n      \"namespace\": \"gecko.v2.try.pushdate.2024.11.04.20241104183024\",\n
        \     \"name\": \"20241104183024\",\n      \"expires\": \"2024-12-04T00:00:00.000Z\"\n
        \   },\n    {\n      \"namespace\": \"gecko.v2.try.pushdate.2024.11.04.20241104183252\",\n
        \     \"name\": \"20241104183252\",\n      \"expires\": \"2024-12-04T00:00:00.000Z\"\n
        \   },\n    {\n      \"namespace\": \"gecko.v2.try.pushdate.2024.11.04.20241104183635\",\n
        \     \"name\": \"20241104183635\",\n      \"expires\": \"2024-12-04T00:00:00.000Z\"\n
        \   },\n    {\n      \"namespace\": \"gecko.v2.try.pushdate.2024.11.04.20241104184153\",\n
        \     \"name\": \"20241104184153\",\n      \"expires\": \"2024-12-04T00:00:00.000Z\"\n
        \   },\n    {\n      \"namespace\": \"gecko.v2.try.pushdate.2024.11.04.20241104185222\",\n
        \     \"name\": \"20241104185222\",\n      \"expires\": \"2024-12-04T00:00:00.000Z\"\n
        \   },\n    {\n      \"namespace\": \"gecko.v2.try.pushdate.2024.11.04.20241104185321\",\n
        \     \"name\": \"20241104185321\",\n      \"expires\": \"2024-12-04T00:00:00.000Z\"\n
        \   },\n    {\n      \"namespace\": \"gecko.v2.try.pushdate.2024.11.04.20241104185400\",\n
        \     \"name\": \"20241104185400\",\n      \"expires\": \"2024-12-04T00:00:00.000Z\"\n
        \   },\n    {\n      \"namespace\": \"gecko.v2.try.pushdate.2024.11.04.20241104185543\",\n
        \     \"name\": \"20241104185543\",\n      \"expires\": \"2024-12-04T00:00:00.000Z\"\n
        \   },\n    {\n      \"namespace\": \"gecko.v2.try.pushdate.2024.11.04.20241104185711\",\n
        \     \"name\": \"20241104185711\",\n      \"expires\": \"2024-12-04T00:00:00.000Z\"\n
        \   },\n    {\n      \"namespace\": \"gecko.v2.try.pushdate.2024.11.04.20241104185937\",\n
        \     \"name\": \"20241104185937\",\n      \"expires\": \"2024-12-04T00:00:00.000Z\"\n
        \   },\n    {\n      \"namespace\": \"gecko.v2.try.pushdate.2024.11.04.20241104190000\",\n
        \     \"name\": \"20241104190000\",\n      \"expires\": \"2024-12-04T00:00:00.000Z\"\n
        \   },\n    {\n      \"namespace\": \"gecko.v2.try.pushdate.2024.11.04.20241104190128\",\n
        \     \"name\": \"20241104190128\",\n      \"expires\": \"2024-12-04T00:00:00.000Z\"\n
        \   },\n    {\n      \"namespace\": \"gecko.v2.try.pushdate.2024.11.04.20241104190300\",\n
        \     \"name\": \"20241104190300\",\n      \"expires\": \"2024-12-04T00:00:00.000Z\"\n
        \   },\n    {\n      \"namespace\": \"gecko.v2.try.pushdate.2024.11.04.20241104190359\",\n
        \     \"name\": \"20241104190359\",\n      \"expires\": \"2024-12-04T00:00:00.000Z\"\n
        \   },\n    {\n      \"namespace\": \"gecko.v2.try.pushdate.2024.11.04.20241104190430\",\n
        \     \"name\": \"20241104190430\",\n      \"expires\": \"2024-12-05T00:00:00.000Z\"\n
        \   },\n    {\n      \"namespace\": \"gecko.v2.try.pushdate.2024.11.04.20241104190605\",\n
        \     \"name\": \"20241104190605\",\n      \"expires\": \"2024-12-04T00:00:00.000Z\"\n
        \   },\n    {\n      \"namespace\": \"gecko.v2.try.pushdate.2024.11.04.20241104190710\",\n
        \     \"name\": \"20241104190710\",\n      \"expires\": \"2024-12-04T00:00:00.000Z\"\n
        \   },\n    {\n      \"namespace\": \"gecko.v2.try.pushdate.2024.11.04.20241104190726\",\n
        \     \"name\": \"20241104190726\",\n      \"expires\": \"2024-12-04T00:00:00.000Z\"\n
        \   },\n    {\n      \"namespace\": \"gecko.v2.try.pushdate.2024.11.04.20241104192115\",\n
        \     \"name\": \"20241104192115\",\n      \"expires\": \"2024-12-04T00:00:00.000Z\"\n
        \   },\n    {\n      \"namespace\": \"gecko.v2.try.pushdate.2024.11.04.20241104192504\",\n
        \     \"name\": \"20241104192504\",\n      \"expires\": \"2024-12-04T00:00:00.000Z\"\n
        \   },\n    {\n      \"namespace\": \"gecko.v2.try.pushdate.2024.11.04.20241104192527\",\n
        \     \"name\": \"20241104192527\",\n      \"expires\": \"2024-12-04T00:00:00.000Z\"\n
        \   },\n    {\n      \"namespace\": \"gecko.v2.try.pushdate.2024.11.04.20241104192734\",\n
        \     \"name\": \"20241104192734\",\n      \"expires\": \"2024-12-04T00:00:00.000Z\"\n
        \   },\n    {\n      \"namespace\": \"gecko.v2.try.pushdate.2024.11.04.20241104192911\",\n
        \     \"name\": \"20241104192911\",\n      \"expires\": \"2024-12-04T00:00:00.000Z\"\n
        \   },\n    {\n      \"namespace\": \"gecko.v2.try.pushdate.2024.11.04.20241104193522\",\n
        \     \"name\": \"20241104193522\",\n      \"expires\": \"2024-12-04T00:00:00.000Z\"\n
        \   },\n    {\n      \"namespace\": \"gecko.v2.try.pushdate.2024.11.04.20241104193915\",\n
        \     \"name\": \"20241104193915\",\n      \"expires\": \"2024-12-04T00:00:00.000Z\"\n
        \   },\n    {\n      \"namespace\": \"gecko.v2.try.pushdate.2024.11.04.20241104193944\",\n
        \     \"name\": \"20241104193944\",\n      \"expires\": \"2024-12-04T00:00:00.000Z\"\n
        \   },\n    {\n      \"namespace\": \"gecko.v2.try.pushdate.2024.11.04.20241104194817\",\n
        \     \"name\": \"20241104194817\",\n      \"expires\": \"2024-12-04T00:00:00.000Z\"\n
        \   },\n    {\n      \"namespace\": \"gecko.v2.try.pushdate.2024.11.04.20241104195014\",\n
        \     \"name\": \"20241104195014\",\n      \"expires\": \"2024-12-04T00:00:00.000Z\"\n
        \   },\n    {\n      \"namespace\": \"gecko.v2.try.pushdate.2024.11.04.20241104195430\",\n
        \     \"name\": \"20241104195430\",\n      \"expires\": \"2024-12-04T00:00:00.000Z\"\n
        \   },\n    {\n      \"namespace\": \"gecko.v2.try.pushdate.2024.11.04.20241104195741\",\n
        \     \"name\": \"20241104195741\",\n      \"expires\": \"2024-12-04T00:00:00.000Z\"\n
        \   },\n    {\n      \"namespace\": \"gecko.v2.try.pushdate.2024.11.04.20241104195951\",\n
        \     \"name\": \"20241104195951\",\n      \"expires\": \"2024-12-04T00:00:00.000Z\"\n
        \   },\n    {\n      \"namespace\": \"gecko.v2.try.pushdate.2024.11.04.20241104200625\",\n
        \     \"name\": \"20241104200625\",\n      \"expires\": \"2024-12-04T00:00:00.000Z\"\n
        \   },\n    {\n      \"namespace\": \"gecko.v2.try.pushdate.2024.11.04.20241104201023\",\n
        \     \"name\": \"20241104201023\",\n      \"expires\": \"2024-12-05T00:00:00.000Z\"\n
        \   },\n    {\n      \"namespace\": \"gecko.v2.try.pushdate.2024.11.04.20241104201205\",\n
        \     \"name\": \"20241104201205\",\n      \"expires\": \"2024-12-04T00:00:00.000Z\"\n
        \   },\n    {\n      \"namespace\": \"gecko.v2.try.pushdate.2024.11.04.20241104202237\",\n
        \     \"name\": \"20241104202237\",\n      \"expires\": \"2024-12-04T00:00:00.000Z\"\n
        \   },\n    {\n      \"namespace\": \"gecko.v2.try.pushdate.2024.11.04.20241104203259\",\n
        \     \"name\": \"20241104203259\",\n      \"expires\": \"2024-12-04T00:00:00.000Z\"\n
        \   },\n    {\n      \"namespace\": \"gecko.v2.try.pushdate.2024.11.04.20241104203713\",\n
        \     \"name\": \"20241104203713\",\n      \"expires\": \"2024-12-05T00:00:00.000Z\"\n
        \   },\n    {\n      \"namespace\": \"gecko.v2.try.pushdate.2024.11.04.20241104203839\",\n
        \     \"name\": \"20241104203839\",\n      \"expires\": \"2024-12-04T00:00:00.000Z\"\n
        \   },\n    {\n      \"namespace\": \"gecko.v2.try.pushdate.2024.11.04.20241104205219\",\n
        \     \"name\": \"20241104205219\",\n      \"expires\": \"2024-12-04T00:00:00.000Z\"\n
        \   },\n    {\n      \"namespace\": \"gecko.v2.try.pushdate.2024.11.04.20241104205642\",\n
        \     \"name\": \"20241104205642\",\n      \"expires\": \"2024-12-04T00:00:00.000Z\"\n
        \   },\n    {\n      \"namespace\": \"gecko.v2.try.pushdate.2024.11.04.20241104210041\",\n
        \     \"name\": \"20241104210041\",\n      \"expires\": \"2024-12-04T00:00:00.000Z\"\n
        \   },\n    {\n      \"namespace\": \"gecko.v2.try.pushdate.2024.11.04.20241104210601\",\n
        \     \"name\": \"20241104210601\",\n      \"expires\": \"2024-12-04T00:00:00.000Z\"\n
        \   },\n    {\n      \"namespace\": \"gecko.v2.try.pushdate.2024.11.04.20241104211332\",\n
        \     \"name\": \"20241104211332\",\n      \"expires\": \"2024-12-04T00:00:00.000Z\"\n
        \   },\n    {\n      \"namespace\": \"gecko.v2.try.pushdate.2024.11.04.20241104211619\",\n
        \     \"name\": \"20241104211619\",\n      \"expires\": \"2024-12-04T00:00:00.000Z\"\n
        \   },\n    {\n      \"namespace\": \"gecko.v2.try.pushdate.2024.11.04.20241104212230\",\n
        \     \"name\": \"20241104212230\",\n      \"expires\": \"2024-12-04T00:00:00.000Z\"\n
        \   },\n    {\n      \"namespace\": \"gecko.v2.try.pushdate.2024.11.04.20241104213211\",\n
        \     \"name\": \"20241104213211\",\n      \"expires\": \"2024-12-04T00:00:00.000Z\"\n
        \   },\n    {\n      \"namespace\": \"gecko.v2.try.pushdate.2024.11.04.20241104213313\",\n
        \     \"name\": \"20241104213313\",\n      \"expires\": \"2024-12-04T00:00:00.000Z\"\n
        \   },\n    {\n      \"namespace\": \"gecko.v2.try.pushdate.2024.11.04.20241104213333\",\n
        \     \"name\": \"20241104213333\",\n      \"expires\": \"2024-12-04T00:00:00.000Z\"\n
        \   },\n    {\n      \"namespace\": \"gecko.v2.try.pushdate.2024.11.04.20241104213730\",\n
        \     \"name\": \"20241104213730\",\n      \"expires\": \"2024-12-04T00:00:00.000Z\"\n
        \   },\n    {\n      \"namespace\": \"gecko.v2.try.pushdate.2024.11.04.20241104213849\",\n
        \     \"name\": \"20241104213849\",\n      \"expires\": \"2024-12-04T00:00:00.000Z\"\n
        \   },\n    {\n      \"namespace\": \"gecko.v2.try.pushdate.2024.11.04.20241104214030\",\n
        \     \"name\": \"20241104214030\",\n      \"expires\": \"2024-12-04T00:00:00.000Z\"\n
        \   },\n    {\n      \"namespace\": \"gecko.v2.try.pushdate.2024.11.04.20241104214152\",\n
        \     \"name\": \"20241104214152\",\n      \"expires\": \"2024-12-04T00:00:00.000Z\"\n
        \   },\n    {\n      \"namespace\": \"gecko.v2.try.pushdate.2024.11.04.20241104214213\",\n
        \     \"name\": \"20241104214213\",\n      \"expires\": \"2024-12-04T00:00:00.000Z\"\n
        \   },\n    {\n      \"namespace\": \"gecko.v2.try.pushdate.2024.11.04.20241104214322\",\n
        \     \"name\": \"20241104214322\",\n      \"expires\": \"2024-12-04T00:00:00.000Z\"\n
        \   },\n    {\n      \"namespace\": \"gecko.v2.try.pushdate.2024.11.04.20241104214450\",\n
        \     \"name\": \"20241104214450\",\n      \"expires\": \"2024-12-05T00:00:00.000Z\"\n
        \   },\n    {\n      \"namespace\": \"gecko.v2.try.pushdate.2024.11.04.20241104214627\",\n
        \     \"name\": \"20241104214627\",\n      \"expires\": \"2024-12-04T00:00:00.000Z\"\n
        \   },\n    {\n      \"namespace\": \"gecko.v2.try.pushdate.2024.11.04.20241104214642\",\n
        \     \"name\": \"20241104214642\",\n      \"expires\": \"2024-12-04T00:00:00.000Z\"\n
        \   },\n    {\n      \"namespace\": \"gecko.v2.try.pushdate.2024.11.04.20241104214720\",\n
        \     \"name\": \"20241104214720\",\n      \"expires\": \"2024-12-04T00:00:00.000Z\"\n
        \   },\n    {\n      \"namespace\": \"gecko.v2.try.pushdate.2024.11.04.20241104214824\",\n
        \     \"name\": \"20241104214824\",\n      \"expires\": \"2024-12-04T00:00:00.000Z\"\n
        \   },\n    {\n      \"namespace\": \"gecko.v2.try.pushdate.2024.11.04.20241104215352\",\n
        \     \"name\": \"20241104215352\",\n      \"expires\": \"2024-12-04T00:00:00.000Z\"\n
        \   },\n    {\n      \"namespace\": \"gecko.v2.try.pushdate.2024.11.04.20241104215659\",\n
        \     \"name\": \"20241104215659\",\n      \"expires\": \"2024-12-04T00:00:00.000Z\"\n
        \   },\n    {\n      \"namespace\": \"gecko.v2.try.pushdate.2024.11.04.20241104215915\",\n
        \     \"name\": \"20241104215915\",\n      \"expires\": \"2024-12-04T00:00:00.000Z\"\n
        \   },\n    {\n      \"namespace\": \"gecko.v2.try.pushdate.2024.11.04.20241104215949\",\n
        \     \"name\": \"20241104215949\",\n      \"expires\": \"2024-12-04T00:00:00.000Z\"\n
        \   },\n    {\n      \"namespace\": \"gecko.v2.try.pushdate.2024.11.04.20241104220049\",\n
        \     \"name\": \"20241104220049\",\n      \"expires\": \"2024-12-04T00:00:00.000Z\"\n
        \   },\n    {\n      \"namespace\": \"gecko.v2.try.pushdate.2024.11.04.20241104220111\",\n
        \     \"name\": \"20241104220111\",\n      \"expires\": \"2024-12-04T00:00:00.000Z\"\n
        \   },\n    {\n      \"namespace\": \"gecko.v2.try.pushdate.2024.11.04.20241104220447\",\n
        \     \"name\": \"20241104220447\",\n      \"expires\": \"2024-12-04T00:00:00.000Z\"\n
        \   },\n    {\n      \"namespace\": \"gecko.v2.try.pushdate.2024.11.04.20241104220605\",\n
        \     \"name\": \"20241104220605\",\n      \"expires\": \"2024-12-04T00:00:00.000Z\"\n
        \   },\n    {\n      \"namespace\": \"gecko.v2.try.pushdate.2024.11.04.20241104220618\",\n
        \     \"name\": \"20241104220618\",\n      \"expires\": \"2024-12-05T00:00:00.000Z\"\n
        \   },\n    {\n      \"namespace\": \"gecko.v2.try.pushdate.2024.11.04.20241104220754\",\n
        \     \"name\": \"20241104220754\",\n      \"expires\": \"2024-12-04T00:00:00.000Z\"\n
        \   },\n    {\n      \"namespace\": \"gecko.v2.try.pushdate.2024.11.04.20241104220847\",\n
        \     \"name\": \"20241104220847\",\n      \"expires\": \"2024-12-04T00:00:00.000Z\"\n
        \   },\n    {\n      \"namespace\": \"gecko.v2.try.pushdate.2024.11.04.20241104220925\",\n
        \     \"name\": \"20241104220925\",\n      \"expires\": \"2024-12-04T00:00:00.000Z\"\n
        \   },\n    {\n      \"namespace\": \"gecko.v2.try.pushdate.2024.11.04.20241104220947\",\n
        \     \"name\": \"20241104220947\",\n      \"expires\": \"2024-12-04T00:00:00.000Z\"\n
        \   },\n    {\n      \"namespace\": \"gecko.v2.try.pushdate.2024.11.04.20241104221625\",\n
        \     \"name\": \"20241104221625\",\n      \"expires\": \"2024-12-04T00:00:00.000Z\"\n
        \   },\n    {\n      \"namespace\": \"gecko.v2.try.pushdate.2024.11.04.20241104221933\",\n
        \     \"name\": \"20241104221933\",\n      \"expires\": \"2024-12-04T00:00:00.000Z\"\n
        \   },\n    {\n      \"namespace\": \"gecko.v2.try.pushdate.2024.11.04.20241104222101\",\n
        \     \"name\": \"20241104222101\",\n      \"expires\": \"2024-12-05T00:00:00.000Z\"\n
        \   },\n    {\n      \"namespace\": \"gecko.v2.try.pushdate.2024.11.04.20241104222534\",\n
        \     \"name\": \"20241104222534\",\n      \"expires\": \"2024-12-05T00:00:00.000Z\"\n
        \   },\n    {\n      \"namespace\": \"gecko.v2.try.pushdate.2024.11.04.20241104223632\",\n
        \     \"name\": \"20241104223632\",\n      \"expires\": \"2024-12-04T00:00:00.000Z\"\n
        \   },\n    {\n      \"namespace\": \"gecko.v2.try.pushdate.2024.11.04.20241104224243\",\n
        \     \"name\": \"20241104224243\",\n      \"expires\": \"2024-12-04T00:00:00.000Z\"\n
        \   },\n    {\n      \"namespace\": \"gecko.v2.try.pushdate.2024.11.04.20241104224758\",\n
        \     \"name\": \"20241104224758\",\n      \"expires\": \"2024-12-04T00:00:00.000Z\"\n
        \   },\n    {\n      \"namespace\": \"gecko.v2.try.pushdate.2024.11.04.20241104225239\",\n
        \     \"name\": \"20241104225239\",\n      \"expires\": \"2024-12-04T00:00:00.000Z\"\n
        \   },\n    {\n      \"namespace\": \"gecko.v2.try.pushdate.2024.11.04.20241104225354\",\n
        \     \"name\": \"20241104225354\",\n      \"expires\": \"2024-12-04T00:00:00.000Z\"\n
        \   },\n    {\n      \"namespace\": \"gecko.v2.try.pushdate.2024.11.04.20241104225619\",\n
        \     \"name\": \"20241104225619\",\n      \"expires\": \"2024-12-04T00:00:00.000Z\"\n
        \   },\n    {\n      \"namespace\": \"gecko.v2.try.pushdate.2024.11.04.20241104225704\",\n
        \     \"name\": \"20241104225704\",\n      \"expires\": \"2024-12-04T00:00:00.000Z\"\n
        \   },\n    {\n      \"namespace\": \"gecko.v2.try.pushdate.2024.11.04.20241104230031\",\n
        \     \"name\": \"20241104230031\",\n      \"expires\": \"2024-12-04T00:00:00.000Z\"\n
        \   },\n    {\n      \"namespace\": \"gecko.v2.try.pushdate.2024.11.04.20241104230652\",\n
        \     \"name\": \"20241104230652\",\n      \"expires\": \"2024-12-04T00:00:00.000Z\"\n
        \   },\n    {\n      \"namespace\": \"gecko.v2.try.pushdate.2024.11.04.20241104230903\",\n
        \     \"name\": \"20241104230903\",\n      \"expires\": \"2024-12-04T00:00:00.000Z\"\n
        \   },\n    {\n      \"namespace\": \"gecko.v2.try.pushdate.2024.11.04.20241104231436\",\n
        \     \"name\": \"20241104231436\",\n      \"expires\": \"2024-12-04T00:00:00.000Z\"\n
        \   },\n    {\n      \"namespace\": \"gecko.v2.try.pushdate.2024.11.04.20241104232927\",\n
        \     \"name\": \"20241104232927\",\n      \"expires\": \"2024-12-04T00:00:00.000Z\"\n
        \   },\n    {\n      \"namespace\": \"gecko.v2.try.pushdate.2024.11.04.20241104233650\",\n
        \     \"name\": \"20241104233650\",\n      \"expires\": \"2024-12-04T00:00:00.000Z\"\n
        \   },\n    {\n      \"namespace\": \"gecko.v2.try.pushdate.2024.11.04.20241104234449\",\n
        \     \"name\": \"20241104234449\",\n      \"expires\": \"2024-12-04T00:00:00.000Z\"\n
        \   },\n    {\n      \"namespace\": \"gecko.v2.try.pushdate.2024.11.04.20241104235808\",\n
        \     \"name\": \"20241104235808\",\n      \"expires\": \"2024-12-05T00:00:00.000Z\"\n
        \   },\n    {\n      \"namespace\": \"gecko.v2.try.pushdate.2024.11.04.20241104235931\",\n
        \     \"name\": \"20241104235931\",\n      \"expires\": \"2024-12-05T00:00:00.000Z\"\n
        \   },\n    {\n      \"namespace\": \"gecko.v2.try.pushdate.2024.11.04.latest\",\n
        \     \"name\": \"latest\",\n      \"expires\": \"2024-12-05T00:00:00.000Z\"\n
        \   }\n  ]\n}"
    headers:
      Access-Control-Allow-Headers:
      - X-Requested-With,Content-Type,Authorization,Accept,Origin,Cache-Control
      Access-Control-Allow-Methods:
      - OPTIONS,GET,HEAD,POST,PUT,DELETE,TRACE,CONNECT
      Access-Control-Allow-Origin:
      - '*'
      Access-Control-Max-Age:
      - '900'
      Access-Control-Request-Method:
      - '*'
      Alt-Svc:
      - clear
      Cache-Control:
      - no-store no-cache must-revalidate
      Content-Encoding:
      - gzip
      Content-Security-Policy:
      - report-uri /__cspreport__;default-src 'none';frame-ancestors 'none';
      Content-Type:
      - application/json; charset=utf-8
      Date:
      - Wed, 06 Nov 2024 20:17:11 GMT
      ETag:
      - W/"8a89-X/3A0Y+z1Nc9rbkzbfAgXItVOVo"
      Server:
      - openresty
      Strict-Transport-Security:
      - max-age=31536000
      Vary:
      - Accept-Encoding
      Via:
      - 1.1 google
      x-content-type-options:
      - nosniff
      x-for-request-id:
      - c2176153-f828-4c64-9c39-61e9a4387a97
      x-for-trace-id:
      - 97ecc90cc370f20245f4b2dac09b02d1
    status:
      code: 200
      message: OK
- request:
    body: null
    headers:
      Accept:
      - '*/*'
      Accept-Encoding:
      - gzip, deflate
      Connection:
      - keep-alive
      User-Agent:
      - python-requests/2.32.3
    method: GET
    uri: https://firefox-ci-tc.services.mozilla.com/api/index/v1/task/gecko.v2.try.shippable.2024.11.04.latest.firefox.linux-opt
  response:
    body:
      string: "{\n  \"namespace\": \"gecko.v2.try.shippable.2024.11.04.latest.firefox.linux-opt\",\n
        \ \"taskId\": \"R90M2gTfRhKuJzLRkr7Suw\",\n  \"rank\": 1730756602,\n  \"data\":
        {},\n  \"expires\": \"2024-12-02T21:52:01.867Z\"\n}"
    headers:
      Access-Control-Allow-Headers:
      - X-Requested-With,Content-Type,Authorization,Accept,Origin,Cache-Control
      Access-Control-Allow-Methods:
      - OPTIONS,GET,HEAD,POST,PUT,DELETE,TRACE,CONNECT
      Access-Control-Allow-Origin:
      - '*'
      Access-Control-Max-Age:
      - '900'
      Access-Control-Request-Method:
      - '*'
      Alt-Svc:
      - clear
      Cache-Control:
      - no-store no-cache must-revalidate
      Content-Length:
      - '194'
      Content-Security-Policy:
      - report-uri /__cspreport__;default-src 'none';frame-ancestors 'none';
      Content-Type:
      - application/json; charset=utf-8
      Date:
      - Wed, 06 Nov 2024 20:17:12 GMT
      ETag:
      - W/"c2-ccLeeIzLKn8fPH+oG7Ev9YHvfyk"
      Server:
      - openresty
      Strict-Transport-Security:
      - max-age=31536000
      Via:
      - 1.1 google
      x-content-type-options:
      - nosniff
      x-for-request-id:
      - 7b8c2f43-1bdb-45a7-8b36-87488c91d401
      x-for-trace-id:
      - 6a20c1bde471dfd2db2f127eecab05b5
    status:
      code: 200
      message: OK
- request:
    body: null
    headers:
      Accept:
      - '*/*'
      Accept-Encoding:
      - gzip, deflate
      Connection:
      - keep-alive
      User-Agent:
      - python-requests/2.32.3
    method: GET
    uri: https://firefox-ci-tc.services.mozilla.com/api/queue/v1/task/R90M2gTfRhKuJzLRkr7Suw/artifacts
  response:
    body:
      string: "{\n  \"artifacts\": [\n    {\n      \"storageType\": \"s3\",\n      \"name\":
        \"public/build/buildhub.json\",\n      \"expires\": \"2024-12-02T21:52:01.867Z\",\n
        \     \"contentType\": \"application/json\"\n    },\n    {\n      \"storageType\":
        \"s3\",\n      \"name\": \"public/build/config.status\",\n      \"expires\":
        \"2024-12-02T21:52:01.867Z\",\n      \"contentType\": \"application/octet-stream\"\n
        \   },\n    {\n      \"storageType\": \"s3\",\n      \"name\": \"public/build/host/bin/mar\",\n
        \     \"expires\": \"2024-12-02T21:52:01.867Z\",\n      \"contentType\": \"application/octet-stream\"\n
        \   },\n    {\n      \"storageType\": \"s3\",\n      \"name\": \"public/build/host/bin/mbsdiff\",\n
        \     \"expires\": \"2024-12-02T21:52:01.867Z\",\n      \"contentType\": \"application/octet-stream\"\n
        \   },\n    {\n      \"storageType\": \"s3\",\n      \"name\": \"public/build/mozharness.zip\",\n
        \     \"expires\": \"2024-12-02T21:52:01.867Z\",\n      \"contentType\": \"application/zip\"\n
        \   },\n    {\n      \"storageType\": \"s3\",\n      \"name\": \"public/build/profile_build_resources.json\",\n
        \     \"expires\": \"2024-12-02T21:52:01.867Z\",\n      \"contentType\": \"application/json\"\n
        \   },\n    {\n      \"storageType\": \"s3\",\n      \"name\": \"public/build/target.awsy.tests.tar.gz\",\n
        \     \"expires\": \"2024-12-02T21:52:01.867Z\",\n      \"contentType\": \"application/gzip\"\n
        \   },\n    {\n      \"storageType\": \"s3\",\n      \"name\": \"public/build/target.checksums\",\n
        \     \"expires\": \"2024-12-02T21:52:01.867Z\",\n      \"contentType\": \"application/octet-stream\"\n
        \   },\n    {\n      \"storageType\": \"s3\",\n      \"name\": \"public/build/target.common.tests.tar.gz\",\n
        \     \"expires\": \"2024-12-02T21:52:01.867Z\",\n      \"contentType\": \"application/gzip\"\n
        \   },\n    {\n      \"storageType\": \"s3\",\n      \"name\": \"public/build/target.condprof.tests.tar.gz\",\n
        \     \"expires\": \"2024-12-02T21:52:01.867Z\",\n      \"contentType\": \"application/gzip\"\n
        \   },\n    {\n      \"storageType\": \"s3\",\n      \"name\": \"public/build/target.cppunittest.tests.tar.gz\",\n
        \     \"expires\": \"2024-12-02T21:52:01.867Z\",\n      \"contentType\": \"application/gzip\"\n
        \   },\n    {\n      \"storageType\": \"s3\",\n      \"name\": \"public/build/target.crashreporter-symbols.zip\",\n
        \     \"expires\": \"2024-12-02T21:52:01.867Z\",\n      \"contentType\": \"application/zip\"\n
        \   },\n    {\n      \"storageType\": \"s3\",\n      \"name\": \"public/build/target.fuzztest.tests.tar.gz\",\n
        \     \"expires\": \"2024-12-02T21:52:01.867Z\",\n      \"contentType\": \"application/gzip\"\n
        \   },\n    {\n      \"storageType\": \"s3\",\n      \"name\": \"public/build/target.generated-files.tar.gz\",\n
        \     \"expires\": \"2024-12-02T21:52:01.867Z\",\n      \"contentType\": \"application/gzip\"\n
        \   },\n    {\n      \"storageType\": \"s3\",\n      \"name\": \"public/build/target.gtest.tests.tar.gz\",\n
        \     \"expires\": \"2024-12-02T21:52:01.867Z\",\n      \"contentType\": \"application/gzip\"\n
        \   },\n    {\n      \"storageType\": \"s3\",\n      \"name\": \"public/build/target_info.txt\",\n
        \     \"expires\": \"2024-12-02T21:52:01.867Z\",\n      \"contentType\": \"text/plain\"\n
        \   },\n    {\n      \"storageType\": \"s3\",\n      \"name\": \"public/build/target.jittest.tests.tar.gz\",\n
        \     \"expires\": \"2024-12-02T21:52:01.867Z\",\n      \"contentType\": \"application/gzip\"\n
        \   },\n    {\n      \"storageType\": \"s3\",\n      \"name\": \"public/build/target.json\",\n
        \     \"expires\": \"2024-12-02T21:52:01.867Z\",\n      \"contentType\": \"application/json\"\n
        \   },\n    {\n      \"storageType\": \"s3\",\n      \"name\": \"public/build/target.jsreftest.tests.tar.gz\",\n
        \     \"expires\": \"2024-12-02T21:52:01.867Z\",\n      \"contentType\": \"application/gzip\"\n
        \   },\n    {\n      \"storageType\": \"s3\",\n      \"name\": \"public/build/target.jsshell.zip\",\n
        \     \"expires\": \"2024-12-02T21:52:01.867Z\",\n      \"contentType\": \"application/zip\"\n
        \   },\n    {\n      \"storageType\": \"s3\",\n      \"name\": \"public/build/target.langpack.xpi\",\n
        \     \"expires\": \"2024-12-02T21:52:01.867Z\",\n      \"contentType\": \"application/x-xpinstall\"\n
        \   },\n    {\n      \"storageType\": \"s3\",\n      \"name\": \"public/build/target.mochitest.tests.tar.gz\",\n
        \     \"expires\": \"2024-12-02T21:52:01.867Z\",\n      \"contentType\": \"application/gzip\"\n
        \   },\n    {\n      \"storageType\": \"s3\",\n      \"name\": \"public/build/target.mozinfo.json\",\n
        \     \"expires\": \"2024-12-02T21:52:01.867Z\",\n      \"contentType\": \"application/json\"\n
        \   },\n    {\n      \"storageType\": \"s3\",\n      \"name\": \"public/build/target.perftests.tests.tar.gz\",\n
        \     \"expires\": \"2024-12-02T21:52:01.867Z\",\n      \"contentType\": \"application/gzip\"\n
        \   },\n    {\n      \"storageType\": \"s3\",\n      \"name\": \"public/build/target.raptor.tests.tar.gz\",\n
        \     \"expires\": \"2024-12-02T21:52:01.867Z\",\n      \"contentType\": \"application/gzip\"\n
        \   },\n    {\n      \"storageType\": \"s3\",\n      \"name\": \"public/build/target.reftest.tests.tar.gz\",\n
        \     \"expires\": \"2024-12-02T21:52:01.867Z\",\n      \"contentType\": \"application/gzip\"\n
        \   },\n    {\n      \"storageType\": \"s3\",\n      \"name\": \"public/build/target.talos.tests.tar.gz\",\n
        \     \"expires\": \"2024-12-02T21:52:01.867Z\",\n      \"contentType\": \"application/gzip\"\n
        \   },\n    {\n      \"storageType\": \"s3\",\n      \"name\": \"public/build/target.tar.bz2\",\n
        \     \"expires\": \"2024-12-02T21:52:01.867Z\",\n      \"contentType\": \"application/x-bzip2\"\n
        \   },\n    {\n      \"storageType\": \"s3\",\n      \"name\": \"public/build/target.test_packages.json\",\n
        \     \"expires\": \"2024-12-02T21:52:01.867Z\",\n      \"contentType\": \"application/json\"\n
        \   },\n    {\n      \"storageType\": \"s3\",\n      \"name\": \"public/build/target.txt\",\n
        \     \"expires\": \"2024-12-02T21:52:01.867Z\",\n      \"contentType\": \"text/plain\"\n
        \   },\n    {\n      \"storageType\": \"s3\",\n      \"name\": \"public/build/target.updater-dep.tests.tar.gz\",\n
        \     \"expires\": \"2024-12-02T21:52:01.867Z\",\n      \"contentType\": \"application/gzip\"\n
        \   },\n    {\n      \"storageType\": \"s3\",\n      \"name\": \"public/build/target.web-platform.tests.tar.gz\",\n
        \     \"expires\": \"2024-12-02T21:52:01.867Z\",\n      \"contentType\": \"application/gzip\"\n
        \   },\n    {\n      \"storageType\": \"s3\",\n      \"name\": \"public/build/target.xpcshell.tests.tar.gz\",\n
        \     \"expires\": \"2024-12-02T21:52:01.867Z\",\n      \"contentType\": \"application/gzip\"\n
        \   },\n    {\n      \"storageType\": \"s3\",\n      \"name\": \"public/build/target.xpt_artifacts.zip\",\n
        \     \"expires\": \"2024-12-02T21:52:01.867Z\",\n      \"contentType\": \"application/zip\"\n
        \   },\n    {\n      \"storageType\": \"s3\",\n      \"name\": \"public/chain-of-trust.json\",\n
        \     \"expires\": \"2024-12-02T21:52:01.867Z\",\n      \"contentType\": \"text/plain\"\n
        \   },\n    {\n      \"storageType\": \"s3\",\n      \"name\": \"public/chain-of-trust.json.sig\",\n
        \     \"expires\": \"2024-12-02T21:52:01.867Z\",\n      \"contentType\": \"application/octet-stream\"\n
        \   },\n    {\n      \"storageType\": \"error\",\n      \"name\": \"public/cidata/sccache.log\",\n
        \     \"expires\": \"2024-11-11T21:52:01.867Z\",\n      \"contentType\": \"application/binary\"\n
        \   },\n    {\n      \"storageType\": \"error\",\n      \"name\": \"public/cidata/sccache-stats.json\",\n
        \     \"expires\": \"2024-11-11T21:52:01.867Z\",\n      \"contentType\": \"application/binary\"\n
        \   },\n    {\n      \"storageType\": \"s3\",\n      \"name\": \"public/cidata/target.crashreporter-symbols-full.tar.zst\",\n
        \     \"expires\": \"2024-11-11T21:52:01.867Z\",\n      \"contentType\": \"application/octet-stream\"\n
        \   },\n    {\n      \"storageType\": \"s3\",\n      \"name\": \"public/logs/certified.log\",\n
        \     \"expires\": \"2024-12-02T21:52:01.867Z\",\n      \"contentType\": \"text/plain\"\n
        \   },\n    {\n      \"storageType\": \"s3\",\n      \"name\": \"public/logs/live_backing.log\",\n
        \     \"expires\": \"2024-12-02T21:52:01.867Z\",\n      \"contentType\": \"text/plain;
        charset=utf-8\"\n    },\n    {\n      \"storageType\": \"reference\",\n      \"name\":
        \"public/logs/live.log\",\n      \"expires\": \"2024-12-02T21:52:01.867Z\",\n
        \     \"contentType\": \"text/plain; charset=utf-8\"\n    },\n    {\n      \"storageType\":
        \"s3\",\n      \"name\": \"public/logs/localconfig.json\",\n      \"expires\":
        \"2024-12-02T21:52:01.867Z\",\n      \"contentType\": \"application/json\"\n
        \   }\n  ]\n}"
    headers:
      Access-Control-Allow-Headers:
      - X-Requested-With,Content-Type,Authorization,Accept,Origin,Cache-Control
      Access-Control-Allow-Methods:
      - OPTIONS,GET,HEAD,POST,PUT,DELETE,TRACE,CONNECT
      Access-Control-Allow-Origin:
      - '*'
      Access-Control-Max-Age:
      - '900'
      Access-Control-Request-Method:
      - '*'
      Alt-Svc:
      - clear
      Cache-Control:
      - no-store no-cache must-revalidate
      Content-Encoding:
      - gzip
      Content-Security-Policy:
      - report-uri /__cspreport__;default-src 'none';frame-ancestors 'none';
      Content-Type:
      - application/json; charset=utf-8
      Date:
      - Wed, 06 Nov 2024 20:17:12 GMT
      ETag:
      - W/"1e29-hWM+0j/fQx/lhLNDuivyBaOfucc"
      Server:
      - openresty
      Strict-Transport-Security:
      - max-age=31536000
      Vary:
      - Accept-Encoding
      Via:
      - 1.1 google
      x-content-type-options:
      - nosniff
      x-for-request-id:
      - 285d5315-1a70-4e72-9aff-add7a3df4b0f
      x-for-trace-id:
      - b0974743b40abe50f90aeceae4e3202a
    status:
      code: 200
      message: OK
- request:
    body: null
    headers:
      Accept:
      - '*/*'
      Accept-Encoding:
      - gzip, deflate
      Connection:
      - keep-alive
      User-Agent:
      - python-requests/2.32.3
    method: GET
    uri: https://firefox-ci-tc.services.mozilla.com/api/queue/v1/task/R90M2gTfRhKuJzLRkr7Suw/artifacts/public/build/target.json
  response:
    body:
      string: "{\n  \"storageType\": \"s3\",\n  \"url\": \"https://firefoxci.taskcluster-artifacts.net/R90M2gTfRhKuJzLRkr7Suw/0/public/build/target.json\"\n}"
    headers:
      Access-Control-Allow-Headers:
      - X-Requested-With,Content-Type,Authorization,Accept,Origin,Cache-Control
      Access-Control-Allow-Methods:
      - OPTIONS,GET,HEAD,POST,PUT,DELETE,TRACE,CONNECT
      Access-Control-Allow-Origin:
      - '*'
      Access-Control-Max-Age:
      - '900'
      Access-Control-Request-Method:
      - '*'
      Alt-Svc:
      - clear
      Cache-Control:
      - no-store no-cache must-revalidate
      Content-Length:
      - '131'
      Content-Security-Policy:
      - report-uri /__cspreport__;default-src 'none';frame-ancestors 'none';
      Content-Type:
      - application/json; charset=utf-8
      Date:
      - Wed, 06 Nov 2024 20:17:12 GMT
      ETag:
      - W/"83-EIHxdBLNkkriyOFZjSwlft3g0M0"
      Server:
      - openresty
      Strict-Transport-Security:
      - max-age=31536000
      Via:
      - 1.1 google
      location:
      - https://firefoxci.taskcluster-artifacts.net/R90M2gTfRhKuJzLRkr7Suw/0/public/build/target.json
      x-content-type-options:
      - nosniff
      x-for-request-id:
      - 33e6b43a-fcfb-41b9-9823-5927bdcd890d
      x-for-trace-id:
      - ed8d00348d3249bc0239ae75de06a160
      x-taskcluster-artifact-storage-type:
      - s3
    status:
      code: 303
      message: See Other
- request:
    body: null
    headers:
      Accept:
      - '*/*'
      Accept-Encoding:
      - gzip, deflate
      Connection:
      - keep-alive
      User-Agent:
      - python-requests/2.32.3
    method: GET
    uri: https://firefoxci.taskcluster-artifacts.net/R90M2gTfRhKuJzLRkr7Suw/0/public/build/target.json
  response:
    body:
      string: "{\n  \"as\": \"/builds/worker/fetches/clang/bin/clang --sysroot /builds/worker/fetches/sysroot-i686-linux-gnu
        -std=gnu99 -m32\",\n  \"buildid\": \"20241104214322\",\n  \"cc\": \"/builds/worker/fetches/clang/bin/clang
        --sysroot /builds/worker/fetches/sysroot-i686-linux-gnu -std=gnu99 -m32\",\n
        \ \"cxx\": \"/builds/worker/fetches/clang/bin/clang++ --sysroot /builds/worker/fetches/sysroot-i686-linux-gnu
        -m32\",\n  \"host\": \"x86_64-pc-linux-gnu\",\n  \"moz_app_id\": \"{ec8030f7-c20a-464f-9b0e-13a3a9e97384}\",\n
        \ \"moz_app_maxversion\": \"134.0a1\",\n  \"moz_app_name\": \"firefox\",\n
        \ \"moz_app_vendor\": \"Mozilla\",\n  \"moz_app_version\": \"134.0a1\",\n
        \ \"moz_pkg_platform\": \"linux-i686\",\n  \"moz_source_repo\": \"https://hg.mozilla.org/try\",\n
        \ \"moz_source_stamp\": \"d01e18adf93d53dc66ca662951eadc64016f00aa\",\n  \"moz_update_channel\":
        \"nightly-try\",\n  \"target\": \"i686-pc-linux-gnu\"\n}\n"
    headers:
      Accept-Ranges:
      - bytes
      Access-Control-Allow-Origin:
      - '*'
      Access-Control-Expose-Headers:
      - '*'
      Age:
      - '14350'
      Alt-Svc:
      - clear
      Cache-Control:
      - public,max-age=604800
      Content-Encoding:
      - gzip
      Content-Length:
      - '360'
      Content-Type:
      - application/json
      Date:
      - Wed, 06 Nov 2024 16:18:02 GMT
      ETag:
      - '"c1b5a5f700d6ed870fcc8c5289a4a7a1"'
      Last-Modified:
      - Mon, 04 Nov 2024 23:52:25 GMT
      Server:
      - UploadServer
      Vary:
      - Accept-Encoding
      X-GUploader-UploadID:
      - AHmUCY1uCqTyXYriqUAjM6XWbwadY1Wk9ohivruUCz62EI6E_JUKAHa2u3vUgYeVcbgN3U_XWZ7msu1BKA
      x-cache-status:
      - hit
      x-goog-generation:
      - '1730764345151456'
      x-goog-hash:
      - crc32c=DyWg4A==
      - md5=wbWl9wDW7YcPzIxSiaSnoQ==
      x-goog-metageneration:
      - '1'
      x-goog-storage-class:
      - STANDARD
      x-goog-stored-content-encoding:
      - gzip
      x-goog-stored-content-length:
      - '360'
    status:
      code: 200
      message: OK
- request:
    body: null
    headers:
      Accept:
      - '*/*'
      Accept-Encoding:
      - gzip, deflate
      Connection:
      - keep-alive
      User-Agent:
      - python-requests/2.32.3
    method: GET
    uri: https://firefox-ci-tc.services.mozilla.com/api/index/v1/task/gecko.v2.try.revision.ccec8d8d37c5472db3b4fe9968f7dfaf8176edf4.firefox.linux-opt
  response:
    body:
      string: "{\n  \"namespace\": \"gecko.v2.try.revision.ccec8d8d37c5472db3b4fe9968f7dfaf8176edf4.firefox.linux-opt\",\n
        \ \"taskId\": \"T5XWArqtT5yY2v6u6W1goQ\",\n  \"rank\": 1730723285,\n  \"data\":
        {},\n  \"expires\": \"2024-12-02T15:08:27.688Z\"\n}"
    headers:
      Access-Control-Allow-Headers:
      - X-Requested-With,Content-Type,Authorization,Accept,Origin,Cache-Control
      Access-Control-Allow-Methods:
      - OPTIONS,GET,HEAD,POST,PUT,DELETE,TRACE,CONNECT
      Access-Control-Allow-Origin:
      - '*'
      Access-Control-Max-Age:
      - '900'
      Access-Control-Request-Method:
      - '*'
      Alt-Svc:
      - clear
      Cache-Control:
      - no-store no-cache must-revalidate
      Content-Length:
      - '216'
      Content-Security-Policy:
      - report-uri /__cspreport__;default-src 'none';frame-ancestors 'none';
      Content-Type:
      - application/json; charset=utf-8
      Date:
      - Wed, 06 Nov 2024 20:17:12 GMT
      ETag:
      - W/"d8-+CYHwPlgNNLEVoYphZ/ZZnHqgrM"
      Server:
      - openresty
      Strict-Transport-Security:
      - max-age=31536000
      Via:
      - 1.1 google
      x-content-type-options:
      - nosniff
      x-for-request-id:
      - 4a231b02-1cf1-4c33-9a57-16f7620cbb39
      x-for-trace-id:
      - 293ef235dbe0d0701d3b064886b9400d
    status:
      code: 200
      message: OK
version: 1
