interactions:
- request:
    body: null
    headers:
      Accept:
      - '*/*'
      Accept-Encoding:
      - gzip, deflate
      Connection:
      - keep-alive
      User-Agent:
      - python-requests/2.32.3
    method: GET
    uri: https://firefox-ci-tc.services.mozilla.com/api/index/v1/task/gecko.v2.mozilla-central.latest.firefox.macosx64-aarch64-fuzzing-asan-opt
  response:
    body:
      string: "{\n  \"namespace\": \"gecko.v2.mozilla-central.latest.firefox.macosx64-aarch64-fuzzing-asan-opt\",\n
        \ \"taskId\": \"CQsnNSPsQeGo4eXl9ztdFw\",\n  \"rank\": 1730997975,\n  \"data\":
        {},\n  \"expires\": \"2025-11-07T16:49:52.729Z\"\n}"
    headers:
      Access-Control-Allow-Headers:
      - X-Requested-With,Content-Type,Authorization,Accept,Origin,Cache-Control
      Access-Control-Allow-Methods:
      - OPTIONS,GET,HEAD,POST,PUT,DELETE,TRACE,CONNECT
      Access-Control-Allow-Origin:
      - '*'
      Access-Control-Max-Age:
      - '900'
      Access-Control-Request-Method:
      - '*'
      Alt-Svc:
      - clear
      Cache-Control:
      - no-store no-cache must-revalidate
      Content-Length:
      - '209'
      Content-Security-Policy:
      - report-uri /__cspreport__;default-src 'none';frame-ancestors 'none';
      Content-Type:
      - application/json; charset=utf-8
      Date:
      - Thu, 07 Nov 2024 19:53:00 GMT
      ETag:
      - W/"d1-VsnJMX6LElFCGTmiA4EeyMZwVW0"
      Server:
      - openresty
      Strict-Transport-Security:
      - max-age=31536000
      Via:
      - 1.1 google
      x-content-type-options:
      - nosniff
      x-for-request-id:
      - 919cbe1a-656d-403a-ac1e-dc2e2ca9394d
      x-for-trace-id:
      - 5a8d4ce4d13459f16f3140d305e07eb9
    status:
      code: 200
      message: OK
- request:
    body: null
    headers:
      Accept:
      - '*/*'
      Accept-Encoding:
      - gzip, deflate
      Connection:
      - keep-alive
      User-Agent:
      - python-requests/2.32.3
    method: GET
    uri: https://firefox-ci-tc.services.mozilla.com/api/queue/v1/task/CQsnNSPsQeGo4eXl9ztdFw/artifacts
  response:
    body:
      string: "{\n  \"artifacts\": [\n    {\n      \"storageType\": \"s3\",\n      \"name\":
        \"public/build/buildhub.json\",\n      \"expires\": \"2025-11-07T16:49:52.729Z\",\n
        \     \"contentType\": \"application/json\"\n    },\n    {\n      \"storageType\":
        \"s3\",\n      \"name\": \"public/build/config.status\",\n      \"expires\":
        \"2025-11-07T16:49:52.729Z\",\n      \"contentType\": \"application/octet-stream\"\n
        \   },\n    {\n      \"storageType\": \"s3\",\n      \"name\": \"public/build/host/bin/mar\",\n
        \     \"expires\": \"2025-11-07T16:49:52.729Z\",\n      \"contentType\": \"application/octet-stream\"\n
        \   },\n    {\n      \"storageType\": \"s3\",\n      \"name\": \"public/build/host/bin/mbsdiff\",\n
        \     \"expires\": \"2025-11-07T16:49:52.729Z\",\n      \"contentType\": \"application/octet-stream\"\n
        \   },\n    {\n      \"storageType\": \"s3\",\n      \"name\": \"public/build/mozharness.zip\",\n
        \     \"expires\": \"2025-11-07T16:49:52.729Z\",\n      \"contentType\": \"application/zip\"\n
        \   },\n    {\n      \"storageType\": \"s3\",\n      \"name\": \"public/build/profile_build_resources.json\",\n
        \     \"expires\": \"2025-11-07T16:49:52.729Z\",\n      \"contentType\": \"application/json\"\n
        \   },\n    {\n      \"storageType\": \"s3\",\n      \"name\": \"public/build/target.awsy.tests.tar.gz\",\n
        \     \"expires\": \"2025-11-07T16:49:52.729Z\",\n      \"contentType\": \"application/gzip\"\n
        \   },\n    {\n      \"storageType\": \"s3\",\n      \"name\": \"public/build/target.checksums\",\n
        \     \"expires\": \"2025-11-07T16:49:52.729Z\",\n      \"contentType\": \"application/octet-stream\"\n
        \   },\n    {\n      \"storageType\": \"s3\",\n      \"name\": \"public/build/target.common.tests.tar.gz\",\n
        \     \"expires\": \"2025-11-07T16:49:52.729Z\",\n      \"contentType\": \"application/gzip\"\n
        \   },\n    {\n      \"storageType\": \"s3\",\n      \"name\": \"public/build/target.condprof.tests.tar.gz\",\n
        \     \"expires\": \"2025-11-07T16:49:52.729Z\",\n      \"contentType\": \"application/gzip\"\n
        \   },\n    {\n      \"storageType\": \"s3\",\n      \"name\": \"public/build/target.cppunittest.tests.tar.gz\",\n
        \     \"expires\": \"2025-11-07T16:49:52.729Z\",\n      \"contentType\": \"application/gzip\"\n
        \   },\n    {\n      \"storageType\": \"s3\",\n      \"name\": \"public/build/target.dmg\",\n
        \     \"expires\": \"2025-11-07T16:49:52.729Z\",\n      \"contentType\": \"application/octet-stream\"\n
        \   },\n    {\n      \"storageType\": \"s3\",\n      \"name\": \"public/build/target.fuzztest.tests.tar.gz\",\n
        \     \"expires\": \"2025-11-07T16:49:52.729Z\",\n      \"contentType\": \"application/gzip\"\n
        \   },\n    {\n      \"storageType\": \"s3\",\n      \"name\": \"public/build/target.generated-files.tar.gz\",\n
        \     \"expires\": \"2025-11-07T16:49:52.729Z\",\n      \"contentType\": \"application/gzip\"\n
        \   },\n    {\n      \"storageType\": \"s3\",\n      \"name\": \"public/build/target.gtest.tests.tar.gz\",\n
        \     \"expires\": \"2025-11-07T16:49:52.729Z\",\n      \"contentType\": \"application/gzip\"\n
        \   },\n    {\n      \"storageType\": \"s3\",\n      \"name\": \"public/build/target_info.txt\",\n
        \     \"expires\": \"2025-11-07T16:49:52.729Z\",\n      \"contentType\": \"text/plain\"\n
        \   },\n    {\n      \"storageType\": \"s3\",\n      \"name\": \"public/build/target.jittest.tests.tar.gz\",\n
        \     \"expires\": \"2025-11-07T16:49:52.729Z\",\n      \"contentType\": \"application/gzip\"\n
        \   },\n    {\n      \"storageType\": \"s3\",\n      \"name\": \"public/build/target.json\",\n
        \     \"expires\": \"2025-11-07T16:49:52.729Z\",\n      \"contentType\": \"application/json\"\n
        \   },\n    {\n      \"storageType\": \"s3\",\n      \"name\": \"public/build/target.jsreftest.tests.tar.gz\",\n
        \     \"expires\": \"2025-11-07T16:49:52.729Z\",\n      \"contentType\": \"application/gzip\"\n
        \   },\n    {\n      \"storageType\": \"s3\",\n      \"name\": \"public/build/target.jsshell.zip\",\n
        \     \"expires\": \"2025-11-07T16:49:52.729Z\",\n      \"contentType\": \"application/zip\"\n
        \   },\n    {\n      \"storageType\": \"s3\",\n      \"name\": \"public/build/target.langpack.xpi\",\n
        \     \"expires\": \"2025-11-07T16:49:52.729Z\",\n      \"contentType\": \"application/x-xpinstall\"\n
        \   },\n    {\n      \"storageType\": \"s3\",\n      \"name\": \"public/build/target.mochitest.tests.tar.gz\",\n
        \     \"expires\": \"2025-11-07T16:49:52.729Z\",\n      \"contentType\": \"application/gzip\"\n
        \   },\n    {\n      \"storageType\": \"s3\",\n      \"name\": \"public/build/target.mozinfo.json\",\n
        \     \"expires\": \"2025-11-07T16:49:52.729Z\",\n      \"contentType\": \"application/json\"\n
        \   },\n    {\n      \"storageType\": \"s3\",\n      \"name\": \"public/build/target.perftests.tests.tar.gz\",\n
        \     \"expires\": \"2025-11-07T16:49:52.729Z\",\n      \"contentType\": \"application/gzip\"\n
        \   },\n    {\n      \"storageType\": \"s3\",\n      \"name\": \"public/build/target.raptor.tests.tar.gz\",\n
        \     \"expires\": \"2025-11-07T16:49:52.729Z\",\n      \"contentType\": \"application/gzip\"\n
        \   },\n    {\n      \"storageType\": \"s3\",\n      \"name\": \"public/build/target.reftest.tests.tar.gz\",\n
        \     \"expires\": \"2025-11-07T16:49:52.729Z\",\n      \"contentType\": \"application/gzip\"\n
        \   },\n    {\n      \"storageType\": \"s3\",\n      \"name\": \"public/build/target.talos.tests.tar.gz\",\n
        \     \"expires\": \"2025-11-07T16:49:52.729Z\",\n      \"contentType\": \"application/gzip\"\n
        \   },\n    {\n      \"storageType\": \"s3\",\n      \"name\": \"public/build/target.test_packages.json\",\n
        \     \"expires\": \"2025-11-07T16:49:52.729Z\",\n      \"contentType\": \"application/json\"\n
        \   },\n    {\n      \"storageType\": \"s3\",\n      \"name\": \"public/build/target.txt\",\n
        \     \"expires\": \"2025-11-07T16:49:52.729Z\",\n      \"contentType\": \"text/plain\"\n
        \   },\n    {\n      \"storageType\": \"s3\",\n      \"name\": \"public/build/target.update_framework_artifacts.zip\",\n
        \     \"expires\": \"2025-11-07T16:49:52.729Z\",\n      \"contentType\": \"application/zip\"\n
        \   },\n    {\n      \"storageType\": \"s3\",\n      \"name\": \"public/build/target.updater-dep.tests.tar.gz\",\n
        \     \"expires\": \"2025-11-07T16:49:52.729Z\",\n      \"contentType\": \"application/gzip\"\n
        \   },\n    {\n      \"storageType\": \"s3\",\n      \"name\": \"public/build/target.web-platform.tests.tar.gz\",\n
        \     \"expires\": \"2025-11-07T16:49:52.729Z\",\n      \"contentType\": \"application/gzip\"\n
        \   },\n    {\n      \"storageType\": \"s3\",\n      \"name\": \"public/build/target.xpcshell.tests.tar.gz\",\n
        \     \"expires\": \"2025-11-07T16:49:52.729Z\",\n      \"contentType\": \"application/gzip\"\n
        \   },\n    {\n      \"storageType\": \"s3\",\n      \"name\": \"public/build/target.xpt_artifacts.zip\",\n
        \     \"expires\": \"2025-11-07T16:49:52.729Z\",\n      \"contentType\": \"application/zip\"\n
        \   },\n    {\n      \"storageType\": \"s3\",\n      \"name\": \"public/chain-of-trust.json\",\n
        \     \"expires\": \"2025-11-07T16:49:52.729Z\",\n      \"contentType\": \"text/plain\"\n
        \   },\n    {\n      \"storageType\": \"s3\",\n      \"name\": \"public/chain-of-trust.json.sig\",\n
        \     \"expires\": \"2025-11-07T16:49:52.729Z\",\n      \"contentType\": \"application/octet-stream\"\n
        \   },\n    {\n      \"storageType\": \"s3\",\n      \"name\": \"public/cidata/sccache.log\",\n
        \     \"expires\": \"2024-11-14T16:49:52.729Z\",\n      \"contentType\": \"text/plain\"\n
        \   },\n    {\n      \"storageType\": \"s3\",\n      \"name\": \"public/cidata/sccache-stats.json\",\n
        \     \"expires\": \"2024-11-14T16:49:52.729Z\",\n      \"contentType\": \"application/json\"\n
        \   },\n    {\n      \"storageType\": \"error\",\n      \"name\": \"public/cidata/target.crashreporter-symbols-full.tar.zst\",\n
        \     \"expires\": \"2024-11-14T16:49:52.729Z\",\n      \"contentType\": \"application/binary\"\n
        \   },\n    {\n      \"storageType\": \"s3\",\n      \"name\": \"public/logs/certified.log\",\n
        \     \"expires\": \"2025-11-07T16:49:52.729Z\",\n      \"contentType\": \"text/plain\"\n
        \   },\n    {\n      \"storageType\": \"s3\",\n      \"name\": \"public/logs/live_backing.log\",\n
        \     \"expires\": \"2025-11-07T16:49:52.729Z\",\n      \"contentType\": \"text/plain;
        charset=utf-8\"\n    },\n    {\n      \"storageType\": \"reference\",\n      \"name\":
        \"public/logs/live.log\",\n      \"expires\": \"2025-11-07T16:49:52.729Z\",\n
        \     \"contentType\": \"text/plain; charset=utf-8\"\n    },\n    {\n      \"storageType\":
        \"s3\",\n      \"name\": \"public/logs/localconfig.json\",\n      \"expires\":
        \"2025-11-07T16:49:52.729Z\",\n      \"contentType\": \"application/json\"\n
        \   }\n  ]\n}"
    headers:
      Access-Control-Allow-Headers:
      - X-Requested-With,Content-Type,Authorization,Accept,Origin,Cache-Control
      Access-Control-Allow-Methods:
      - OPTIONS,GET,HEAD,POST,PUT,DELETE,TRACE,CONNECT
      Access-Control-Allow-Origin:
      - '*'
      Access-Control-Max-Age:
      - '900'
      Access-Control-Request-Method:
      - '*'
      Alt-Svc:
      - clear
      Cache-Control:
      - no-store no-cache must-revalidate
      Content-Security-Policy:
      - report-uri /__cspreport__;default-src 'none';frame-ancestors 'none';
      Content-Type:
      - application/json; charset=utf-8
      Date:
      - Thu, 07 Nov 2024 19:53:00 GMT
      ETag:
      - W/"1e1c-fzQGO+MOtDLCYP3lBFJOPMqta0g"
      Server:
      - openresty
      Strict-Transport-Security:
      - max-age=31536000
      Vary:
      - Accept-Encoding
      Via:
      - 1.1 google
      content-length:
      - '7708'
      x-content-type-options:
      - nosniff
      x-for-request-id:
      - bc65d27e-4d1a-4544-9b22-f117fd02c611
      x-for-trace-id:
      - 621b885f357730e6f9b1a2b9fcd6fd8c
    status:
      code: 200
      message: OK
- request:
    body: null
    headers:
      Accept:
      - '*/*'
      Accept-Encoding:
      - gzip, deflate
      Connection:
      - keep-alive
      User-Agent:
      - python-requests/2.32.3
    method: GET
    uri: https://firefox-ci-tc.services.mozilla.com/api/queue/v1/task/CQsnNSPsQeGo4eXl9ztdFw/artifacts/public/build/target.json
  response:
    body:
      string: "{\n  \"storageType\": \"s3\",\n  \"url\": \"https://firefoxci.taskcluster-artifacts.net/CQsnNSPsQeGo4eXl9ztdFw/0/public/build/target.json\"\n}"
    headers:
      Access-Control-Allow-Headers:
      - X-Requested-With,Content-Type,Authorization,Accept,Origin,Cache-Control
      Access-Control-Allow-Methods:
      - OPTIONS,GET,HEAD,POST,PUT,DELETE,TRACE,CONNECT
      Access-Control-Allow-Origin:
      - '*'
      Access-Control-Max-Age:
      - '900'
      Access-Control-Request-Method:
      - '*'
      Alt-Svc:
      - clear
      Cache-Control:
      - no-store no-cache must-revalidate
      Content-Length:
      - '131'
      Content-Security-Policy:
      - report-uri /__cspreport__;default-src 'none';frame-ancestors 'none';
      Content-Type:
      - application/json; charset=utf-8
      Date:
      - Thu, 07 Nov 2024 19:53:01 GMT
      ETag:
      - W/"83-r+zpo3BRj2XXe9uON8pnmFUJY/o"
      Server:
      - openresty
      Strict-Transport-Security:
      - max-age=31536000
      Via:
      - 1.1 google
      location:
      - https://firefoxci.taskcluster-artifacts.net/CQsnNSPsQeGo4eXl9ztdFw/0/public/build/target.json
      x-content-type-options:
      - nosniff
      x-for-request-id:
      - 7e5889c4-6a23-4af7-b6a4-42c58639abc9
      x-for-trace-id:
      - e2f1199acfb5c4d4ad95f864817d74aa
      x-taskcluster-artifact-storage-type:
      - s3
    status:
      code: 303
      message: See Other
- request:
    body: null
    headers:
      Accept:
      - '*/*'
      Accept-Encoding:
      - gzip, deflate
      Connection:
      - keep-alive
      User-Agent:
      - python-requests/2.32.3
    method: GET
    uri: https://firefoxci.taskcluster-artifacts.net/CQsnNSPsQeGo4eXl9ztdFw/0/public/build/target.json
  response:
    body:
      string: "{\n  \"as\": \"/builds/worker/fetches/sccache/sccache /builds/worker/fetches/clang/bin/clang
        -isysroot /builds/worker/fetches/MacOSX14.4.sdk -mmacosx-version-min=11.0
        -std=gnu99 --target=aarch64-apple-darwin\",\n  \"buildid\": \"20241107164615\",\n
        \ \"cc\": \"/builds/worker/fetches/sccache/sccache /builds/worker/fetches/clang/bin/clang
        -isysroot /builds/worker/fetches/MacOSX14.4.sdk -mmacosx-version-min=11.0
        -std=gnu99 --target=aarch64-apple-darwin\",\n  \"cxx\": \"/builds/worker/fetches/sccache/sccache
        /builds/worker/fetches/clang/bin/clang++ -isysroot /builds/worker/fetches/MacOSX14.4.sdk
        -mmacosx-version-min=11.0 -stdlib=libc++ --target=aarch64-apple-darwin\",\n
        \ \"host\": \"x86_64-pc-linux-gnu\",\n  \"moz_app_id\": \"{ec8030f7-c20a-464f-9b0e-13a3a9e97384}\",\n
        \ \"moz_app_maxversion\": \"134.0a1\",\n  \"moz_app_name\": \"firefox\",\n
        \ \"moz_app_vendor\": \"Mozilla\",\n  \"moz_app_version\": \"134.0a1\",\n
        \ \"moz_pkg_platform\": \"mac-asan\",\n  \"moz_source_repo\": \"https://hg.mozilla.org/mozilla-central\",\n
        \ \"moz_source_stamp\": \"b1059d322d9fb03740953ffab81dae731d94e138\",\n  \"moz_update_channel\":
        \"default\",\n  \"target\": \"aarch64-apple-darwin\"\n}\n"
    headers:
      Accept-Ranges:
      - bytes
      Access-Control-Allow-Origin:
      - '*'
      Access-Control-Expose-Headers:
      - '*'
      Age:
      - '3856'
      Alt-Svc:
      - clear
      Cache-Control:
      - public,max-age=604800
      Content-Type:
      - application/json
      Date:
      - Thu, 07 Nov 2024 18:48:45 GMT
      ETag:
      - '"78b9d930665b953de45932c8570b64d2"'
      Last-Modified:
      - Thu, 07 Nov 2024 17:45:03 GMT
      Server:
      - UploadServer
      Vary:
      - Accept-Encoding
      X-GUploader-UploadID:
      - AHmUCY3XrcI80m9K6Z5om5OE2kpPg3Zu_ejuO2R8dLGLqzH9JD2hD1UnJC37veKhI6rFxsOCAjI
      content-length:
      - '1105'
      x-cache-status:
      - hit
      x-goog-generation:
      - '1731001503032112'
      x-goog-hash:
      - crc32c=0hM4Kg==
      - md5=eLnZMGZblT3kWTLIVwtk0g==
      x-goog-metageneration:
      - '1'
      x-goog-storage-class:
      - STANDARD
      x-goog-stored-content-encoding:
      - gzip
      x-goog-stored-content-length:
      - '419'
    status:
      code: 200
      message: OK
- request:
    body: null
    headers:
      Accept:
      - '*/*'
      Accept-Encoding:
      - gzip, deflate
      Connection:
      - keep-alive
      User-Agent:
      - python-requests/2.32.5
    method: GET
    uri: https://firefox-ci-tc.services.mozilla.com/api/index/v1/task/gecko.v2.mozilla-central.latest.firefox.macosx64-aarch64-fuzzing-asan
  response:
    body:
      string: "{\n  \"code\": \"ResourceNotFound\",\n  \"message\": \"Indexed task
        not found\\n\\n---\\n\\n* method:     findTask\\n* errorCode:  ResourceNotFound\\n*
        statusCode: 404\\n* time:       2025-10-29T17:51:17.722Z\",\n  \"requestInfo\":
        {\n    \"method\": \"findTask\",\n    \"params\": {\n      \"indexPath\":
        \"gecko.v2.mozilla-central.latest.firefox.macosx64-aarch64-fuzzing-asan\"\n
        \   },\n    \"payload\": {},\n    \"time\": \"2025-10-29T17:51:17.722Z\"\n
        \ }\n}"
    headers:
      Connection:
      - keep-alive
      Content-Length:
      - '417'
      Date:
      - Wed, 29 Oct 2025 17:51:17 GMT
      Vary:
      - Accept-Encoding
      X-Cache:
      - MISS, MISS
      X-Cache-Hits:
      - 0, 0
      X-Served-By:
      - cache-chi-kigq8000162-CHI, cache-chi-kigq8000162-CHI
      X-Timer:
      - S1761760278.677151,VS0,VE82
      accept-ranges:
      - bytes
      access-control-allow-headers:
      - X-Requested-With,Content-Type,Authorization,Accept,Origin,Cache-Control
      access-control-allow-methods:
      - OPTIONS,GET,HEAD,POST,PUT,DELETE,TRACE,CONNECT
      access-control-allow-origin:
      - '*'
      access-control-max-age:
      - '900'
      access-control-request-method:
      - '*'
      cache-control:
      - no-store no-cache must-revalidate
      content-security-policy:
      - report-uri /__cspreport__;default-src 'none';frame-ancestors 'none';
      content-type:
      - application/json; charset=utf-8
      etag:
      - W/"1a1-I7v50bF6zqnDeh4qGhmzPOSQPGA"
      server:
      - openresty
      strict-transport-security:
      - max-age=31536000
      via:
      - 1.1 google, 1.1 varnish, 1.1 varnish
      x-content-type-options:
      - nosniff
      x-for-request-id:
      - 8532fbf3-39fb-4d76-931c-db02fc4b444d
      x-for-trace-id:
      - aee5901fb499aa578b75481da7d3e559
    status:
      code: 404
      message: Not Found
- request:
    body: null
    headers:
      Accept:
      - '*/*'
      Accept-Encoding:
      - gzip, deflate
      Connection:
      - keep-alive
      User-Agent:
      - python-requests/2.32.5
    method: GET
    uri: https://firefox-ci-tc.services.mozilla.com/api/index/v1/task/gecko.v2.mozilla-central.latest.firefox.sm-macosx64-aarch64-fuzzing-asan-opt
  response:
    body:
      string: "{\n  \"code\": \"ResourceNotFound\",\n  \"message\": \"Indexed task
        not found\\n\\n---\\n\\n* method:     findTask\\n* errorCode:  ResourceNotFound\\n*
        statusCode: 404\\n* time:       2025-10-29T17:51:17.843Z\",\n  \"requestInfo\":
        {\n    \"method\": \"findTask\",\n    \"params\": {\n      \"indexPath\":
        \"gecko.v2.mozilla-central.latest.firefox.sm-macosx64-aarch64-fuzzing-asan-opt\"\n
        \   },\n    \"payload\": {},\n    \"time\": \"2025-10-29T17:51:17.843Z\"\n
        \ }\n}"
    headers:
      Connection:
      - keep-alive
      Content-Length:
      - '424'
      Date:
      - Wed, 29 Oct 2025 17:51:17 GMT
      Vary:
      - Accept-Encoding
      X-Cache:
      - MISS, MISS
      X-Cache-Hits:
      - 0, 0
      X-Served-By:
      - cache-chi-kigq8000046-CHI, cache-chi-kigq8000162-CHI
      X-Timer:
      - S1761760278.793549,VS0,VE85
      accept-ranges:
      - bytes
      access-control-allow-headers:
      - X-Requested-With,Content-Type,Authorization,Accept,Origin,Cache-Control
      access-control-allow-methods:
      - OPTIONS,GET,HEAD,POST,PUT,DELETE,TRACE,CONNECT
      access-control-allow-origin:
      - '*'
      access-control-max-age:
      - '900'
      access-control-request-method:
      - '*'
      cache-control:
      - no-store no-cache must-revalidate
      content-security-policy:
      - report-uri /__cspreport__;default-src 'none';frame-ancestors 'none';
      content-type:
      - application/json; charset=utf-8
      etag:
      - W/"1a8-TUJEcDKmbaQnLkLpASSJgw3/zt4"
      server:
      - openresty
      strict-transport-security:
      - max-age=31536000
      via:
      - 1.1 google, 1.1 varnish, 1.1 varnish
      x-content-type-options:
      - nosniff
      x-for-request-id:
      - 4ce848bd-b252-4af5-9920-d84d00ba9079
      x-for-trace-id:
      - a2d80e1ba67af5d68ae9c53341464862
    status:
      code: 404
      message: Not Found
- request:
    body: null
    headers:
      Accept:
      - '*/*'
      Accept-Encoding:
      - gzip, deflate
      Connection:
      - keep-alive
      User-Agent:
      - python-requests/2.32.5
    method: GET
    uri: https://firefox-ci-tc.services.mozilla.com/api/index/v1/task/gecko.v2.mozilla-central.latest.firefox.sm-macosx64-aarch64-fuzzing-asan
  response:
    body:
      string: "{\n  \"code\": \"ResourceNotFound\",\n  \"message\": \"Indexed task
        not found\\n\\n---\\n\\n* method:     findTask\\n* errorCode:  ResourceNotFound\\n*
        statusCode: 404\\n* time:       2025-10-29T17:51:17.958Z\",\n  \"requestInfo\":
        {\n    \"method\": \"findTask\",\n    \"params\": {\n      \"indexPath\":
        \"gecko.v2.mozilla-central.latest.firefox.sm-macosx64-aarch64-fuzzing-asan\"\n
        \   },\n    \"payload\": {},\n    \"time\": \"2025-10-29T17:51:17.958Z\"\n
        \ }\n}"
    headers:
      Connection:
      - keep-alive
      Content-Length:
      - '420'
      Date:
      - Wed, 29 Oct 2025 17:51:17 GMT
      Vary:
      - Accept-Encoding
      X-Cache:
      - MISS, MISS
      X-Cache-Hits:
      - 0, 0
      X-Served-By:
      - cache-chi-kigq8000162-CHI, cache-chi-kigq8000162-CHI
      X-Timer:
      - S1761760278.911934,VS0,VE83
      accept-ranges:
      - bytes
      access-control-allow-headers:
      - X-Requested-With,Content-Type,Authorization,Accept,Origin,Cache-Control
      access-control-allow-methods:
      - OPTIONS,GET,HEAD,POST,PUT,DELETE,TRACE,CONNECT
      access-control-allow-origin:
      - '*'
      access-control-max-age:
      - '900'
      access-control-request-method:
      - '*'
      cache-control:
      - no-store no-cache must-revalidate
      content-security-policy:
      - report-uri /__cspreport__;default-src 'none';frame-ancestors 'none';
      content-type:
      - application/json; charset=utf-8
      etag:
      - W/"1a4-MylEzQcjCEgZe/1y3AmHQpzjPUk"
      server:
      - openresty
      strict-transport-security:
      - max-age=31536000
      via:
      - 1.1 google, 1.1 varnish, 1.1 varnish
      x-content-type-options:
      - nosniff
      x-for-request-id:
      - ca4ce109-7277-482a-83ff-20c67a40165b
      x-for-trace-id:
      - f18716a19314619282804b857d8f9aab
    status:
      code: 404
      message: Not Found
version: 1
