interactions:
- request:
    body: null
    headers:
      Accept:
      - '*/*'
      Accept-Encoding:
      - gzip, deflate
      Connection:
      - keep-alive
      User-Agent:
      - python-requests/2.32.3
    method: GET
    uri: https://firefox-ci-tc.services.mozilla.com/api/index/v1/task/gecko.v2.try.latest.mobile.android-aarch64-opt
  response:
    body:
      string: "{\n  \"namespace\": \"gecko.v2.try.latest.mobile.android-aarch64-opt\",\n
        \ \"taskId\": \"H7DAGdv5TgKbkpqEP6_ZjQ\",\n  \"rank\": 1731006632,\n  \"data\":
        {},\n  \"expires\": \"2024-12-05T19:15:48.379Z\"\n}"
    headers:
      Access-Control-Allow-Headers:
      - X-Requested-With,Content-Type,Authorization,Accept,Origin,Cache-Control
      Access-Control-Allow-Methods:
      - OPTIONS,GET,HEAD,POST,PUT,DELETE,TRACE,CONNECT
      Access-Control-Allow-Origin:
      - '*'
      Access-Control-Max-Age:
      - '900'
      Access-Control-Request-Method:
      - '*'
      Alt-Svc:
      - clear
      Cache-Control:
      - no-store no-cache must-revalidate
      Content-Length:
      - '182'
      Content-Security-Policy:
      - report-uri /__cspreport__;default-src 'none';frame-ancestors 'none';
      Content-Type:
      - application/json; charset=utf-8
      Date:
      - Thu, 07 Nov 2024 19:52:09 GMT
      ETag:
      - W/"b6-yF4DOtEJPCxRUc7sWjk9GaSjhqk"
      Server:
      - openresty
      Strict-Transport-Security:
      - max-age=31536000
      Via:
      - 1.1 google
      x-content-type-options:
      - nosniff
      x-for-request-id:
      - 0ee243ce-9e38-450c-afe3-54ac839bfdda
      x-for-trace-id:
      - acdd5c71cbe45ffa9bcf092f16d52662
    status:
      code: 200
      message: OK
- request:
    body: null
    headers:
      Accept:
      - '*/*'
      Accept-Encoding:
      - gzip, deflate
      Connection:
      - keep-alive
      User-Agent:
      - python-requests/2.32.3
    method: GET
    uri: https://firefox-ci-tc.services.mozilla.com/api/queue/v1/task/H7DAGdv5TgKbkpqEP6_ZjQ/artifacts
  response:
    body:
      string: "{\n  \"artifacts\": [\n    {\n      \"storageType\": \"s3\",\n      \"name\":
        \"public/build/buildhub.json\",\n      \"expires\": \"2024-12-05T19:15:48.379Z\",\n
        \     \"contentType\": \"application/json\"\n    },\n    {\n      \"storageType\":
        \"s3\",\n      \"name\": \"public/build/config.status\",\n      \"expires\":
        \"2024-12-05T19:15:48.379Z\",\n      \"contentType\": \"application/octet-stream\"\n
        \   },\n    {\n      \"storageType\": \"s3\",\n      \"name\": \"public/build/geckoview-androidTest.apk\",\n
        \     \"expires\": \"2024-12-05T19:15:48.379Z\",\n      \"contentType\": \"application/vnd.android.package-archive\"\n
        \   },\n    {\n      \"storageType\": \"s3\",\n      \"name\": \"public/build/geckoview_example.aab\",\n
        \     \"expires\": \"2024-12-05T19:15:48.379Z\",\n      \"contentType\": \"application/x-authorware-bin\"\n
        \   },\n    {\n      \"storageType\": \"s3\",\n      \"name\": \"public/build/geckoview_example.apk\",\n
        \     \"expires\": \"2024-12-05T19:15:48.379Z\",\n      \"contentType\": \"application/vnd.android.package-archive\"\n
        \   },\n    {\n      \"storageType\": \"s3\",\n      \"name\": \"public/build/geckoview-test_runner.aab\",\n
        \     \"expires\": \"2024-12-05T19:15:48.379Z\",\n      \"contentType\": \"application/x-authorware-bin\"\n
        \   },\n    {\n      \"storageType\": \"s3\",\n      \"name\": \"public/build/geckoview-test_runner.apk\",\n
        \     \"expires\": \"2024-12-05T19:15:48.379Z\",\n      \"contentType\": \"application/vnd.android.package-archive\"\n
        \   },\n    {\n      \"storageType\": \"s3\",\n      \"name\": \"public/build/maven/org/mozilla/geckoview/geckoview-default-omni-arm64-v8a/133.0.20241107191032/geckoview-default-omni-arm64-v8a-133.0.20241107191032.aar\",\n
        \     \"expires\": \"2024-12-05T19:15:48.379Z\",\n      \"contentType\": \"application/octet-stream\"\n
        \   },\n    {\n      \"storageType\": \"s3\",\n      \"name\": \"public/build/maven/org/mozilla/geckoview/geckoview-default-omni-arm64-v8a/133.0.20241107191032/geckoview-default-omni-arm64-v8a-133.0.20241107191032.aar.md5\",\n
        \     \"expires\": \"2024-12-05T19:15:48.379Z\",\n      \"contentType\": \"application/octet-stream\"\n
        \   },\n    {\n      \"storageType\": \"s3\",\n      \"name\": \"public/build/maven/org/mozilla/geckoview/geckoview-default-omni-arm64-v8a/133.0.20241107191032/geckoview-default-omni-arm64-v8a-133.0.20241107191032.aar.sha1\",\n
        \     \"expires\": \"2024-12-05T19:15:48.379Z\",\n      \"contentType\": \"application/octet-stream\"\n
        \   },\n    {\n      \"storageType\": \"s3\",\n      \"name\": \"public/build/maven/org/mozilla/geckoview/geckoview-default-omni-arm64-v8a/133.0.20241107191032/geckoview-default-omni-arm64-v8a-133.0.20241107191032.aar.sha256\",\n
        \     \"expires\": \"2024-12-05T19:15:48.379Z\",\n      \"contentType\": \"application/octet-stream\"\n
        \   },\n    {\n      \"storageType\": \"s3\",\n      \"name\": \"public/build/maven/org/mozilla/geckoview/geckoview-default-omni-arm64-v8a/133.0.20241107191032/geckoview-default-omni-arm64-v8a-133.0.20241107191032.aar.sha512\",\n
        \     \"expires\": \"2024-12-05T19:15:48.379Z\",\n      \"contentType\": \"application/octet-stream\"\n
        \   },\n    {\n      \"storageType\": \"s3\",\n      \"name\": \"public/build/maven/org/mozilla/geckoview/geckoview-default-omni-arm64-v8a/133.0.20241107191032/geckoview-default-omni-arm64-v8a-133.0.20241107191032-javadoc.jar\",\n
        \     \"expires\": \"2024-12-05T19:15:48.379Z\",\n      \"contentType\": \"application/java-archive\"\n
        \   },\n    {\n      \"storageType\": \"s3\",\n      \"name\": \"public/build/maven/org/mozilla/geckoview/geckoview-default-omni-arm64-v8a/133.0.20241107191032/geckoview-default-omni-arm64-v8a-133.0.20241107191032-javadoc.jar.md5\",\n
        \     \"expires\": \"2024-12-05T19:15:48.379Z\",\n      \"contentType\": \"application/octet-stream\"\n
        \   },\n    {\n      \"storageType\": \"s3\",\n      \"name\": \"public/build/maven/org/mozilla/geckoview/geckoview-default-omni-arm64-v8a/133.0.20241107191032/geckoview-default-omni-arm64-v8a-133.0.20241107191032-javadoc.jar.sha1\",\n
        \     \"expires\": \"2024-12-05T19:15:48.379Z\",\n      \"contentType\": \"application/octet-stream\"\n
        \   },\n    {\n      \"storageType\": \"s3\",\n      \"name\": \"public/build/maven/org/mozilla/geckoview/geckoview-default-omni-arm64-v8a/133.0.20241107191032/geckoview-default-omni-arm64-v8a-133.0.20241107191032-javadoc.jar.sha256\",\n
        \     \"expires\": \"2024-12-05T19:15:48.379Z\",\n      \"contentType\": \"application/octet-stream\"\n
        \   },\n    {\n      \"storageType\": \"s3\",\n      \"name\": \"public/build/maven/org/mozilla/geckoview/geckoview-default-omni-arm64-v8a/133.0.20241107191032/geckoview-default-omni-arm64-v8a-133.0.20241107191032-javadoc.jar.sha512\",\n
        \     \"expires\": \"2024-12-05T19:15:48.379Z\",\n      \"contentType\": \"application/octet-stream\"\n
        \   },\n    {\n      \"storageType\": \"s3\",\n      \"name\": \"public/build/maven/org/mozilla/geckoview/geckoview-default-omni-arm64-v8a/133.0.20241107191032/geckoview-default-omni-arm64-v8a-133.0.20241107191032.module\",\n
        \     \"expires\": \"2024-12-05T19:15:48.379Z\",\n      \"contentType\": \"application/octet-stream\"\n
        \   },\n    {\n      \"storageType\": \"s3\",\n      \"name\": \"public/build/maven/org/mozilla/geckoview/geckoview-default-omni-arm64-v8a/133.0.20241107191032/geckoview-default-omni-arm64-v8a-133.0.20241107191032.module.md5\",\n
        \     \"expires\": \"2024-12-05T19:15:48.379Z\",\n      \"contentType\": \"application/octet-stream\"\n
        \   },\n    {\n      \"storageType\": \"s3\",\n      \"name\": \"public/build/maven/org/mozilla/geckoview/geckoview-default-omni-arm64-v8a/133.0.20241107191032/geckoview-default-omni-arm64-v8a-133.0.20241107191032.module.sha1\",\n
        \     \"expires\": \"2024-12-05T19:15:48.379Z\",\n      \"contentType\": \"application/octet-stream\"\n
        \   },\n    {\n      \"storageType\": \"s3\",\n      \"name\": \"public/build/maven/org/mozilla/geckoview/geckoview-default-omni-arm64-v8a/133.0.20241107191032/geckoview-default-omni-arm64-v8a-133.0.20241107191032.module.sha256\",\n
        \     \"expires\": \"2024-12-05T19:15:48.379Z\",\n      \"contentType\": \"application/octet-stream\"\n
        \   },\n    {\n      \"storageType\": \"s3\",\n      \"name\": \"public/build/maven/org/mozilla/geckoview/geckoview-default-omni-arm64-v8a/133.0.20241107191032/geckoview-default-omni-arm64-v8a-133.0.20241107191032.module.sha512\",\n
        \     \"expires\": \"2024-12-05T19:15:48.379Z\",\n      \"contentType\": \"application/octet-stream\"\n
        \   },\n    {\n      \"storageType\": \"s3\",\n      \"name\": \"public/build/maven/org/mozilla/geckoview/geckoview-default-omni-arm64-v8a/133.0.20241107191032/geckoview-default-omni-arm64-v8a-133.0.20241107191032.pom\",\n
        \     \"expires\": \"2024-12-05T19:15:48.379Z\",\n      \"contentType\": \"application/octet-stream\"\n
        \   },\n    {\n      \"storageType\": \"s3\",\n      \"name\": \"public/build/maven/org/mozilla/geckoview/geckoview-default-omni-arm64-v8a/133.0.20241107191032/geckoview-default-omni-arm64-v8a-133.0.20241107191032.pom.md5\",\n
        \     \"expires\": \"2024-12-05T19:15:48.379Z\",\n      \"contentType\": \"application/octet-stream\"\n
        \   },\n    {\n      \"storageType\": \"s3\",\n      \"name\": \"public/build/maven/org/mozilla/geckoview/geckoview-default-omni-arm64-v8a/133.0.20241107191032/geckoview-default-omni-arm64-v8a-133.0.20241107191032.pom.sha1\",\n
        \     \"expires\": \"2024-12-05T19:15:48.379Z\",\n      \"contentType\": \"application/octet-stream\"\n
        \   },\n    {\n      \"storageType\": \"s3\",\n      \"name\": \"public/build/maven/org/mozilla/geckoview/geckoview-default-omni-arm64-v8a/133.0.20241107191032/geckoview-default-omni-arm64-v8a-133.0.20241107191032.pom.sha256\",\n
        \     \"expires\": \"2024-12-05T19:15:48.379Z\",\n      \"contentType\": \"application/octet-stream\"\n
        \   },\n    {\n      \"storageType\": \"s3\",\n      \"name\": \"public/build/maven/org/mozilla/geckoview/geckoview-default-omni-arm64-v8a/133.0.20241107191032/geckoview-default-omni-arm64-v8a-133.0.20241107191032.pom.sha512\",\n
        \     \"expires\": \"2024-12-05T19:15:48.379Z\",\n      \"contentType\": \"application/octet-stream\"\n
        \   },\n    {\n      \"storageType\": \"s3\",\n      \"name\": \"public/build/maven/org/mozilla/geckoview/geckoview-default-omni-arm64-v8a/133.0.20241107191032/geckoview-default-omni-arm64-v8a-133.0.20241107191032-sources.jar\",\n
        \     \"expires\": \"2024-12-05T19:15:48.379Z\",\n      \"contentType\": \"application/java-archive\"\n
        \   },\n    {\n      \"storageType\": \"s3\",\n      \"name\": \"public/build/maven/org/mozilla/geckoview/geckoview-default-omni-arm64-v8a/133.0.20241107191032/geckoview-default-omni-arm64-v8a-133.0.20241107191032-sources.jar.md5\",\n
        \     \"expires\": \"2024-12-05T19:15:48.379Z\",\n      \"contentType\": \"application/octet-stream\"\n
        \   },\n    {\n      \"storageType\": \"s3\",\n      \"name\": \"public/build/maven/org/mozilla/geckoview/geckoview-default-omni-arm64-v8a/133.0.20241107191032/geckoview-default-omni-arm64-v8a-133.0.20241107191032-sources.jar.sha1\",\n
        \     \"expires\": \"2024-12-05T19:15:48.379Z\",\n      \"contentType\": \"application/octet-stream\"\n
        \   },\n    {\n      \"storageType\": \"s3\",\n      \"name\": \"public/build/maven/org/mozilla/geckoview/geckoview-default-omni-arm64-v8a/133.0.20241107191032/geckoview-default-omni-arm64-v8a-133.0.20241107191032-sources.jar.sha256\",\n
        \     \"expires\": \"2024-12-05T19:15:48.379Z\",\n      \"contentType\": \"application/octet-stream\"\n
        \   },\n    {\n      \"storageType\": \"s3\",\n      \"name\": \"public/build/maven/org/mozilla/geckoview/geckoview-default-omni-arm64-v8a/133.0.20241107191032/geckoview-default-omni-arm64-v8a-133.0.20241107191032-sources.jar.sha512\",\n
        \     \"expires\": \"2024-12-05T19:15:48.379Z\",\n      \"contentType\": \"application/octet-stream\"\n
        \   },\n    {\n      \"storageType\": \"s3\",\n      \"name\": \"public/build/maven/org/mozilla/geckoview/geckoview-default-omni-arm64-v8a/maven-metadata.xml\",\n
        \     \"expires\": \"2024-12-05T19:15:48.379Z\",\n      \"contentType\": \"application/xml\"\n
        \   },\n    {\n      \"storageType\": \"s3\",\n      \"name\": \"public/build/maven/org/mozilla/geckoview/geckoview-default-omni-arm64-v8a/maven-metadata.xml.md5\",\n
        \     \"expires\": \"2024-12-05T19:15:48.379Z\",\n      \"contentType\": \"application/octet-stream\"\n
        \   },\n    {\n      \"storageType\": \"s3\",\n      \"name\": \"public/build/maven/org/mozilla/geckoview/geckoview-default-omni-arm64-v8a/maven-metadata.xml.sha1\",\n
        \     \"expires\": \"2024-12-05T19:15:48.379Z\",\n      \"contentType\": \"application/octet-stream\"\n
        \   },\n    {\n      \"storageType\": \"s3\",\n      \"name\": \"public/build/maven/org/mozilla/geckoview/geckoview-default-omni-arm64-v8a/maven-metadata.xml.sha256\",\n
        \     \"expires\": \"2024-12-05T19:15:48.379Z\",\n      \"contentType\": \"application/octet-stream\"\n
        \   },\n    {\n      \"storageType\": \"s3\",\n      \"name\": \"public/build/maven/org/mozilla/geckoview/geckoview-default-omni-arm64-v8a/maven-metadata.xml.sha512\",\n
        \     \"expires\": \"2024-12-05T19:15:48.379Z\",\n      \"contentType\": \"application/octet-stream\"\n
        \   },\n    {\n      \"storageType\": \"s3\",\n      \"name\": \"public/build/maven/org/mozilla/geckoview/geckoview-exoplayer2-default/133.0.20241107191032/geckoview-exoplayer2-default-133.0.20241107191032.aar\",\n
        \     \"expires\": \"2024-12-05T19:15:48.379Z\",\n      \"contentType\": \"application/octet-stream\"\n
        \   },\n    {\n      \"storageType\": \"s3\",\n      \"name\": \"public/build/maven/org/mozilla/geckoview/geckoview-exoplayer2-default/133.0.20241107191032/geckoview-exoplayer2-default-133.0.20241107191032.aar.md5\",\n
        \     \"expires\": \"2024-12-05T19:15:48.379Z\",\n      \"contentType\": \"application/octet-stream\"\n
        \   },\n    {\n      \"storageType\": \"s3\",\n      \"name\": \"public/build/maven/org/mozilla/geckoview/geckoview-exoplayer2-default/133.0.20241107191032/geckoview-exoplayer2-default-133.0.20241107191032.aar.sha1\",\n
        \     \"expires\": \"2024-12-05T19:15:48.379Z\",\n      \"contentType\": \"application/octet-stream\"\n
        \   },\n    {\n      \"storageType\": \"s3\",\n      \"name\": \"public/build/maven/org/mozilla/geckoview/geckoview-exoplayer2-default/133.0.20241107191032/geckoview-exoplayer2-default-133.0.20241107191032.aar.sha256\",\n
        \     \"expires\": \"2024-12-05T19:15:48.379Z\",\n      \"contentType\": \"application/octet-stream\"\n
        \   },\n    {\n      \"storageType\": \"s3\",\n      \"name\": \"public/build/maven/org/mozilla/geckoview/geckoview-exoplayer2-default/133.0.20241107191032/geckoview-exoplayer2-default-133.0.20241107191032.aar.sha512\",\n
        \     \"expires\": \"2024-12-05T19:15:48.379Z\",\n      \"contentType\": \"application/octet-stream\"\n
        \   },\n    {\n      \"storageType\": \"s3\",\n      \"name\": \"public/build/maven/org/mozilla/geckoview/geckoview-exoplayer2-default/133.0.20241107191032/geckoview-exoplayer2-default-133.0.20241107191032-javadoc.jar\",\n
        \     \"expires\": \"2024-12-05T19:15:48.379Z\",\n      \"contentType\": \"application/java-archive\"\n
        \   },\n    {\n      \"storageType\": \"s3\",\n      \"name\": \"public/build/maven/org/mozilla/geckoview/geckoview-exoplayer2-default/133.0.20241107191032/geckoview-exoplayer2-default-133.0.20241107191032-javadoc.jar.md5\",\n
        \     \"expires\": \"2024-12-05T19:15:48.379Z\",\n      \"contentType\": \"application/octet-stream\"\n
        \   },\n    {\n      \"storageType\": \"s3\",\n      \"name\": \"public/build/maven/org/mozilla/geckoview/geckoview-exoplayer2-default/133.0.20241107191032/geckoview-exoplayer2-default-133.0.20241107191032-javadoc.jar.sha1\",\n
        \     \"expires\": \"2024-12-05T19:15:48.379Z\",\n      \"contentType\": \"application/octet-stream\"\n
        \   },\n    {\n      \"storageType\": \"s3\",\n      \"name\": \"public/build/maven/org/mozilla/geckoview/geckoview-exoplayer2-default/133.0.20241107191032/geckoview-exoplayer2-default-133.0.20241107191032-javadoc.jar.sha256\",\n
        \     \"expires\": \"2024-12-05T19:15:48.379Z\",\n      \"contentType\": \"application/octet-stream\"\n
        \   },\n    {\n      \"storageType\": \"s3\",\n      \"name\": \"public/build/maven/org/mozilla/geckoview/geckoview-exoplayer2-default/133.0.20241107191032/geckoview-exoplayer2-default-133.0.20241107191032-javadoc.jar.sha512\",\n
        \     \"expires\": \"2024-12-05T19:15:48.379Z\",\n      \"contentType\": \"application/octet-stream\"\n
        \   },\n    {\n      \"storageType\": \"s3\",\n      \"name\": \"public/build/maven/org/mozilla/geckoview/geckoview-exoplayer2-default/133.0.20241107191032/geckoview-exoplayer2-default-133.0.20241107191032.module\",\n
        \     \"expires\": \"2024-12-05T19:15:48.379Z\",\n      \"contentType\": \"application/octet-stream\"\n
        \   },\n    {\n      \"storageType\": \"s3\",\n      \"name\": \"public/build/maven/org/mozilla/geckoview/geckoview-exoplayer2-default/133.0.20241107191032/geckoview-exoplayer2-default-133.0.20241107191032.module.md5\",\n
        \     \"expires\": \"2024-12-05T19:15:48.379Z\",\n      \"contentType\": \"application/octet-stream\"\n
        \   },\n    {\n      \"storageType\": \"s3\",\n      \"name\": \"public/build/maven/org/mozilla/geckoview/geckoview-exoplayer2-default/133.0.20241107191032/geckoview-exoplayer2-default-133.0.20241107191032.module.sha1\",\n
        \     \"expires\": \"2024-12-05T19:15:48.379Z\",\n      \"contentType\": \"application/octet-stream\"\n
        \   },\n    {\n      \"storageType\": \"s3\",\n      \"name\": \"public/build/maven/org/mozilla/geckoview/geckoview-exoplayer2-default/133.0.20241107191032/geckoview-exoplayer2-default-133.0.20241107191032.module.sha256\",\n
        \     \"expires\": \"2024-12-05T19:15:48.379Z\",\n      \"contentType\": \"application/octet-stream\"\n
        \   },\n    {\n      \"storageType\": \"s3\",\n      \"name\": \"public/build/maven/org/mozilla/geckoview/geckoview-exoplayer2-default/133.0.20241107191032/geckoview-exoplayer2-default-133.0.20241107191032.module.sha512\",\n
        \     \"expires\": \"2024-12-05T19:15:48.379Z\",\n      \"contentType\": \"application/octet-stream\"\n
        \   },\n    {\n      \"storageType\": \"s3\",\n      \"name\": \"public/build/maven/org/mozilla/geckoview/geckoview-exoplayer2-default/133.0.20241107191032/geckoview-exoplayer2-default-133.0.20241107191032.pom\",\n
        \     \"expires\": \"2024-12-05T19:15:48.379Z\",\n      \"contentType\": \"application/octet-stream\"\n
        \   },\n    {\n      \"storageType\": \"s3\",\n      \"name\": \"public/build/maven/org/mozilla/geckoview/geckoview-exoplayer2-default/133.0.20241107191032/geckoview-exoplayer2-default-133.0.20241107191032.pom.md5\",\n
        \     \"expires\": \"2024-12-05T19:15:48.379Z\",\n      \"contentType\": \"application/octet-stream\"\n
        \   },\n    {\n      \"storageType\": \"s3\",\n      \"name\": \"public/build/maven/org/mozilla/geckoview/geckoview-exoplayer2-default/133.0.20241107191032/geckoview-exoplayer2-default-133.0.20241107191032.pom.sha1\",\n
        \     \"expires\": \"2024-12-05T19:15:48.379Z\",\n      \"contentType\": \"application/octet-stream\"\n
        \   },\n    {\n      \"storageType\": \"s3\",\n      \"name\": \"public/build/maven/org/mozilla/geckoview/geckoview-exoplayer2-default/133.0.20241107191032/geckoview-exoplayer2-default-133.0.20241107191032.pom.sha256\",\n
        \     \"expires\": \"2024-12-05T19:15:48.379Z\",\n      \"contentType\": \"application/octet-stream\"\n
        \   },\n    {\n      \"storageType\": \"s3\",\n      \"name\": \"public/build/maven/org/mozilla/geckoview/geckoview-exoplayer2-default/133.0.20241107191032/geckoview-exoplayer2-default-133.0.20241107191032.pom.sha512\",\n
        \     \"expires\": \"2024-12-05T19:15:48.379Z\",\n      \"contentType\": \"application/octet-stream\"\n
        \   },\n    {\n      \"storageType\": \"s3\",\n      \"name\": \"public/build/maven/org/mozilla/geckoview/geckoview-exoplayer2-default/133.0.20241107191032/geckoview-exoplayer2-default-133.0.20241107191032-sources.jar\",\n
        \     \"expires\": \"2024-12-05T19:15:48.379Z\",\n      \"contentType\": \"application/java-archive\"\n
        \   },\n    {\n      \"storageType\": \"s3\",\n      \"name\": \"public/build/maven/org/mozilla/geckoview/geckoview-exoplayer2-default/133.0.20241107191032/geckoview-exoplayer2-default-133.0.20241107191032-sources.jar.md5\",\n
        \     \"expires\": \"2024-12-05T19:15:48.379Z\",\n      \"contentType\": \"application/octet-stream\"\n
        \   },\n    {\n      \"storageType\": \"s3\",\n      \"name\": \"public/build/maven/org/mozilla/geckoview/geckoview-exoplayer2-default/133.0.20241107191032/geckoview-exoplayer2-default-133.0.20241107191032-sources.jar.sha1\",\n
        \     \"expires\": \"2024-12-05T19:15:48.379Z\",\n      \"contentType\": \"application/octet-stream\"\n
        \   },\n    {\n      \"storageType\": \"s3\",\n      \"name\": \"public/build/maven/org/mozilla/geckoview/geckoview-exoplayer2-default/133.0.20241107191032/geckoview-exoplayer2-default-133.0.20241107191032-sources.jar.sha256\",\n
        \     \"expires\": \"2024-12-05T19:15:48.379Z\",\n      \"contentType\": \"application/octet-stream\"\n
        \   },\n    {\n      \"storageType\": \"s3\",\n      \"name\": \"public/build/maven/org/mozilla/geckoview/geckoview-exoplayer2-default/133.0.20241107191032/geckoview-exoplayer2-default-133.0.20241107191032-sources.jar.sha512\",\n
        \     \"expires\": \"2024-12-05T19:15:48.379Z\",\n      \"contentType\": \"application/octet-stream\"\n
        \   },\n    {\n      \"storageType\": \"s3\",\n      \"name\": \"public/build/maven/org/mozilla/geckoview/geckoview-exoplayer2-default/maven-metadata.xml\",\n
        \     \"expires\": \"2024-12-05T19:15:48.379Z\",\n      \"contentType\": \"application/xml\"\n
        \   },\n    {\n      \"storageType\": \"s3\",\n      \"name\": \"public/build/maven/org/mozilla/geckoview/geckoview-exoplayer2-default/maven-metadata.xml.md5\",\n
        \     \"expires\": \"2024-12-05T19:15:48.379Z\",\n      \"contentType\": \"application/octet-stream\"\n
        \   },\n    {\n      \"storageType\": \"s3\",\n      \"name\": \"public/build/maven/org/mozilla/geckoview/geckoview-exoplayer2-default/maven-metadata.xml.sha1\",\n
        \     \"expires\": \"2024-12-05T19:15:48.379Z\",\n      \"contentType\": \"application/octet-stream\"\n
        \   },\n    {\n      \"storageType\": \"s3\",\n      \"name\": \"public/build/maven/org/mozilla/geckoview/geckoview-exoplayer2-default/maven-metadata.xml.sha256\",\n
        \     \"expires\": \"2024-12-05T19:15:48.379Z\",\n      \"contentType\": \"application/octet-stream\"\n
        \   },\n    {\n      \"storageType\": \"s3\",\n      \"name\": \"public/build/maven/org/mozilla/geckoview/geckoview-exoplayer2-default/maven-metadata.xml.sha512\",\n
        \     \"expires\": \"2024-12-05T19:15:48.379Z\",\n      \"contentType\": \"application/octet-stream\"\n
        \   },\n    {\n      \"storageType\": \"s3\",\n      \"name\": \"public/build/mozharness.zip\",\n
        \     \"expires\": \"2024-12-05T19:15:48.379Z\",\n      \"contentType\": \"application/zip\"\n
        \   },\n    {\n      \"storageType\": \"s3\",\n      \"name\": \"public/build/profile_build_resources.json\",\n
        \     \"expires\": \"2024-12-05T19:15:48.379Z\",\n      \"contentType\": \"application/json\"\n
        \   },\n    {\n      \"storageType\": \"s3\",\n      \"name\": \"public/build/target.awsy.tests.tar.gz\",\n
        \     \"expires\": \"2024-12-05T19:15:48.379Z\",\n      \"contentType\": \"application/gzip\"\n
        \   },\n    {\n      \"storageType\": \"s3\",\n      \"name\": \"public/build/target.checksums\",\n
        \     \"expires\": \"2024-12-05T19:15:48.379Z\",\n      \"contentType\": \"application/octet-stream\"\n
        \   },\n    {\n      \"storageType\": \"s3\",\n      \"name\": \"public/build/target.common.tests.tar.gz\",\n
        \     \"expires\": \"2024-12-05T19:15:48.379Z\",\n      \"contentType\": \"application/gzip\"\n
        \   },\n    {\n      \"storageType\": \"s3\",\n      \"name\": \"public/build/target.condprof.tests.tar.gz\",\n
        \     \"expires\": \"2024-12-05T19:15:48.379Z\",\n      \"contentType\": \"application/gzip\"\n
        \   },\n    {\n      \"storageType\": \"s3\",\n      \"name\": \"public/build/target.cppunittest.tests.tar.gz\",\n
        \     \"expires\": \"2024-12-05T19:15:48.379Z\",\n      \"contentType\": \"application/gzip\"\n
        \   },\n    {\n      \"storageType\": \"s3\",\n      \"name\": \"public/build/target.crashreporter-symbols.zip\",\n
        \     \"expires\": \"2024-12-05T19:15:48.379Z\",\n      \"contentType\": \"application/zip\"\n
        \   },\n    {\n      \"storageType\": \"s3\",\n      \"name\": \"public/build/target.fuzztest.tests.tar.gz\",\n
        \     \"expires\": \"2024-12-05T19:15:48.379Z\",\n      \"contentType\": \"application/gzip\"\n
        \   },\n    {\n      \"storageType\": \"s3\",\n      \"name\": \"public/build/target_info.txt\",\n
        \     \"expires\": \"2024-12-05T19:15:48.379Z\",\n      \"contentType\": \"text/plain\"\n
        \   },\n    {\n      \"storageType\": \"s3\",\n      \"name\": \"public/build/target.jittest.tests.tar.gz\",\n
        \     \"expires\": \"2024-12-05T19:15:48.379Z\",\n      \"contentType\": \"application/gzip\"\n
        \   },\n    {\n      \"storageType\": \"s3\",\n      \"name\": \"public/build/target.json\",\n
        \     \"expires\": \"2024-12-05T19:15:48.379Z\",\n      \"contentType\": \"application/json\"\n
        \   },\n    {\n      \"storageType\": \"s3\",\n      \"name\": \"public/build/target.jsreftest.tests.tar.gz\",\n
        \     \"expires\": \"2024-12-05T19:15:48.379Z\",\n      \"contentType\": \"application/gzip\"\n
        \   },\n    {\n      \"storageType\": \"s3\",\n      \"name\": \"public/build/target.jsshell.zip\",\n
        \     \"expires\": \"2024-12-05T19:15:48.379Z\",\n      \"contentType\": \"application/zip\"\n
        \   },\n    {\n      \"storageType\": \"s3\",\n      \"name\": \"public/build/target.maven.tar.xz\",\n
        \     \"expires\": \"2024-12-05T19:15:48.379Z\",\n      \"contentType\": \"application/x-xz\"\n
        \   },\n    {\n      \"storageType\": \"s3\",\n      \"name\": \"public/build/target.mochitest.tests.tar.gz\",\n
        \     \"expires\": \"2024-12-05T19:15:48.379Z\",\n      \"contentType\": \"application/gzip\"\n
        \   },\n    {\n      \"storageType\": \"s3\",\n      \"name\": \"public/build/target.mozinfo.json\",\n
        \     \"expires\": \"2024-12-05T19:15:48.379Z\",\n      \"contentType\": \"application/json\"\n
        \   },\n    {\n      \"storageType\": \"s3\",\n      \"name\": \"public/build/target.perftests.tests.tar.gz\",\n
        \     \"expires\": \"2024-12-05T19:15:48.379Z\",\n      \"contentType\": \"application/gzip\"\n
        \   },\n    {\n      \"storageType\": \"s3\",\n      \"name\": \"public/build/target.raptor.tests.tar.gz\",\n
        \     \"expires\": \"2024-12-05T19:15:48.379Z\",\n      \"contentType\": \"application/gzip\"\n
        \   },\n    {\n      \"storageType\": \"s3\",\n      \"name\": \"public/build/target.reftest.tests.tar.gz\",\n
        \     \"expires\": \"2024-12-05T19:15:48.379Z\",\n      \"contentType\": \"application/gzip\"\n
        \   },\n    {\n      \"storageType\": \"s3\",\n      \"name\": \"public/build/target.talos.tests.tar.gz\",\n
        \     \"expires\": \"2024-12-05T19:15:48.379Z\",\n      \"contentType\": \"application/gzip\"\n
        \   },\n    {\n      \"storageType\": \"s3\",\n      \"name\": \"public/build/target.test_packages.json\",\n
        \     \"expires\": \"2024-12-05T19:15:48.379Z\",\n      \"contentType\": \"application/json\"\n
        \   },\n    {\n      \"storageType\": \"s3\",\n      \"name\": \"public/build/target.txt\",\n
        \     \"expires\": \"2024-12-05T19:15:48.379Z\",\n      \"contentType\": \"text/plain\"\n
        \   },\n    {\n      \"storageType\": \"s3\",\n      \"name\": \"public/build/target.updater-dep.tests.tar.gz\",\n
        \     \"expires\": \"2024-12-05T19:15:48.379Z\",\n      \"contentType\": \"application/gzip\"\n
        \   },\n    {\n      \"storageType\": \"s3\",\n      \"name\": \"public/build/target.web-platform.tests.tar.gz\",\n
        \     \"expires\": \"2024-12-05T19:15:48.379Z\",\n      \"contentType\": \"application/gzip\"\n
        \   },\n    {\n      \"storageType\": \"s3\",\n      \"name\": \"public/build/target.xpcshell.tests.tar.gz\",\n
        \     \"expires\": \"2024-12-05T19:15:48.379Z\",\n      \"contentType\": \"application/gzip\"\n
        \   },\n    {\n      \"storageType\": \"s3\",\n      \"name\": \"public/build/target.xpt_artifacts.zip\",\n
        \     \"expires\": \"2024-12-05T19:15:48.379Z\",\n      \"contentType\": \"application/zip\"\n
        \   },\n    {\n      \"storageType\": \"s3\",\n      \"name\": \"public/build/toolchains.json\",\n
        \     \"expires\": \"2024-12-05T19:15:48.379Z\",\n      \"contentType\": \"application/json\"\n
        \   },\n    {\n      \"storageType\": \"s3\",\n      \"name\": \"public/chain-of-trust.json\",\n
        \     \"expires\": \"2024-12-05T19:15:48.379Z\",\n      \"contentType\": \"text/plain\"\n
        \   },\n    {\n      \"storageType\": \"s3\",\n      \"name\": \"public/chain-of-trust.json.sig\",\n
        \     \"expires\": \"2024-12-05T19:15:48.379Z\",\n      \"contentType\": \"application/octet-stream\"\n
        \   },\n    {\n      \"storageType\": \"s3\",\n      \"name\": \"public/cidata/sccache.log\",\n
        \     \"expires\": \"2024-11-14T19:15:48.379Z\",\n      \"contentType\": \"text/plain\"\n
        \   },\n    {\n      \"storageType\": \"error\",\n      \"name\": \"public/cidata/sccache-stats.json\",\n
        \     \"expires\": \"2024-11-14T19:15:48.379Z\",\n      \"contentType\": \"application/binary\"\n
        \   },\n    {\n      \"storageType\": \"error\",\n      \"name\": \"public/cidata/target.crashreporter-symbols-full.tar.zst\",\n
        \     \"expires\": \"2024-11-14T19:15:48.379Z\",\n      \"contentType\": \"application/binary\"\n
        \   },\n    {\n      \"storageType\": \"s3\",\n      \"name\": \"public/logs/certified.log\",\n
        \     \"expires\": \"2024-12-05T19:15:48.379Z\",\n      \"contentType\": \"text/plain\"\n
        \   },\n    {\n      \"storageType\": \"s3\",\n      \"name\": \"public/logs/live_backing.log\",\n
        \     \"expires\": \"2024-12-05T19:15:48.379Z\",\n      \"contentType\": \"text/plain;
        charset=utf-8\"\n    },\n    {\n      \"storageType\": \"reference\",\n      \"name\":
        \"public/logs/live.log\",\n      \"expires\": \"2024-12-05T19:15:48.379Z\",\n
        \     \"contentType\": \"text/plain; charset=utf-8\"\n    },\n    {\n      \"storageType\":
        \"s3\",\n      \"name\": \"public/logs/localconfig.json\",\n      \"expires\":
        \"2024-12-05T19:15:48.379Z\",\n      \"contentType\": \"application/json\"\n
        \   }\n  ]\n}"
    headers:
      Access-Control-Allow-Headers:
      - X-Requested-With,Content-Type,Authorization,Accept,Origin,Cache-Control
      Access-Control-Allow-Methods:
      - OPTIONS,GET,HEAD,POST,PUT,DELETE,TRACE,CONNECT
      Access-Control-Allow-Origin:
      - '*'
      Access-Control-Max-Age:
      - '900'
      Access-Control-Request-Method:
      - '*'
      Alt-Svc:
      - clear
      Cache-Control:
      - no-store no-cache must-revalidate
      Content-Security-Policy:
      - report-uri /__cspreport__;default-src 'none';frame-ancestors 'none';
      Content-Type:
      - application/json; charset=utf-8
      Date:
      - Thu, 07 Nov 2024 19:52:10 GMT
      ETag:
      - W/"64ae-ZiOLfZQj9U5hvXRXzKNSowVF7RA"
      Server:
      - openresty
      Strict-Transport-Security:
      - max-age=31536000
      Transfer-Encoding:
      - chunked
      Vary:
      - Accept-Encoding
      Via:
      - 1.1 google
      content-length:
      - '25774'
      x-content-type-options:
      - nosniff
      x-for-request-id:
      - ed6d576e-290b-4646-9d37-64663f1cf6b0
      x-for-trace-id:
      - f36f685a4a0fa901a26c2e8f7fe34fd7
    status:
      code: 200
      message: OK
- request:
    body: null
    headers:
      Accept:
      - '*/*'
      Accept-Encoding:
      - gzip, deflate
      Connection:
      - keep-alive
      User-Agent:
      - python-requests/2.32.3
    method: GET
    uri: https://firefox-ci-tc.services.mozilla.com/api/queue/v1/task/H7DAGdv5TgKbkpqEP6_ZjQ/artifacts/public/build/target.json
  response:
    body:
      string: "{\n  \"storageType\": \"s3\",\n  \"url\": \"https://firefoxci.taskcluster-artifacts.net/H7DAGdv5TgKbkpqEP6_ZjQ/0/public/build/target.json\"\n}"
    headers:
      Access-Control-Allow-Headers:
      - X-Requested-With,Content-Type,Authorization,Accept,Origin,Cache-Control
      Access-Control-Allow-Methods:
      - OPTIONS,GET,HEAD,POST,PUT,DELETE,TRACE,CONNECT
      Access-Control-Allow-Origin:
      - '*'
      Access-Control-Max-Age:
      - '900'
      Access-Control-Request-Method:
      - '*'
      Alt-Svc:
      - clear
      Cache-Control:
      - no-store no-cache must-revalidate
      Content-Length:
      - '131'
      Content-Security-Policy:
      - report-uri /__cspreport__;default-src 'none';frame-ancestors 'none';
      Content-Type:
      - application/json; charset=utf-8
      Date:
      - Thu, 07 Nov 2024 19:52:10 GMT
      ETag:
      - W/"83-LrRE69ywpKxzpTxt6JSWQemEVF8"
      Server:
      - openresty
      Strict-Transport-Security:
      - max-age=31536000
      Via:
      - 1.1 google
      location:
      - https://firefoxci.taskcluster-artifacts.net/H7DAGdv5TgKbkpqEP6_ZjQ/0/public/build/target.json
      x-content-type-options:
      - nosniff
      x-for-request-id:
      - db0e8222-6978-4587-8038-fb92d26c3b82
      x-for-trace-id:
      - ad8246ba201b5050a3e26797fba73f63
      x-taskcluster-artifact-storage-type:
      - s3
    status:
      code: 303
      message: See Other
- request:
    body: null
    headers:
      Accept:
      - '*/*'
      Accept-Encoding:
      - gzip, deflate
      Connection:
      - keep-alive
      User-Agent:
      - python-requests/2.32.3
    method: GET
    uri: https://firefoxci.taskcluster-artifacts.net/H7DAGdv5TgKbkpqEP6_ZjQ/0/public/build/target.json
  response:
    body:
      string: "{\n  \"as\": \"\",\n  \"buildid\": \"20241107191032\",\n  \"cc\": \"\",\n
        \ \"cxx\": \"\",\n  \"host\": \"x86_64-pc-linux-gnu\",\n  \"moz_app_id\":
        \"{aa3c5121-dab2-40e2-81ca-7ea25febc110}\",\n  \"moz_app_maxversion\": \"133.0a1\",\n
        \ \"moz_app_name\": \"fennec\",\n  \"moz_app_vendor\": \"Mozilla\",\n  \"moz_app_version\":
        \"133.0a1\",\n  \"moz_pkg_platform\": \"android-aarch64\",\n  \"moz_source_repo\":
        \"https://hg.mozilla.org/try\",\n  \"moz_source_stamp\": \"b442f2368cc25eb49442da924871a06f27a7e40e\",\n
        \ \"moz_update_channel\": \"default\",\n  \"target\": \"aarch64-unknown-linux-android\"\n}\n"
    headers:
      Accept-Ranges:
      - bytes
      Access-Control-Allow-Origin:
      - '*'
      Access-Control-Expose-Headers:
      - '*'
      Alt-Svc:
      - clear
      Cache-Control:
      - public,max-age=604800
      Content-Type:
      - application/json
      Date:
      - Thu, 07 Nov 2024 19:52:10 GMT
      ETag:
      - '"e7739e55d2dc346477d46942ec19587b"'
      Last-Modified:
      - Thu, 07 Nov 2024 19:24:02 GMT
      Server:
      - UploadServer
      Vary:
      - Accept-Encoding
      X-GUploader-UploadID:
      - AHmUCY01RSE-y7FpwFAavDkP_3B1J8SlDttzfnZuQThTM0Kw4cT_om0PpZVb0Mzi9T7iDplcefo
      content-length:
      - '526'
      x-cache-status:
      - miss
      x-goog-generation:
      - '1731007442144270'
      x-goog-hash:
      - crc32c=axoznw==
      - md5=53OeVdLcNGR31GlC7BlYew==
      x-goog-metageneration:
      - '1'
      x-goog-storage-class:
      - STANDARD
      x-goog-stored-content-encoding:
      - gzip
      x-goog-stored-content-length:
      - '308'
    status:
      code: 200
      message: OK
version: 1
