interactions:
- request:
    body: null
    headers:
      Accept:
      - '*/*'
      Accept-Encoding:
      - gzip, deflate
      Connection:
      - keep-alive
      User-Agent:
      - python-requests/2.32.3
    method: GET
    uri: https://firefox-ci-tc.services.mozilla.com/api/index/v1/task/gecko.v2.try.latest.firefox.linux64-debug
  response:
    body:
      string: "{\n  \"namespace\": \"gecko.v2.try.latest.firefox.linux64-debug\",\n
        \ \"taskId\": \"FJpFAwuwSUOEkit5sFs76g\",\n  \"rank\": 1731006363,\n  \"data\":
        {},\n  \"expires\": \"2024-12-05T19:11:28.652Z\"\n}"
    headers:
      Access-Control-Allow-Headers:
      - X-Requested-With,Content-Type,Authorization,Accept,Origin,Cache-Control
      Access-Control-Allow-Methods:
      - OPTIONS,GET,HEAD,POST,PUT,DELETE,TRACE,CONNECT
      Access-Control-Allow-Origin:
      - '*'
      Access-Control-Max-Age:
      - '900'
      Access-Control-Request-Method:
      - '*'
      Alt-Svc:
      - clear
      Cache-Control:
      - no-store no-cache must-revalidate
      Content-Length:
      - '177'
      Content-Security-Policy:
      - report-uri /__cspreport__;default-src 'none';frame-ancestors 'none';
      Content-Type:
      - application/json; charset=utf-8
      Date:
      - Thu, 07 Nov 2024 19:52:18 GMT
      ETag:
      - W/"b1-CHLuBFrs2bDAyqZfU4ajnBYyU3c"
      Server:
      - openresty
      Strict-Transport-Security:
      - max-age=31536000
      Via:
      - 1.1 google
      x-content-type-options:
      - nosniff
      x-for-request-id:
      - 9d55c42a-1f8a-4f43-87ec-c9bb1573d840
      x-for-trace-id:
      - e86c0e099071ed58b3972798fc5bd63f
    status:
      code: 200
      message: OK
- request:
    body: null
    headers:
      Accept:
      - '*/*'
      Accept-Encoding:
      - gzip, deflate
      Connection:
      - keep-alive
      User-Agent:
      - python-requests/2.32.3
    method: GET
    uri: https://firefox-ci-tc.services.mozilla.com/api/queue/v1/task/FJpFAwuwSUOEkit5sFs76g/artifacts
  response:
    body:
      string: "{\n  \"artifacts\": [\n    {\n      \"storageType\": \"s3\",\n      \"name\":
        \"public/build/buildhub.json\",\n      \"expires\": \"2024-12-05T19:11:28.652Z\",\n
        \     \"contentType\": \"application/json\"\n    },\n    {\n      \"storageType\":
        \"s3\",\n      \"name\": \"public/build/config.status\",\n      \"expires\":
        \"2024-12-05T19:11:28.652Z\",\n      \"contentType\": \"application/octet-stream\"\n
        \   },\n    {\n      \"storageType\": \"s3\",\n      \"name\": \"public/build/host/bin/mar\",\n
        \     \"expires\": \"2024-12-05T19:11:28.652Z\",\n      \"contentType\": \"application/octet-stream\"\n
        \   },\n    {\n      \"storageType\": \"s3\",\n      \"name\": \"public/build/host/bin/mbsdiff\",\n
        \     \"expires\": \"2024-12-05T19:11:28.652Z\",\n      \"contentType\": \"application/octet-stream\"\n
        \   },\n    {\n      \"storageType\": \"s3\",\n      \"name\": \"public/build/mozharness.zip\",\n
        \     \"expires\": \"2024-12-05T19:11:28.652Z\",\n      \"contentType\": \"application/zip\"\n
        \   },\n    {\n      \"storageType\": \"s3\",\n      \"name\": \"public/build/profile_build_resources.json\",\n
        \     \"expires\": \"2024-12-05T19:11:28.652Z\",\n      \"contentType\": \"application/json\"\n
        \   },\n    {\n      \"storageType\": \"s3\",\n      \"name\": \"public/build/target.awsy.tests.tar.gz\",\n
        \     \"expires\": \"2024-12-05T19:11:28.652Z\",\n      \"contentType\": \"application/gzip\"\n
        \   },\n    {\n      \"storageType\": \"s3\",\n      \"name\": \"public/build/target.checksums\",\n
        \     \"expires\": \"2024-12-05T19:11:28.652Z\",\n      \"contentType\": \"application/octet-stream\"\n
        \   },\n    {\n      \"storageType\": \"s3\",\n      \"name\": \"public/build/target.common.tests.tar.gz\",\n
        \     \"expires\": \"2024-12-05T19:11:28.652Z\",\n      \"contentType\": \"application/gzip\"\n
        \   },\n    {\n      \"storageType\": \"s3\",\n      \"name\": \"public/build/target.condprof.tests.tar.gz\",\n
        \     \"expires\": \"2024-12-05T19:11:28.652Z\",\n      \"contentType\": \"application/gzip\"\n
        \   },\n    {\n      \"storageType\": \"s3\",\n      \"name\": \"public/build/target.cppunittest.tests.tar.gz\",\n
        \     \"expires\": \"2024-12-05T19:11:28.652Z\",\n      \"contentType\": \"application/gzip\"\n
        \   },\n    {\n      \"storageType\": \"s3\",\n      \"name\": \"public/build/target.crashreporter-symbols.zip\",\n
        \     \"expires\": \"2024-12-05T19:11:28.652Z\",\n      \"contentType\": \"application/zip\"\n
        \   },\n    {\n      \"storageType\": \"s3\",\n      \"name\": \"public/build/target.fuzztest.tests.tar.gz\",\n
        \     \"expires\": \"2024-12-05T19:11:28.652Z\",\n      \"contentType\": \"application/gzip\"\n
        \   },\n    {\n      \"storageType\": \"s3\",\n      \"name\": \"public/build/target.generated-files.tar.gz\",\n
        \     \"expires\": \"2024-12-05T19:11:28.652Z\",\n      \"contentType\": \"application/gzip\"\n
        \   },\n    {\n      \"storageType\": \"s3\",\n      \"name\": \"public/build/target.gtest.tests.tar.gz\",\n
        \     \"expires\": \"2024-12-05T19:11:28.652Z\",\n      \"contentType\": \"application/gzip\"\n
        \   },\n    {\n      \"storageType\": \"s3\",\n      \"name\": \"public/build/target_info.txt\",\n
        \     \"expires\": \"2024-12-05T19:11:28.652Z\",\n      \"contentType\": \"text/plain\"\n
        \   },\n    {\n      \"storageType\": \"s3\",\n      \"name\": \"public/build/target.jittest.tests.tar.gz\",\n
        \     \"expires\": \"2024-12-05T19:11:28.652Z\",\n      \"contentType\": \"application/gzip\"\n
        \   },\n    {\n      \"storageType\": \"s3\",\n      \"name\": \"public/build/target.json\",\n
        \     \"expires\": \"2024-12-05T19:11:28.652Z\",\n      \"contentType\": \"application/json\"\n
        \   },\n    {\n      \"storageType\": \"s3\",\n      \"name\": \"public/build/target.jsreftest.tests.tar.gz\",\n
        \     \"expires\": \"2024-12-05T19:11:28.652Z\",\n      \"contentType\": \"application/gzip\"\n
        \   },\n    {\n      \"storageType\": \"s3\",\n      \"name\": \"public/build/target.jsshell.zip\",\n
        \     \"expires\": \"2024-12-05T19:11:28.652Z\",\n      \"contentType\": \"application/zip\"\n
        \   },\n    {\n      \"storageType\": \"s3\",\n      \"name\": \"public/build/target.langpack.xpi\",\n
        \     \"expires\": \"2024-12-05T19:11:28.652Z\",\n      \"contentType\": \"application/x-xpinstall\"\n
        \   },\n    {\n      \"storageType\": \"s3\",\n      \"name\": \"public/build/target.mochitest.tests.tar.gz\",\n
        \     \"expires\": \"2024-12-05T19:11:28.652Z\",\n      \"contentType\": \"application/gzip\"\n
        \   },\n    {\n      \"storageType\": \"s3\",\n      \"name\": \"public/build/target.mozinfo.json\",\n
        \     \"expires\": \"2024-12-05T19:11:28.652Z\",\n      \"contentType\": \"application/json\"\n
        \   },\n    {\n      \"storageType\": \"s3\",\n      \"name\": \"public/build/target.perftests.tests.tar.gz\",\n
        \     \"expires\": \"2024-12-05T19:11:28.652Z\",\n      \"contentType\": \"application/gzip\"\n
        \   },\n    {\n      \"storageType\": \"s3\",\n      \"name\": \"public/build/target.raptor.tests.tar.gz\",\n
        \     \"expires\": \"2024-12-05T19:11:28.652Z\",\n      \"contentType\": \"application/gzip\"\n
        \   },\n    {\n      \"storageType\": \"s3\",\n      \"name\": \"public/build/target.reftest.tests.tar.gz\",\n
        \     \"expires\": \"2024-12-05T19:11:28.652Z\",\n      \"contentType\": \"application/gzip\"\n
        \   },\n    {\n      \"storageType\": \"s3\",\n      \"name\": \"public/build/target.talos.tests.tar.gz\",\n
        \     \"expires\": \"2024-12-05T19:11:28.652Z\",\n      \"contentType\": \"application/gzip\"\n
        \   },\n    {\n      \"storageType\": \"s3\",\n      \"name\": \"public/build/target.tar.bz2\",\n
        \     \"expires\": \"2024-12-05T19:11:28.652Z\",\n      \"contentType\": \"application/x-bzip2\"\n
        \   },\n    {\n      \"storageType\": \"s3\",\n      \"name\": \"public/build/target.test_packages.json\",\n
        \     \"expires\": \"2024-12-05T19:11:28.652Z\",\n      \"contentType\": \"application/json\"\n
        \   },\n    {\n      \"storageType\": \"s3\",\n      \"name\": \"public/build/target.txt\",\n
        \     \"expires\": \"2024-12-05T19:11:28.652Z\",\n      \"contentType\": \"text/plain\"\n
        \   },\n    {\n      \"storageType\": \"s3\",\n      \"name\": \"public/build/target.updater-dep.tests.tar.gz\",\n
        \     \"expires\": \"2024-12-05T19:11:28.652Z\",\n      \"contentType\": \"application/gzip\"\n
        \   },\n    {\n      \"storageType\": \"s3\",\n      \"name\": \"public/build/target.web-platform.tests.tar.gz\",\n
        \     \"expires\": \"2024-12-05T19:11:28.652Z\",\n      \"contentType\": \"application/gzip\"\n
        \   },\n    {\n      \"storageType\": \"s3\",\n      \"name\": \"public/build/target.xpcshell.tests.tar.gz\",\n
        \     \"expires\": \"2024-12-05T19:11:28.652Z\",\n      \"contentType\": \"application/gzip\"\n
        \   },\n    {\n      \"storageType\": \"s3\",\n      \"name\": \"public/build/target.xpt_artifacts.zip\",\n
        \     \"expires\": \"2024-12-05T19:11:28.652Z\",\n      \"contentType\": \"application/zip\"\n
        \   },\n    {\n      \"storageType\": \"s3\",\n      \"name\": \"public/chain-of-trust.json\",\n
        \     \"expires\": \"2024-12-05T19:11:28.652Z\",\n      \"contentType\": \"text/plain\"\n
        \   },\n    {\n      \"storageType\": \"s3\",\n      \"name\": \"public/chain-of-trust.json.sig\",\n
        \     \"expires\": \"2024-12-05T19:11:28.652Z\",\n      \"contentType\": \"application/octet-stream\"\n
        \   },\n    {\n      \"storageType\": \"s3\",\n      \"name\": \"public/cidata/sccache.log\",\n
        \     \"expires\": \"2024-11-14T19:11:28.652Z\",\n      \"contentType\": \"text/plain\"\n
        \   },\n    {\n      \"storageType\": \"s3\",\n      \"name\": \"public/cidata/sccache-stats.json\",\n
        \     \"expires\": \"2024-11-14T19:11:28.652Z\",\n      \"contentType\": \"application/json\"\n
        \   },\n    {\n      \"storageType\": \"s3\",\n      \"name\": \"public/cidata/target.crashreporter-symbols-full.tar.zst\",\n
        \     \"expires\": \"2024-11-14T19:11:28.652Z\",\n      \"contentType\": \"application/octet-stream\"\n
        \   },\n    {\n      \"storageType\": \"s3\",\n      \"name\": \"public/logs/certified.log\",\n
        \     \"expires\": \"2024-12-05T19:11:28.652Z\",\n      \"contentType\": \"text/plain\"\n
        \   },\n    {\n      \"storageType\": \"s3\",\n      \"name\": \"public/logs/live_backing.log\",\n
        \     \"expires\": \"2024-12-05T19:11:28.652Z\",\n      \"contentType\": \"text/plain;
        charset=utf-8\"\n    },\n    {\n      \"storageType\": \"reference\",\n      \"name\":
        \"public/logs/live.log\",\n      \"expires\": \"2024-12-05T19:11:28.652Z\",\n
        \     \"contentType\": \"text/plain; charset=utf-8\"\n    },\n    {\n      \"storageType\":
        \"s3\",\n      \"name\": \"public/logs/localconfig.json\",\n      \"expires\":
        \"2024-12-05T19:11:28.652Z\",\n      \"contentType\": \"application/json\"\n
        \   }\n  ]\n}"
    headers:
      Access-Control-Allow-Headers:
      - X-Requested-With,Content-Type,Authorization,Accept,Origin,Cache-Control
      Access-Control-Allow-Methods:
      - OPTIONS,GET,HEAD,POST,PUT,DELETE,TRACE,CONNECT
      Access-Control-Allow-Origin:
      - '*'
      Access-Control-Max-Age:
      - '900'
      Access-Control-Request-Method:
      - '*'
      Alt-Svc:
      - clear
      Cache-Control:
      - no-store no-cache must-revalidate
      Content-Security-Policy:
      - report-uri /__cspreport__;default-src 'none';frame-ancestors 'none';
      Content-Type:
      - application/json; charset=utf-8
      Date:
      - Thu, 07 Nov 2024 19:52:18 GMT
      ETag:
      - W/"1e19-OMGtEW4/iZFmRx6gT47z0hjbsU4"
      Server:
      - openresty
      Strict-Transport-Security:
      - max-age=31536000
      Transfer-Encoding:
      - chunked
      Vary:
      - Accept-Encoding
      Via:
      - 1.1 google
      content-length:
      - '7705'
      x-content-type-options:
      - nosniff
      x-for-request-id:
      - 50e9f88d-84d8-4eec-9e06-ebee7b2907da
      x-for-trace-id:
      - ea7abd0267fb283c629c3cf68d247f0a
    status:
      code: 200
      message: OK
- request:
    body: null
    headers:
      Accept:
      - '*/*'
      Accept-Encoding:
      - gzip, deflate
      Connection:
      - keep-alive
      User-Agent:
      - python-requests/2.32.3
    method: GET
    uri: https://firefox-ci-tc.services.mozilla.com/api/queue/v1/task/FJpFAwuwSUOEkit5sFs76g/artifacts/public/build/target.json
  response:
    body:
      string: "{\n  \"storageType\": \"s3\",\n  \"url\": \"https://firefoxci.taskcluster-artifacts.net/FJpFAwuwSUOEkit5sFs76g/0/public/build/target.json\"\n}"
    headers:
      Access-Control-Allow-Headers:
      - X-Requested-With,Content-Type,Authorization,Accept,Origin,Cache-Control
      Access-Control-Allow-Methods:
      - OPTIONS,GET,HEAD,POST,PUT,DELETE,TRACE,CONNECT
      Access-Control-Allow-Origin:
      - '*'
      Access-Control-Max-Age:
      - '900'
      Access-Control-Request-Method:
      - '*'
      Alt-Svc:
      - clear
      Cache-Control:
      - no-store no-cache must-revalidate
      Content-Length:
      - '131'
      Content-Security-Policy:
      - report-uri /__cspreport__;default-src 'none';frame-ancestors 'none';
      Content-Type:
      - application/json; charset=utf-8
      Date:
      - Thu, 07 Nov 2024 19:52:18 GMT
      ETag:
      - W/"83-Y1BaG5GxqxDvcfFjcchoeAx2tBw"
      Server:
      - openresty
      Strict-Transport-Security:
      - max-age=31536000
      Via:
      - 1.1 google
      location:
      - https://firefoxci.taskcluster-artifacts.net/FJpFAwuwSUOEkit5sFs76g/0/public/build/target.json
      x-content-type-options:
      - nosniff
      x-for-request-id:
      - dfa8c454-0b4c-4fac-8532-e4b2eadf3fbc
      x-for-trace-id:
      - 2f8ff4aa2b35edb0ed490ddccc63418e
      x-taskcluster-artifact-storage-type:
      - s3
    status:
      code: 303
      message: See Other
- request:
    body: null
    headers:
      Accept:
      - '*/*'
      Accept-Encoding:
      - gzip, deflate
      Connection:
      - keep-alive
      User-Agent:
      - python-requests/2.32.3
    method: GET
    uri: https://firefoxci.taskcluster-artifacts.net/FJpFAwuwSUOEkit5sFs76g/0/public/build/target.json
  response:
    body:
      string: "{\n  \"as\": \"/builds/worker/fetches/sccache/sccache /builds/worker/fetches/clang/bin/clang
        --sysroot /builds/worker/fetches/sysroot-x86_64-linux-gnu -std=gnu99\",\n
        \ \"buildid\": \"20241107190603\",\n  \"cc\": \"/builds/worker/fetches/sccache/sccache
        /builds/worker/fetches/clang/bin/clang --sysroot /builds/worker/fetches/sysroot-x86_64-linux-gnu
        -std=gnu99\",\n  \"cxx\": \"/builds/worker/fetches/sccache/sccache /builds/worker/fetches/clang/bin/clang++
        --sysroot /builds/worker/fetches/sysroot-x86_64-linux-gnu\",\n  \"host\":
        \"x86_64-pc-linux-gnu\",\n  \"moz_app_id\": \"{ec8030f7-c20a-464f-9b0e-13a3a9e97384}\",\n
        \ \"moz_app_maxversion\": \"134.0a1\",\n  \"moz_app_name\": \"firefox\",\n
        \ \"moz_app_vendor\": \"Mozilla\",\n  \"moz_app_version\": \"134.0a1\",\n
        \ \"moz_pkg_platform\": \"linux-x86_64\",\n  \"moz_source_repo\": \"https://hg.mozilla.org/try\",\n
        \ \"moz_source_stamp\": \"8984bbcc8b4531d4656cd3cd52837fbdb6aa9a3f\",\n  \"moz_update_channel\":
        \"default\",\n  \"target\": \"x86_64-pc-linux-gnu\"\n}\n"
    headers:
      Accept-Ranges:
      - bytes
      Access-Control-Allow-Origin:
      - '*'
      Access-Control-Expose-Headers:
      - '*'
      Alt-Svc:
      - clear
      Cache-Control:
      - public,max-age=604800
      Content-Type:
      - application/json
      Date:
      - Thu, 07 Nov 2024 19:52:18 GMT
      ETag:
      - '"32ddf0b0e723431e2caa4ae1d102f624"'
      Last-Modified:
      - Thu, 07 Nov 2024 19:31:01 GMT
      Server:
      - UploadServer
      Vary:
      - Accept-Encoding
      X-GUploader-UploadID:
      - AHmUCY2Q4M2zrNDoiqMMPyhRSeTfmeM_9aLj8-uAMGyTsJeGnYrqzLLhxHOdVPrcDqUn45kbB_A
      content-length:
      - '943'
      x-cache-status:
      - miss
      x-goog-generation:
      - '1731007861540595'
      x-goog-hash:
      - crc32c=bUs5Pg==
      - md5=Mt3wsOcjQx4sqkrh0QL2JA==
      x-goog-metageneration:
      - '1'
      x-goog-storage-class:
      - STANDARD
      x-goog-stored-content-encoding:
      - gzip
      x-goog-stored-content-length:
      - '358'
    status:
      code: 200
      message: OK
version: 1
