interactions:
- request:
    body: null
    headers:
      Accept:
      - '*/*'
      Accept-Encoding:
      - gzip, deflate
      Connection:
      - keep-alive
      User-Agent:
      - python-requests/2.32.3
    method: GET
    uri: https://firefox-ci-tc.services.mozilla.com/api/index/v1/task/gecko.v2.mozilla-central.latest.firefox.macosx64-aarch64-fuzzing-asan-opt
  response:
    body:
      string: "{\n  \"namespace\": \"gecko.v2.mozilla-central.latest.firefox.macosx64-aarch64-fuzzing-asan-opt\",\n
        \ \"taskId\": \"ZaYJQV3GSbeHTz9clNLF0g\",\n  \"rank\": 1730911891,\n  \"data\":
        {},\n  \"expires\": \"2025-11-06T16:55:11.826Z\"\n}"
    headers:
      Access-Control-Allow-Headers:
      - X-Requested-With,Content-Type,Authorization,Accept,Origin,Cache-Control
      Access-Control-Allow-Methods:
      - OPTIONS,GET,HEAD,POST,PUT,DELETE,TRACE,CONNECT
      Access-Control-Allow-Origin:
      - '*'
      Access-Control-Max-Age:
      - '900'
      Access-Control-Request-Method:
      - '*'
      Alt-Svc:
      - clear
      Cache-Control:
      - no-store no-cache must-revalidate
      Content-Length:
      - '209'
      Content-Security-Policy:
      - report-uri /__cspreport__;default-src 'none';frame-ancestors 'none';
      Content-Type:
      - application/json; charset=utf-8
      Date:
      - Wed, 06 Nov 2024 20:16:14 GMT
      ETag:
      - W/"d1-5dou4zeCiPyZjtkVEgVLkCV/5tI"
      Server:
      - openresty
      Strict-Transport-Security:
      - max-age=31536000
      Via:
      - 1.1 google
      x-content-type-options:
      - nosniff
      x-for-request-id:
      - 26db0b82-635a-42e9-9d71-6a23d7d11d46
      x-for-trace-id:
      - ef03a13510f7d74ceb49eeeeee30385e
    status:
      code: 200
      message: OK
- request:
    body: null
    headers:
      Accept:
      - '*/*'
      Accept-Encoding:
      - gzip, deflate
      Connection:
      - keep-alive
      User-Agent:
      - python-requests/2.32.3
    method: GET
    uri: https://firefox-ci-tc.services.mozilla.com/api/queue/v1/task/ZaYJQV3GSbeHTz9clNLF0g/artifacts
  response:
    body:
      string: "{\n  \"artifacts\": [\n    {\n      \"storageType\": \"s3\",\n      \"name\":
        \"public/build/buildhub.json\",\n      \"expires\": \"2025-11-06T16:55:11.826Z\",\n
        \     \"contentType\": \"application/json\"\n    },\n    {\n      \"storageType\":
        \"s3\",\n      \"name\": \"public/build/config.status\",\n      \"expires\":
        \"2025-11-06T16:55:11.826Z\",\n      \"contentType\": \"application/octet-stream\"\n
        \   },\n    {\n      \"storageType\": \"s3\",\n      \"name\": \"public/build/host/bin/mar\",\n
        \     \"expires\": \"2025-11-06T16:55:11.826Z\",\n      \"contentType\": \"application/octet-stream\"\n
        \   },\n    {\n      \"storageType\": \"s3\",\n      \"name\": \"public/build/host/bin/mbsdiff\",\n
        \     \"expires\": \"2025-11-06T16:55:11.826Z\",\n      \"contentType\": \"application/octet-stream\"\n
        \   },\n    {\n      \"storageType\": \"s3\",\n      \"name\": \"public/build/mozharness.zip\",\n
        \     \"expires\": \"2025-11-06T16:55:11.826Z\",\n      \"contentType\": \"application/zip\"\n
        \   },\n    {\n      \"storageType\": \"s3\",\n      \"name\": \"public/build/profile_build_resources.json\",\n
        \     \"expires\": \"2025-11-06T16:55:11.826Z\",\n      \"contentType\": \"application/json\"\n
        \   },\n    {\n      \"storageType\": \"s3\",\n      \"name\": \"public/build/target.awsy.tests.tar.gz\",\n
        \     \"expires\": \"2025-11-06T16:55:11.826Z\",\n      \"contentType\": \"application/gzip\"\n
        \   },\n    {\n      \"storageType\": \"s3\",\n      \"name\": \"public/build/target.checksums\",\n
        \     \"expires\": \"2025-11-06T16:55:11.826Z\",\n      \"contentType\": \"application/octet-stream\"\n
        \   },\n    {\n      \"storageType\": \"s3\",\n      \"name\": \"public/build/target.common.tests.tar.gz\",\n
        \     \"expires\": \"2025-11-06T16:55:11.826Z\",\n      \"contentType\": \"application/gzip\"\n
        \   },\n    {\n      \"storageType\": \"s3\",\n      \"name\": \"public/build/target.condprof.tests.tar.gz\",\n
        \     \"expires\": \"2025-11-06T16:55:11.826Z\",\n      \"contentType\": \"application/gzip\"\n
        \   },\n    {\n      \"storageType\": \"s3\",\n      \"name\": \"public/build/target.cppunittest.tests.tar.gz\",\n
        \     \"expires\": \"2025-11-06T16:55:11.826Z\",\n      \"contentType\": \"application/gzip\"\n
        \   },\n    {\n      \"storageType\": \"s3\",\n      \"name\": \"public/build/target.dmg\",\n
        \     \"expires\": \"2025-11-06T16:55:11.826Z\",\n      \"contentType\": \"application/octet-stream\"\n
        \   },\n    {\n      \"storageType\": \"s3\",\n      \"name\": \"public/build/target.fuzztest.tests.tar.gz\",\n
        \     \"expires\": \"2025-11-06T16:55:11.826Z\",\n      \"contentType\": \"application/gzip\"\n
        \   },\n    {\n      \"storageType\": \"s3\",\n      \"name\": \"public/build/target.generated-files.tar.gz\",\n
        \     \"expires\": \"2025-11-06T16:55:11.826Z\",\n      \"contentType\": \"application/gzip\"\n
        \   },\n    {\n      \"storageType\": \"s3\",\n      \"name\": \"public/build/target.gtest.tests.tar.gz\",\n
        \     \"expires\": \"2025-11-06T16:55:11.826Z\",\n      \"contentType\": \"application/gzip\"\n
        \   },\n    {\n      \"storageType\": \"s3\",\n      \"name\": \"public/build/target_info.txt\",\n
        \     \"expires\": \"2025-11-06T16:55:11.826Z\",\n      \"contentType\": \"text/plain\"\n
        \   },\n    {\n      \"storageType\": \"s3\",\n      \"name\": \"public/build/target.jittest.tests.tar.gz\",\n
        \     \"expires\": \"2025-11-06T16:55:11.826Z\",\n      \"contentType\": \"application/gzip\"\n
        \   },\n    {\n      \"storageType\": \"s3\",\n      \"name\": \"public/build/target.json\",\n
        \     \"expires\": \"2025-11-06T16:55:11.826Z\",\n      \"contentType\": \"application/json\"\n
        \   },\n    {\n      \"storageType\": \"s3\",\n      \"name\": \"public/build/target.jsreftest.tests.tar.gz\",\n
        \     \"expires\": \"2025-11-06T16:55:11.826Z\",\n      \"contentType\": \"application/gzip\"\n
        \   },\n    {\n      \"storageType\": \"s3\",\n      \"name\": \"public/build/target.jsshell.zip\",\n
        \     \"expires\": \"2025-11-06T16:55:11.826Z\",\n      \"contentType\": \"application/zip\"\n
        \   },\n    {\n      \"storageType\": \"s3\",\n      \"name\": \"public/build/target.langpack.xpi\",\n
        \     \"expires\": \"2025-11-06T16:55:11.826Z\",\n      \"contentType\": \"application/x-xpinstall\"\n
        \   },\n    {\n      \"storageType\": \"s3\",\n      \"name\": \"public/build/target.mochitest.tests.tar.gz\",\n
        \     \"expires\": \"2025-11-06T16:55:11.826Z\",\n      \"contentType\": \"application/gzip\"\n
        \   },\n    {\n      \"storageType\": \"s3\",\n      \"name\": \"public/build/target.mozinfo.json\",\n
        \     \"expires\": \"2025-11-06T16:55:11.826Z\",\n      \"contentType\": \"application/json\"\n
        \   },\n    {\n      \"storageType\": \"s3\",\n      \"name\": \"public/build/target.perftests.tests.tar.gz\",\n
        \     \"expires\": \"2025-11-06T16:55:11.826Z\",\n      \"contentType\": \"application/gzip\"\n
        \   },\n    {\n      \"storageType\": \"s3\",\n      \"name\": \"public/build/target.raptor.tests.tar.gz\",\n
        \     \"expires\": \"2025-11-06T16:55:11.826Z\",\n      \"contentType\": \"application/gzip\"\n
        \   },\n    {\n      \"storageType\": \"s3\",\n      \"name\": \"public/build/target.reftest.tests.tar.gz\",\n
        \     \"expires\": \"2025-11-06T16:55:11.826Z\",\n      \"contentType\": \"application/gzip\"\n
        \   },\n    {\n      \"storageType\": \"s3\",\n      \"name\": \"public/build/target.talos.tests.tar.gz\",\n
        \     \"expires\": \"2025-11-06T16:55:11.826Z\",\n      \"contentType\": \"application/gzip\"\n
        \   },\n    {\n      \"storageType\": \"s3\",\n      \"name\": \"public/build/target.test_packages.json\",\n
        \     \"expires\": \"2025-11-06T16:55:11.826Z\",\n      \"contentType\": \"application/json\"\n
        \   },\n    {\n      \"storageType\": \"s3\",\n      \"name\": \"public/build/target.txt\",\n
        \     \"expires\": \"2025-11-06T16:55:11.826Z\",\n      \"contentType\": \"text/plain\"\n
        \   },\n    {\n      \"storageType\": \"s3\",\n      \"name\": \"public/build/target.update_framework_artifacts.zip\",\n
        \     \"expires\": \"2025-11-06T16:55:11.826Z\",\n      \"contentType\": \"application/zip\"\n
        \   },\n    {\n      \"storageType\": \"s3\",\n      \"name\": \"public/build/target.updater-dep.tests.tar.gz\",\n
        \     \"expires\": \"2025-11-06T16:55:11.826Z\",\n      \"contentType\": \"application/gzip\"\n
        \   },\n    {\n      \"storageType\": \"s3\",\n      \"name\": \"public/build/target.web-platform.tests.tar.gz\",\n
        \     \"expires\": \"2025-11-06T16:55:11.826Z\",\n      \"contentType\": \"application/gzip\"\n
        \   },\n    {\n      \"storageType\": \"s3\",\n      \"name\": \"public/build/target.xpcshell.tests.tar.gz\",\n
        \     \"expires\": \"2025-11-06T16:55:11.826Z\",\n      \"contentType\": \"application/gzip\"\n
        \   },\n    {\n      \"storageType\": \"s3\",\n      \"name\": \"public/build/target.xpt_artifacts.zip\",\n
        \     \"expires\": \"2025-11-06T16:55:11.826Z\",\n      \"contentType\": \"application/zip\"\n
        \   },\n    {\n      \"storageType\": \"s3\",\n      \"name\": \"public/chain-of-trust.json\",\n
        \     \"expires\": \"2025-11-06T16:55:11.826Z\",\n      \"contentType\": \"text/plain\"\n
        \   },\n    {\n      \"storageType\": \"s3\",\n      \"name\": \"public/chain-of-trust.json.sig\",\n
        \     \"expires\": \"2025-11-06T16:55:11.826Z\",\n      \"contentType\": \"application/octet-stream\"\n
        \   },\n    {\n      \"storageType\": \"s3\",\n      \"name\": \"public/cidata/sccache.log\",\n
        \     \"expires\": \"2024-11-13T16:55:11.826Z\",\n      \"contentType\": \"text/plain\"\n
        \   },\n    {\n      \"storageType\": \"s3\",\n      \"name\": \"public/cidata/sccache-stats.json\",\n
        \     \"expires\": \"2024-11-13T16:55:11.826Z\",\n      \"contentType\": \"application/json\"\n
        \   },\n    {\n      \"storageType\": \"error\",\n      \"name\": \"public/cidata/target.crashreporter-symbols-full.tar.zst\",\n
        \     \"expires\": \"2024-11-13T16:55:11.826Z\",\n      \"contentType\": \"application/binary\"\n
        \   },\n    {\n      \"storageType\": \"s3\",\n      \"name\": \"public/logs/certified.log\",\n
        \     \"expires\": \"2025-11-06T16:55:11.826Z\",\n      \"contentType\": \"text/plain\"\n
        \   },\n    {\n      \"storageType\": \"s3\",\n      \"name\": \"public/logs/live_backing.log\",\n
        \     \"expires\": \"2025-11-06T16:55:11.826Z\",\n      \"contentType\": \"text/plain;
        charset=utf-8\"\n    },\n    {\n      \"storageType\": \"reference\",\n      \"name\":
        \"public/logs/live.log\",\n      \"expires\": \"2025-11-06T16:55:11.826Z\",\n
        \     \"contentType\": \"text/plain; charset=utf-8\"\n    },\n    {\n      \"storageType\":
        \"s3\",\n      \"name\": \"public/logs/localconfig.json\",\n      \"expires\":
        \"2025-11-06T16:55:11.826Z\",\n      \"contentType\": \"application/json\"\n
        \   }\n  ]\n}"
    headers:
      Access-Control-Allow-Headers:
      - X-Requested-With,Content-Type,Authorization,Accept,Origin,Cache-Control
      Access-Control-Allow-Methods:
      - OPTIONS,GET,HEAD,POST,PUT,DELETE,TRACE,CONNECT
      Access-Control-Allow-Origin:
      - '*'
      Access-Control-Max-Age:
      - '900'
      Access-Control-Request-Method:
      - '*'
      Alt-Svc:
      - clear
      Cache-Control:
      - no-store no-cache must-revalidate
      Content-Encoding:
      - gzip
      Content-Security-Policy:
      - report-uri /__cspreport__;default-src 'none';frame-ancestors 'none';
      Content-Type:
      - application/json; charset=utf-8
      Date:
      - Wed, 06 Nov 2024 20:16:14 GMT
      ETag:
      - W/"1e1c-kWB7l7DtOCTksZyEdkTusyMQ8aU"
      Server:
      - openresty
      Strict-Transport-Security:
      - max-age=31536000
      Vary:
      - Accept-Encoding
      Via:
      - 1.1 google
      x-content-type-options:
      - nosniff
      x-for-request-id:
      - c99af5ee-a382-47f4-a920-05e2bd8c8a5b
      x-for-trace-id:
      - f68b9920164206f4c233e3189c9062cf
    status:
      code: 200
      message: OK
- request:
    body: null
    headers:
      Accept:
      - '*/*'
      Accept-Encoding:
      - gzip, deflate
      Connection:
      - keep-alive
      User-Agent:
      - python-requests/2.32.3
    method: GET
    uri: https://firefox-ci-tc.services.mozilla.com/api/queue/v1/task/ZaYJQV3GSbeHTz9clNLF0g/artifacts/public/build/target.json
  response:
    body:
      string: "{\n  \"storageType\": \"s3\",\n  \"url\": \"https://firefoxci.taskcluster-artifacts.net/ZaYJQV3GSbeHTz9clNLF0g/1/public/build/target.json\"\n}"
    headers:
      Access-Control-Allow-Headers:
      - X-Requested-With,Content-Type,Authorization,Accept,Origin,Cache-Control
      Access-Control-Allow-Methods:
      - OPTIONS,GET,HEAD,POST,PUT,DELETE,TRACE,CONNECT
      Access-Control-Allow-Origin:
      - '*'
      Access-Control-Max-Age:
      - '900'
      Access-Control-Request-Method:
      - '*'
      Alt-Svc:
      - clear
      Cache-Control:
      - no-store no-cache must-revalidate
      Content-Length:
      - '131'
      Content-Security-Policy:
      - report-uri /__cspreport__;default-src 'none';frame-ancestors 'none';
      Content-Type:
      - application/json; charset=utf-8
      Date:
      - Wed, 06 Nov 2024 20:16:14 GMT
      ETag:
      - W/"83-9YbBIi6aaVXCACepvLhO459ozII"
      Server:
      - openresty
      Strict-Transport-Security:
      - max-age=31536000
      Via:
      - 1.1 google
      location:
      - https://firefoxci.taskcluster-artifacts.net/ZaYJQV3GSbeHTz9clNLF0g/1/public/build/target.json
      x-content-type-options:
      - nosniff
      x-for-request-id:
      - a4395730-a440-4462-b9b6-ef5fd857829c
      x-for-trace-id:
      - b6f96dbd2f9525ad315bd7906122311e
      x-taskcluster-artifact-storage-type:
      - s3
    status:
      code: 303
      message: See Other
- request:
    body: null
    headers:
      Accept:
      - '*/*'
      Accept-Encoding:
      - gzip, deflate
      Connection:
      - keep-alive
      User-Agent:
      - python-requests/2.32.3
    method: GET
    uri: https://firefoxci.taskcluster-artifacts.net/ZaYJQV3GSbeHTz9clNLF0g/1/public/build/target.json
  response:
    body:
      string: "{\n  \"as\": \"/builds/worker/fetches/sccache/sccache /builds/worker/fetches/clang/bin/clang
        -isysroot /builds/worker/fetches/MacOSX14.4.sdk -mmacosx-version-min=11.0
        -std=gnu99 --target=aarch64-apple-darwin\",\n  \"buildid\": \"20241106165131\",\n
        \ \"cc\": \"/builds/worker/fetches/sccache/sccache /builds/worker/fetches/clang/bin/clang
        -isysroot /builds/worker/fetches/MacOSX14.4.sdk -mmacosx-version-min=11.0
        -std=gnu99 --target=aarch64-apple-darwin\",\n  \"cxx\": \"/builds/worker/fetches/sccache/sccache
        /builds/worker/fetches/clang/bin/clang++ -isysroot /builds/worker/fetches/MacOSX14.4.sdk
        -mmacosx-version-min=11.0 -stdlib=libc++ --target=aarch64-apple-darwin\",\n
        \ \"host\": \"x86_64-pc-linux-gnu\",\n  \"moz_app_id\": \"{ec8030f7-c20a-464f-9b0e-13a3a9e97384}\",\n
        \ \"moz_app_maxversion\": \"134.0a1\",\n  \"moz_app_name\": \"firefox\",\n
        \ \"moz_app_vendor\": \"Mozilla\",\n  \"moz_app_version\": \"134.0a1\",\n
        \ \"moz_pkg_platform\": \"mac-asan\",\n  \"moz_source_repo\": \"https://hg.mozilla.org/mozilla-central\",\n
        \ \"moz_source_stamp\": \"8954b5fe5fb5ba67d77f21755d099d103987d632\",\n  \"moz_update_channel\":
        \"default\",\n  \"target\": \"aarch64-apple-darwin\"\n}\n"
    headers:
      Accept-Ranges:
      - bytes
      Access-Control-Allow-Origin:
      - '*'
      Access-Control-Expose-Headers:
      - '*'
      Alt-Svc:
      - clear
      Cache-Control:
      - public,max-age=604800
      Content-Encoding:
      - gzip
      Content-Length:
      - '419'
      Content-Type:
      - application/json
      Date:
      - Wed, 06 Nov 2024 20:16:14 GMT
      ETag:
      - '"386d7567a0da1b49b7aac1f5a459c4de"'
      Last-Modified:
      - Wed, 06 Nov 2024 18:34:28 GMT
      Server:
      - UploadServer
      Vary:
      - Accept-Encoding
      X-GUploader-UploadID:
      - AHmUCY2MEbADFoYnOWzlXY8KdNeCvhH7e0AOe__E7KXpc5jGfd_vlK31hQXRUvQzRs90GLrq8Cg
      x-cache-status:
      - miss
      x-goog-generation:
      - '1730918068971753'
      x-goog-hash:
      - crc32c=032xlg==
      - md5=OG11Z6DaG0m3qsH1pFnE3g==
      x-goog-metageneration:
      - '1'
      x-goog-storage-class:
      - STANDARD
      x-goog-stored-content-encoding:
      - gzip
      x-goog-stored-content-length:
      - '419'
    status:
      code: 200
      message: OK
- request:
    body: '{}'
    headers:
      Accept:
      - '*/*'
      Accept-Encoding:
      - gzip, deflate
      Connection:
      - keep-alive
      Content-Length:
      - '2'
      Content-Type:
      - application/json
      User-Agent:
      - python-requests/2.32.3
    method: POST
    uri: https://firefox-ci-tc.services.mozilla.com/api/index/v1/namespaces/gecko.v2.mozilla-central.shippable.2024.11.06
  response:
    body:
      string: "{\n  \"namespaces\": [\n    {\n      \"namespace\": \"gecko.v2.mozilla-central.shippable.2024.11.06.latest\",\n
        \     \"name\": \"latest\",\n      \"expires\": \"2025-11-08T00:00:00.000Z\"\n
        \   },\n    {\n      \"namespace\": \"gecko.v2.mozilla-central.shippable.2024.11.06.revision\",\n
        \     \"name\": \"revision\",\n      \"expires\": \"2025-11-09T00:00:00.000Z\"\n
        \   }\n  ]\n}"
    headers:
      Access-Control-Allow-Headers:
      - X-Requested-With,Content-Type,Authorization,Accept,Origin,Cache-Control
      Access-Control-Allow-Methods:
      - OPTIONS,GET,HEAD,POST,PUT,DELETE,TRACE,CONNECT
      Access-Control-Allow-Origin:
      - '*'
      Access-Control-Max-Age:
      - '900'
      Access-Control-Request-Method:
      - '*'
      Alt-Svc:
      - clear
      Cache-Control:
      - no-store no-cache must-revalidate
      Content-Length:
      - '340'
      Content-Security-Policy:
      - report-uri /__cspreport__;default-src 'none';frame-ancestors 'none';
      Content-Type:
      - application/json; charset=utf-8
      Date:
      - Wed, 06 Nov 2024 20:16:15 GMT
      ETag:
      - W/"154-PLn9VSqIYUUVGwPEHEiBgHUslOc"
      Server:
      - openresty
      Strict-Transport-Security:
      - max-age=31536000
      Via:
      - 1.1 google
      x-content-type-options:
      - nosniff
      x-for-request-id:
      - 8d6951ea-9034-43e2-87a9-65141b719b26
      x-for-trace-id:
      - d4d6480d55c7ad88b112c4e3e6f0e9d7
    status:
      code: 200
      message: OK
- request:
    body: '{}'
    headers:
      Accept:
      - '*/*'
      Accept-Encoding:
      - gzip, deflate
      Connection:
      - keep-alive
      Content-Length:
      - '2'
      Content-Type:
      - application/json
      User-Agent:
      - python-requests/2.32.3
    method: POST
    uri: https://firefox-ci-tc.services.mozilla.com/api/index/v1/namespaces/gecko.v2.mozilla-central.pushdate.2024.11.06
  response:
    body:
      string: "{\n  \"namespaces\": [\n    {\n      \"namespace\": \"gecko.v2.mozilla-central.pushdate.2024.11.06.20241106050531\",\n
        \     \"name\": \"20241106050531\",\n      \"expires\": \"2025-11-09T00:00:00.000Z\"\n
        \   },\n    {\n      \"namespace\": \"gecko.v2.mozilla-central.pushdate.2024.11.06.20241106094902\",\n
        \     \"name\": \"20241106094902\",\n      \"expires\": \"2025-11-09T00:00:00.000Z\"\n
        \   },\n    {\n      \"namespace\": \"gecko.v2.mozilla-central.pushdate.2024.11.06.20241106165131\",\n
        \     \"name\": \"20241106165131\",\n      \"expires\": \"2025-11-09T00:00:00.000Z\"\n
        \   },\n    {\n      \"namespace\": \"gecko.v2.mozilla-central.pushdate.2024.11.06.latest\",\n
        \     \"name\": \"latest\",\n      \"expires\": \"2025-11-08T00:00:00.000Z\"\n
        \   }\n  ]\n}"
    headers:
      Access-Control-Allow-Headers:
      - X-Requested-With,Content-Type,Authorization,Accept,Origin,Cache-Control
      Access-Control-Allow-Methods:
      - OPTIONS,GET,HEAD,POST,PUT,DELETE,TRACE,CONNECT
      Access-Control-Allow-Origin:
      - '*'
      Access-Control-Max-Age:
      - '900'
      Access-Control-Request-Method:
      - '*'
      Alt-Svc:
      - clear
      Cache-Control:
      - no-store no-cache must-revalidate
      Content-Length:
      - '692'
      Content-Security-Policy:
      - report-uri /__cspreport__;default-src 'none';frame-ancestors 'none';
      Content-Type:
      - application/json; charset=utf-8
      Date:
      - Wed, 06 Nov 2024 20:16:15 GMT
      ETag:
      - W/"2b4-rD22QITnTHl00WIs09PHeTAXjAc"
      Server:
      - openresty
      Strict-Transport-Security:
      - max-age=31536000
      Via:
      - 1.1 google
      x-content-type-options:
      - nosniff
      x-for-request-id:
      - edc46844-6a10-4ae2-aa15-c81be341dd88
      x-for-trace-id:
      - f79b2c3bcccdc496419d54f5454a57a9
    status:
      code: 200
      message: OK
- request:
    body: null
    headers:
      Accept:
      - '*/*'
      Accept-Encoding:
      - gzip, deflate
      Connection:
      - keep-alive
      User-Agent:
      - python-requests/2.32.3
    method: GET
    uri: https://firefox-ci-tc.services.mozilla.com/api/index/v1/task/gecko.v2.mozilla-central.shippable.2024.11.06.latest.firefox.macosx64-aarch64-fuzzing-asan-opt
  response:
    body:
      string: "{\n  \"code\": \"ResourceNotFound\",\n  \"message\": \"Indexed task
        not found\\n\\n---\\n\\n* method:     findTask\\n* errorCode:  ResourceNotFound\\n*
        statusCode: 404\\n* time:       2024-11-06T20:16:15.358Z\",\n  \"requestInfo\":
        {\n    \"method\": \"findTask\",\n    \"params\": {\n      \"indexPath\":
        \"gecko.v2.mozilla-central.shippable.2024.11.06.latest.firefox.macosx64-aarch64-fuzzing-asan-opt\"\n
        \   },\n    \"payload\": {},\n    \"time\": \"2024-11-06T20:16:15.358Z\"\n
        \ }\n}"
    headers:
      Access-Control-Allow-Headers:
      - X-Requested-With,Content-Type,Authorization,Accept,Origin,Cache-Control
      Access-Control-Allow-Methods:
      - OPTIONS,GET,HEAD,POST,PUT,DELETE,TRACE,CONNECT
      Access-Control-Allow-Origin:
      - '*'
      Access-Control-Max-Age:
      - '900'
      Access-Control-Request-Method:
      - '*'
      Alt-Svc:
      - clear
      Cache-Control:
      - no-store no-cache must-revalidate
      Content-Length:
      - '442'
      Content-Security-Policy:
      - report-uri /__cspreport__;default-src 'none';frame-ancestors 'none';
      Content-Type:
      - application/json; charset=utf-8
      Date:
      - Wed, 06 Nov 2024 20:16:15 GMT
      ETag:
      - W/"1ba-p+3I72TPX59u3o2wMWMNKSmwIIE"
      Server:
      - openresty
      Strict-Transport-Security:
      - max-age=31536000
      Via:
      - 1.1 google
      x-content-type-options:
      - nosniff
      x-for-request-id:
      - 4043b23e-7808-4923-9563-e06be57ed6a6
      x-for-trace-id:
      - a98585bc96202b4d78d2f606d0af9c14
    status:
      code: 404
      message: Not Found
- request:
    body: null
    headers:
      Accept:
      - '*/*'
      Accept-Encoding:
      - gzip, deflate
      Connection:
      - keep-alive
      User-Agent:
      - python-requests/2.32.3
    method: GET
    uri: https://firefox-ci-tc.services.mozilla.com/api/index/v1/task/gecko.v2.mozilla-central.shippable.2024.11.06.latest.firefox.macosx64-aarch64-fuzzing-asan
  response:
    body:
      string: "{\n  \"code\": \"ResourceNotFound\",\n  \"message\": \"Indexed task
        not found\\n\\n---\\n\\n* method:     findTask\\n* errorCode:  ResourceNotFound\\n*
        statusCode: 404\\n* time:       2024-11-06T20:16:15.492Z\",\n  \"requestInfo\":
        {\n    \"method\": \"findTask\",\n    \"params\": {\n      \"indexPath\":
        \"gecko.v2.mozilla-central.shippable.2024.11.06.latest.firefox.macosx64-aarch64-fuzzing-asan\"\n
        \   },\n    \"payload\": {},\n    \"time\": \"2024-11-06T20:16:15.492Z\"\n
        \ }\n}"
    headers:
      Access-Control-Allow-Headers:
      - X-Requested-With,Content-Type,Authorization,Accept,Origin,Cache-Control
      Access-Control-Allow-Methods:
      - OPTIONS,GET,HEAD,POST,PUT,DELETE,TRACE,CONNECT
      Access-Control-Allow-Origin:
      - '*'
      Access-Control-Max-Age:
      - '900'
      Access-Control-Request-Method:
      - '*'
      Alt-Svc:
      - clear
      Cache-Control:
      - no-store no-cache must-revalidate
      Content-Length:
      - '438'
      Content-Security-Policy:
      - report-uri /__cspreport__;default-src 'none';frame-ancestors 'none';
      Content-Type:
      - application/json; charset=utf-8
      Date:
      - Wed, 06 Nov 2024 20:16:15 GMT
      ETag:
      - W/"1b6-dNAOTVOMneHt/zxSXS1CWuF/wU4"
      Server:
      - openresty
      Strict-Transport-Security:
      - max-age=31536000
      Via:
      - 1.1 google
      x-content-type-options:
      - nosniff
      x-for-request-id:
      - 64e021cb-14ce-4244-8ba1-861ca20ea083
      x-for-trace-id:
      - 7f9c528ef60a9374ea69f1e23fce6bdb
    status:
      code: 404
      message: Not Found
- request:
    body: null
    headers:
      Accept:
      - '*/*'
      Accept-Encoding:
      - gzip, deflate
      Connection:
      - keep-alive
      User-Agent:
      - python-requests/2.32.3
    method: GET
    uri: https://firefox-ci-tc.services.mozilla.com/api/index/v1/task/gecko.v2.mozilla-central.shippable.2024.11.06.latest.firefox.sm-macosx64-aarch64-fuzzing-asan-opt
  response:
    body:
      string: "{\n  \"code\": \"ResourceNotFound\",\n  \"message\": \"Indexed task
        not found\\n\\n---\\n\\n* method:     findTask\\n* errorCode:  ResourceNotFound\\n*
        statusCode: 404\\n* time:       2024-11-06T20:16:15.633Z\",\n  \"requestInfo\":
        {\n    \"method\": \"findTask\",\n    \"params\": {\n      \"indexPath\":
        \"gecko.v2.mozilla-central.shippable.2024.11.06.latest.firefox.sm-macosx64-aarch64-fuzzing-asan-opt\"\n
        \   },\n    \"payload\": {},\n    \"time\": \"2024-11-06T20:16:15.633Z\"\n
        \ }\n}"
    headers:
      Access-Control-Allow-Headers:
      - X-Requested-With,Content-Type,Authorization,Accept,Origin,Cache-Control
      Access-Control-Allow-Methods:
      - OPTIONS,GET,HEAD,POST,PUT,DELETE,TRACE,CONNECT
      Access-Control-Allow-Origin:
      - '*'
      Access-Control-Max-Age:
      - '900'
      Access-Control-Request-Method:
      - '*'
      Alt-Svc:
      - clear
      Cache-Control:
      - no-store no-cache must-revalidate
      Content-Length:
      - '445'
      Content-Security-Policy:
      - report-uri /__cspreport__;default-src 'none';frame-ancestors 'none';
      Content-Type:
      - application/json; charset=utf-8
      Date:
      - Wed, 06 Nov 2024 20:16:15 GMT
      ETag:
      - W/"1bd-y3IMrKlc/iHF0X5cdcRKfWlZGeo"
      Server:
      - openresty
      Strict-Transport-Security:
      - max-age=31536000
      Via:
      - 1.1 google
      x-content-type-options:
      - nosniff
      x-for-request-id:
      - 4e52ff73-77e6-4e47-b619-537665dcdc3b
      x-for-trace-id:
      - c1f34436c7f8261deb90b1e5ecc50ea8
    status:
      code: 404
      message: Not Found
- request:
    body: null
    headers:
      Accept:
      - '*/*'
      Accept-Encoding:
      - gzip, deflate
      Connection:
      - keep-alive
      User-Agent:
      - python-requests/2.32.3
    method: GET
    uri: https://firefox-ci-tc.services.mozilla.com/api/index/v1/task/gecko.v2.mozilla-central.shippable.2024.11.06.latest.firefox.sm-macosx64-aarch64-fuzzing-asan
  response:
    body:
      string: "{\n  \"code\": \"ResourceNotFound\",\n  \"message\": \"Indexed task
        not found\\n\\n---\\n\\n* method:     findTask\\n* errorCode:  ResourceNotFound\\n*
        statusCode: 404\\n* time:       2024-11-06T20:16:15.775Z\",\n  \"requestInfo\":
        {\n    \"method\": \"findTask\",\n    \"params\": {\n      \"indexPath\":
        \"gecko.v2.mozilla-central.shippable.2024.11.06.latest.firefox.sm-macosx64-aarch64-fuzzing-asan\"\n
        \   },\n    \"payload\": {},\n    \"time\": \"2024-11-06T20:16:15.775Z\"\n
        \ }\n}"
    headers:
      Access-Control-Allow-Headers:
      - X-Requested-With,Content-Type,Authorization,Accept,Origin,Cache-Control
      Access-Control-Allow-Methods:
      - OPTIONS,GET,HEAD,POST,PUT,DELETE,TRACE,CONNECT
      Access-Control-Allow-Origin:
      - '*'
      Access-Control-Max-Age:
      - '900'
      Access-Control-Request-Method:
      - '*'
      Alt-Svc:
      - clear
      Cache-Control:
      - no-store no-cache must-revalidate
      Content-Length:
      - '441'
      Content-Security-Policy:
      - report-uri /__cspreport__;default-src 'none';frame-ancestors 'none';
      Content-Type:
      - application/json; charset=utf-8
      Date:
      - Wed, 06 Nov 2024 20:16:15 GMT
      ETag:
      - W/"1b9-aL30KU9/E3f0WoZ1VYjfloeYkHA"
      Server:
      - openresty
      Strict-Transport-Security:
      - max-age=31536000
      Via:
      - 1.1 google
      x-content-type-options:
      - nosniff
      x-for-request-id:
      - c8459e81-6d16-4441-bfc8-038460d9be67
      x-for-trace-id:
      - 3162b539237ec0136f8a72ad785b7352
    status:
      code: 404
      message: Not Found
- request:
    body: null
    headers:
      Accept:
      - '*/*'
      Accept-Encoding:
      - gzip, deflate
      Connection:
      - keep-alive
      User-Agent:
      - python-requests/2.32.3
    method: GET
    uri: https://firefox-ci-tc.services.mozilla.com/api/index/v1/task/gecko.v2.mozilla-central.shippable.2024.11.06.revision.firefox.macosx64-aarch64-fuzzing-asan-opt
  response:
    body:
      string: "{\n  \"code\": \"ResourceNotFound\",\n  \"message\": \"Indexed task
        not found\\n\\n---\\n\\n* method:     findTask\\n* errorCode:  ResourceNotFound\\n*
        statusCode: 404\\n* time:       2024-11-06T20:16:15.928Z\",\n  \"requestInfo\":
        {\n    \"method\": \"findTask\",\n    \"params\": {\n      \"indexPath\":
        \"gecko.v2.mozilla-central.shippable.2024.11.06.revision.firefox.macosx64-aarch64-fuzzing-asan-opt\"\n
        \   },\n    \"payload\": {},\n    \"time\": \"2024-11-06T20:16:15.928Z\"\n
        \ }\n}"
    headers:
      Access-Control-Allow-Headers:
      - X-Requested-With,Content-Type,Authorization,Accept,Origin,Cache-Control
      Access-Control-Allow-Methods:
      - OPTIONS,GET,HEAD,POST,PUT,DELETE,TRACE,CONNECT
      Access-Control-Allow-Origin:
      - '*'
      Access-Control-Max-Age:
      - '900'
      Access-Control-Request-Method:
      - '*'
      Alt-Svc:
      - clear
      Cache-Control:
      - no-store no-cache must-revalidate
      Content-Length:
      - '444'
      Content-Security-Policy:
      - report-uri /__cspreport__;default-src 'none';frame-ancestors 'none';
      Content-Type:
      - application/json; charset=utf-8
      Date:
      - Wed, 06 Nov 2024 20:16:15 GMT
      ETag:
      - W/"1bc-/oHnVat2WqqHO0CC37HgjyLbyaQ"
      Server:
      - openresty
      Strict-Transport-Security:
      - max-age=31536000
      Via:
      - 1.1 google
      x-content-type-options:
      - nosniff
      x-for-request-id:
      - d06c5684-d562-4f7f-8700-53c74e1c52bf
      x-for-trace-id:
      - beabd9a5974d82f16b4d6fbb9274e956
    status:
      code: 404
      message: Not Found
- request:
    body: null
    headers:
      Accept:
      - '*/*'
      Accept-Encoding:
      - gzip, deflate
      Connection:
      - keep-alive
      User-Agent:
      - python-requests/2.32.3
    method: GET
    uri: https://firefox-ci-tc.services.mozilla.com/api/index/v1/task/gecko.v2.mozilla-central.shippable.2024.11.06.revision.firefox.macosx64-aarch64-fuzzing-asan
  response:
    body:
      string: "{\n  \"code\": \"ResourceNotFound\",\n  \"message\": \"Indexed task
        not found\\n\\n---\\n\\n* method:     findTask\\n* errorCode:  ResourceNotFound\\n*
        statusCode: 404\\n* time:       2024-11-06T20:16:16.078Z\",\n  \"requestInfo\":
        {\n    \"method\": \"findTask\",\n    \"params\": {\n      \"indexPath\":
        \"gecko.v2.mozilla-central.shippable.2024.11.06.revision.firefox.macosx64-aarch64-fuzzing-asan\"\n
        \   },\n    \"payload\": {},\n    \"time\": \"2024-11-06T20:16:16.078Z\"\n
        \ }\n}"
    headers:
      Access-Control-Allow-Headers:
      - X-Requested-With,Content-Type,Authorization,Accept,Origin,Cache-Control
      Access-Control-Allow-Methods:
      - OPTIONS,GET,HEAD,POST,PUT,DELETE,TRACE,CONNECT
      Access-Control-Allow-Origin:
      - '*'
      Access-Control-Max-Age:
      - '900'
      Access-Control-Request-Method:
      - '*'
      Alt-Svc:
      - clear
      Cache-Control:
      - no-store no-cache must-revalidate
      Content-Length:
      - '440'
      Content-Security-Policy:
      - report-uri /__cspreport__;default-src 'none';frame-ancestors 'none';
      Content-Type:
      - application/json; charset=utf-8
      Date:
      - Wed, 06 Nov 2024 20:16:16 GMT
      ETag:
      - W/"1b8-Cq10t2SlQuteI3i3zD60bKjcs1o"
      Server:
      - openresty
      Strict-Transport-Security:
      - max-age=31536000
      Via:
      - 1.1 google
      x-content-type-options:
      - nosniff
      x-for-request-id:
      - 789009fd-d3c9-4feb-800c-3bcb9cf757bd
      x-for-trace-id:
      - 1f10171331dc2d472ef12696b042a324
    status:
      code: 404
      message: Not Found
- request:
    body: null
    headers:
      Accept:
      - '*/*'
      Accept-Encoding:
      - gzip, deflate
      Connection:
      - keep-alive
      User-Agent:
      - python-requests/2.32.3
    method: GET
    uri: https://firefox-ci-tc.services.mozilla.com/api/index/v1/task/gecko.v2.mozilla-central.shippable.2024.11.06.revision.firefox.sm-macosx64-aarch64-fuzzing-asan-opt
  response:
    body:
      string: "{\n  \"code\": \"ResourceNotFound\",\n  \"message\": \"Indexed task
        not found\\n\\n---\\n\\n* method:     findTask\\n* errorCode:  ResourceNotFound\\n*
        statusCode: 404\\n* time:       2024-11-06T20:16:16.223Z\",\n  \"requestInfo\":
        {\n    \"method\": \"findTask\",\n    \"params\": {\n      \"indexPath\":
        \"gecko.v2.mozilla-central.shippable.2024.11.06.revision.firefox.sm-macosx64-aarch64-fuzzing-asan-opt\"\n
        \   },\n    \"payload\": {},\n    \"time\": \"2024-11-06T20:16:16.223Z\"\n
        \ }\n}"
    headers:
      Access-Control-Allow-Headers:
      - X-Requested-With,Content-Type,Authorization,Accept,Origin,Cache-Control
      Access-Control-Allow-Methods:
      - OPTIONS,GET,HEAD,POST,PUT,DELETE,TRACE,CONNECT
      Access-Control-Allow-Origin:
      - '*'
      Access-Control-Max-Age:
      - '900'
      Access-Control-Request-Method:
      - '*'
      Alt-Svc:
      - clear
      Cache-Control:
      - no-store no-cache must-revalidate
      Content-Length:
      - '447'
      Content-Security-Policy:
      - report-uri /__cspreport__;default-src 'none';frame-ancestors 'none';
      Content-Type:
      - application/json; charset=utf-8
      Date:
      - Wed, 06 Nov 2024 20:16:16 GMT
      ETag:
      - W/"1bf-fJFzefZNhfo4I1iRhiyEKrKGdrw"
      Server:
      - openresty
      Strict-Transport-Security:
      - max-age=31536000
      Via:
      - 1.1 google
      x-content-type-options:
      - nosniff
      x-for-request-id:
      - 3b4bd429-10be-4e0a-9fc0-b5a5adbefefe
      x-for-trace-id:
      - dbaf93eb0609c4c255a29b3f8276f6a0
    status:
      code: 404
      message: Not Found
- request:
    body: null
    headers:
      Accept:
      - '*/*'
      Accept-Encoding:
      - gzip, deflate
      Connection:
      - keep-alive
      User-Agent:
      - python-requests/2.32.3
    method: GET
    uri: https://firefox-ci-tc.services.mozilla.com/api/index/v1/task/gecko.v2.mozilla-central.shippable.2024.11.06.revision.firefox.sm-macosx64-aarch64-fuzzing-asan
  response:
    body:
      string: "{\n  \"code\": \"ResourceNotFound\",\n  \"message\": \"Indexed task
        not found\\n\\n---\\n\\n* method:     findTask\\n* errorCode:  ResourceNotFound\\n*
        statusCode: 404\\n* time:       2024-11-06T20:16:16.371Z\",\n  \"requestInfo\":
        {\n    \"method\": \"findTask\",\n    \"params\": {\n      \"indexPath\":
        \"gecko.v2.mozilla-central.shippable.2024.11.06.revision.firefox.sm-macosx64-aarch64-fuzzing-asan\"\n
        \   },\n    \"payload\": {},\n    \"time\": \"2024-11-06T20:16:16.371Z\"\n
        \ }\n}"
    headers:
      Access-Control-Allow-Headers:
      - X-Requested-With,Content-Type,Authorization,Accept,Origin,Cache-Control
      Access-Control-Allow-Methods:
      - OPTIONS,GET,HEAD,POST,PUT,DELETE,TRACE,CONNECT
      Access-Control-Allow-Origin:
      - '*'
      Access-Control-Max-Age:
      - '900'
      Access-Control-Request-Method:
      - '*'
      Alt-Svc:
      - clear
      Cache-Control:
      - no-store no-cache must-revalidate
      Content-Length:
      - '443'
      Content-Security-Policy:
      - report-uri /__cspreport__;default-src 'none';frame-ancestors 'none';
      Content-Type:
      - application/json; charset=utf-8
      Date:
      - Wed, 06 Nov 2024 20:16:16 GMT
      ETag:
      - W/"1bb-SO13LDafINf6Hz2N7PKvo1jBroo"
      Server:
      - openresty
      Strict-Transport-Security:
      - max-age=31536000
      Via:
      - 1.1 google
      x-content-type-options:
      - nosniff
      x-for-request-id:
      - 4158a2eb-d905-4d04-b622-f1f49d1aa9e5
      x-for-trace-id:
      - 9ac8186591a122d2373d1498f6b91203
    status:
      code: 404
      message: Not Found
- request:
    body: null
    headers:
      Accept:
      - '*/*'
      Accept-Encoding:
      - gzip, deflate
      Connection:
      - keep-alive
      User-Agent:
      - python-requests/2.32.3
    method: GET
    uri: https://firefox-ci-tc.services.mozilla.com/api/index/v1/task/gecko.v2.mozilla-central.pushdate.2024.11.06.20241106050531.firefox.macosx64-aarch64-fuzzing-asan-opt
  response:
    body:
      string: "{\n  \"namespace\": \"gecko.v2.mozilla-central.pushdate.2024.11.06.20241106050531.firefox.macosx64-aarch64-fuzzing-asan-opt\",\n
        \ \"taskId\": \"Rf4BRSXOTdC9fJOuGmCjKw\",\n  \"rank\": 1730869531,\n  \"data\":
        {},\n  \"expires\": \"2025-11-06T05:11:34.519Z\"\n}"
    headers:
      Access-Control-Allow-Headers:
      - X-Requested-With,Content-Type,Authorization,Accept,Origin,Cache-Control
      Access-Control-Allow-Methods:
      - OPTIONS,GET,HEAD,POST,PUT,DELETE,TRACE,CONNECT
      Access-Control-Allow-Origin:
      - '*'
      Access-Control-Max-Age:
      - '900'
      Access-Control-Request-Method:
      - '*'
      Alt-Svc:
      - clear
      Cache-Control:
      - no-store no-cache must-revalidate
      Content-Length:
      - '237'
      Content-Security-Policy:
      - report-uri /__cspreport__;default-src 'none';frame-ancestors 'none';
      Content-Type:
      - application/json; charset=utf-8
      Date:
      - Wed, 06 Nov 2024 20:16:16 GMT
      ETag:
      - W/"ed-4VQjwCyB9kTQppkAOtbeMqDrY3w"
      Server:
      - openresty
      Strict-Transport-Security:
      - max-age=31536000
      Via:
      - 1.1 google
      x-content-type-options:
      - nosniff
      x-for-request-id:
      - 2fa4e76b-6769-4bd9-9465-a248e5cbedfa
      x-for-trace-id:
      - cc65a6fde453101dc832931428887325
    status:
      code: 200
      message: OK
- request:
    body: null
    headers:
      Accept:
      - '*/*'
      Accept-Encoding:
      - gzip, deflate
      Connection:
      - keep-alive
      User-Agent:
      - python-requests/2.32.3
    method: GET
    uri: https://firefox-ci-tc.services.mozilla.com/api/queue/v1/task/Rf4BRSXOTdC9fJOuGmCjKw/artifacts
  response:
    body:
      string: "{\n  \"artifacts\": [\n    {\n      \"storageType\": \"s3\",\n      \"name\":
        \"public/build/buildhub.json\",\n      \"expires\": \"2025-11-06T05:11:34.519Z\",\n
        \     \"contentType\": \"application/json\"\n    },\n    {\n      \"storageType\":
        \"s3\",\n      \"name\": \"public/build/config.status\",\n      \"expires\":
        \"2025-11-06T05:11:34.519Z\",\n      \"contentType\": \"application/octet-stream\"\n
        \   },\n    {\n      \"storageType\": \"s3\",\n      \"name\": \"public/build/host/bin/mar\",\n
        \     \"expires\": \"2025-11-06T05:11:34.519Z\",\n      \"contentType\": \"application/octet-stream\"\n
        \   },\n    {\n      \"storageType\": \"s3\",\n      \"name\": \"public/build/host/bin/mbsdiff\",\n
        \     \"expires\": \"2025-11-06T05:11:34.519Z\",\n      \"contentType\": \"application/octet-stream\"\n
        \   },\n    {\n      \"storageType\": \"s3\",\n      \"name\": \"public/build/mozharness.zip\",\n
        \     \"expires\": \"2025-11-06T05:11:34.519Z\",\n      \"contentType\": \"application/zip\"\n
        \   },\n    {\n      \"storageType\": \"s3\",\n      \"name\": \"public/build/profile_build_resources.json\",\n
        \     \"expires\": \"2025-11-06T05:11:34.519Z\",\n      \"contentType\": \"application/json\"\n
        \   },\n    {\n      \"storageType\": \"s3\",\n      \"name\": \"public/build/target.awsy.tests.tar.gz\",\n
        \     \"expires\": \"2025-11-06T05:11:34.519Z\",\n      \"contentType\": \"application/gzip\"\n
        \   },\n    {\n      \"storageType\": \"s3\",\n      \"name\": \"public/build/target.checksums\",\n
        \     \"expires\": \"2025-11-06T05:11:34.519Z\",\n      \"contentType\": \"application/octet-stream\"\n
        \   },\n    {\n      \"storageType\": \"s3\",\n      \"name\": \"public/build/target.common.tests.tar.gz\",\n
        \     \"expires\": \"2025-11-06T05:11:34.519Z\",\n      \"contentType\": \"application/gzip\"\n
        \   },\n    {\n      \"storageType\": \"s3\",\n      \"name\": \"public/build/target.condprof.tests.tar.gz\",\n
        \     \"expires\": \"2025-11-06T05:11:34.519Z\",\n      \"contentType\": \"application/gzip\"\n
        \   },\n    {\n      \"storageType\": \"s3\",\n      \"name\": \"public/build/target.cppunittest.tests.tar.gz\",\n
        \     \"expires\": \"2025-11-06T05:11:34.519Z\",\n      \"contentType\": \"application/gzip\"\n
        \   },\n    {\n      \"storageType\": \"s3\",\n      \"name\": \"public/build/target.dmg\",\n
        \     \"expires\": \"2025-11-06T05:11:34.519Z\",\n      \"contentType\": \"application/octet-stream\"\n
        \   },\n    {\n      \"storageType\": \"s3\",\n      \"name\": \"public/build/target.fuzztest.tests.tar.gz\",\n
        \     \"expires\": \"2025-11-06T05:11:34.519Z\",\n      \"contentType\": \"application/gzip\"\n
        \   },\n    {\n      \"storageType\": \"s3\",\n      \"name\": \"public/build/target.generated-files.tar.gz\",\n
        \     \"expires\": \"2025-11-06T05:11:34.519Z\",\n      \"contentType\": \"application/gzip\"\n
        \   },\n    {\n      \"storageType\": \"s3\",\n      \"name\": \"public/build/target.gtest.tests.tar.gz\",\n
        \     \"expires\": \"2025-11-06T05:11:34.519Z\",\n      \"contentType\": \"application/gzip\"\n
        \   },\n    {\n      \"storageType\": \"s3\",\n      \"name\": \"public/build/target_info.txt\",\n
        \     \"expires\": \"2025-11-06T05:11:34.519Z\",\n      \"contentType\": \"text/plain\"\n
        \   },\n    {\n      \"storageType\": \"s3\",\n      \"name\": \"public/build/target.jittest.tests.tar.gz\",\n
        \     \"expires\": \"2025-11-06T05:11:34.519Z\",\n      \"contentType\": \"application/gzip\"\n
        \   },\n    {\n      \"storageType\": \"s3\",\n      \"name\": \"public/build/target.json\",\n
        \     \"expires\": \"2025-11-06T05:11:34.519Z\",\n      \"contentType\": \"application/json\"\n
        \   },\n    {\n      \"storageType\": \"s3\",\n      \"name\": \"public/build/target.jsreftest.tests.tar.gz\",\n
        \     \"expires\": \"2025-11-06T05:11:34.519Z\",\n      \"contentType\": \"application/gzip\"\n
        \   },\n    {\n      \"storageType\": \"s3\",\n      \"name\": \"public/build/target.jsshell.zip\",\n
        \     \"expires\": \"2025-11-06T05:11:34.519Z\",\n      \"contentType\": \"application/zip\"\n
        \   },\n    {\n      \"storageType\": \"s3\",\n      \"name\": \"public/build/target.langpack.xpi\",\n
        \     \"expires\": \"2025-11-06T05:11:34.519Z\",\n      \"contentType\": \"application/x-xpinstall\"\n
        \   },\n    {\n      \"storageType\": \"s3\",\n      \"name\": \"public/build/target.mochitest.tests.tar.gz\",\n
        \     \"expires\": \"2025-11-06T05:11:34.519Z\",\n      \"contentType\": \"application/gzip\"\n
        \   },\n    {\n      \"storageType\": \"s3\",\n      \"name\": \"public/build/target.mozinfo.json\",\n
        \     \"expires\": \"2025-11-06T05:11:34.519Z\",\n      \"contentType\": \"application/json\"\n
        \   },\n    {\n      \"storageType\": \"s3\",\n      \"name\": \"public/build/target.perftests.tests.tar.gz\",\n
        \     \"expires\": \"2025-11-06T05:11:34.519Z\",\n      \"contentType\": \"application/gzip\"\n
        \   },\n    {\n      \"storageType\": \"s3\",\n      \"name\": \"public/build/target.raptor.tests.tar.gz\",\n
        \     \"expires\": \"2025-11-06T05:11:34.519Z\",\n      \"contentType\": \"application/gzip\"\n
        \   },\n    {\n      \"storageType\": \"s3\",\n      \"name\": \"public/build/target.reftest.tests.tar.gz\",\n
        \     \"expires\": \"2025-11-06T05:11:34.519Z\",\n      \"contentType\": \"application/gzip\"\n
        \   },\n    {\n      \"storageType\": \"s3\",\n      \"name\": \"public/build/target.talos.tests.tar.gz\",\n
        \     \"expires\": \"2025-11-06T05:11:34.519Z\",\n      \"contentType\": \"application/gzip\"\n
        \   },\n    {\n      \"storageType\": \"s3\",\n      \"name\": \"public/build/target.test_packages.json\",\n
        \     \"expires\": \"2025-11-06T05:11:34.519Z\",\n      \"contentType\": \"application/json\"\n
        \   },\n    {\n      \"storageType\": \"s3\",\n      \"name\": \"public/build/target.txt\",\n
        \     \"expires\": \"2025-11-06T05:11:34.519Z\",\n      \"contentType\": \"text/plain\"\n
        \   },\n    {\n      \"storageType\": \"s3\",\n      \"name\": \"public/build/target.update_framework_artifacts.zip\",\n
        \     \"expires\": \"2025-11-06T05:11:34.519Z\",\n      \"contentType\": \"application/zip\"\n
        \   },\n    {\n      \"storageType\": \"s3\",\n      \"name\": \"public/build/target.updater-dep.tests.tar.gz\",\n
        \     \"expires\": \"2025-11-06T05:11:34.519Z\",\n      \"contentType\": \"application/gzip\"\n
        \   },\n    {\n      \"storageType\": \"s3\",\n      \"name\": \"public/build/target.web-platform.tests.tar.gz\",\n
        \     \"expires\": \"2025-11-06T05:11:34.519Z\",\n      \"contentType\": \"application/gzip\"\n
        \   },\n    {\n      \"storageType\": \"s3\",\n      \"name\": \"public/build/target.xpcshell.tests.tar.gz\",\n
        \     \"expires\": \"2025-11-06T05:11:34.519Z\",\n      \"contentType\": \"application/gzip\"\n
        \   },\n    {\n      \"storageType\": \"s3\",\n      \"name\": \"public/build/target.xpt_artifacts.zip\",\n
        \     \"expires\": \"2025-11-06T05:11:34.519Z\",\n      \"contentType\": \"application/zip\"\n
        \   },\n    {\n      \"storageType\": \"s3\",\n      \"name\": \"public/chain-of-trust.json\",\n
        \     \"expires\": \"2025-11-06T05:11:34.519Z\",\n      \"contentType\": \"text/plain\"\n
        \   },\n    {\n      \"storageType\": \"s3\",\n      \"name\": \"public/chain-of-trust.json.sig\",\n
        \     \"expires\": \"2025-11-06T05:11:34.519Z\",\n      \"contentType\": \"application/octet-stream\"\n
        \   },\n    {\n      \"storageType\": \"s3\",\n      \"name\": \"public/cidata/sccache.log\",\n
        \     \"expires\": \"2024-11-13T05:11:34.519Z\",\n      \"contentType\": \"text/plain\"\n
        \   },\n    {\n      \"storageType\": \"s3\",\n      \"name\": \"public/cidata/sccache-stats.json\",\n
        \     \"expires\": \"2024-11-13T05:11:34.519Z\",\n      \"contentType\": \"application/json\"\n
        \   },\n    {\n      \"storageType\": \"error\",\n      \"name\": \"public/cidata/target.crashreporter-symbols-full.tar.zst\",\n
        \     \"expires\": \"2024-11-13T05:11:34.519Z\",\n      \"contentType\": \"application/binary\"\n
        \   },\n    {\n      \"storageType\": \"s3\",\n      \"name\": \"public/logs/certified.log\",\n
        \     \"expires\": \"2025-11-06T05:11:34.519Z\",\n      \"contentType\": \"text/plain\"\n
        \   },\n    {\n      \"storageType\": \"s3\",\n      \"name\": \"public/logs/live_backing.log\",\n
        \     \"expires\": \"2025-11-06T05:11:34.519Z\",\n      \"contentType\": \"text/plain;
        charset=utf-8\"\n    },\n    {\n      \"storageType\": \"reference\",\n      \"name\":
        \"public/logs/live.log\",\n      \"expires\": \"2025-11-06T05:11:34.519Z\",\n
        \     \"contentType\": \"text/plain; charset=utf-8\"\n    },\n    {\n      \"storageType\":
        \"s3\",\n      \"name\": \"public/logs/localconfig.json\",\n      \"expires\":
        \"2025-11-06T05:11:34.519Z\",\n      \"contentType\": \"application/json\"\n
        \   }\n  ]\n}"
    headers:
      Access-Control-Allow-Headers:
      - X-Requested-With,Content-Type,Authorization,Accept,Origin,Cache-Control
      Access-Control-Allow-Methods:
      - OPTIONS,GET,HEAD,POST,PUT,DELETE,TRACE,CONNECT
      Access-Control-Allow-Origin:
      - '*'
      Access-Control-Max-Age:
      - '900'
      Access-Control-Request-Method:
      - '*'
      Alt-Svc:
      - clear
      Cache-Control:
      - no-store no-cache must-revalidate
      Content-Encoding:
      - gzip
      Content-Security-Policy:
      - report-uri /__cspreport__;default-src 'none';frame-ancestors 'none';
      Content-Type:
      - application/json; charset=utf-8
      Date:
      - Wed, 06 Nov 2024 20:16:16 GMT
      ETag:
      - W/"1e1c-JT/v9242dq+5GCkYTO45K3DW89s"
      Server:
      - openresty
      Strict-Transport-Security:
      - max-age=31536000
      Vary:
      - Accept-Encoding
      Via:
      - 1.1 google
      x-content-type-options:
      - nosniff
      x-for-request-id:
      - dc66826a-2ce7-464d-9b6e-f4aed1d725f4
      x-for-trace-id:
      - bed984125e7f9b86ed88614c10838b29
    status:
      code: 200
      message: OK
- request:
    body: null
    headers:
      Accept:
      - '*/*'
      Accept-Encoding:
      - gzip, deflate
      Connection:
      - keep-alive
      User-Agent:
      - python-requests/2.32.3
    method: GET
    uri: https://firefox-ci-tc.services.mozilla.com/api/queue/v1/task/Rf4BRSXOTdC9fJOuGmCjKw/artifacts/public/build/target.json
  response:
    body:
      string: "{\n  \"storageType\": \"s3\",\n  \"url\": \"https://firefoxci.taskcluster-artifacts.net/Rf4BRSXOTdC9fJOuGmCjKw/0/public/build/target.json\"\n}"
    headers:
      Access-Control-Allow-Headers:
      - X-Requested-With,Content-Type,Authorization,Accept,Origin,Cache-Control
      Access-Control-Allow-Methods:
      - OPTIONS,GET,HEAD,POST,PUT,DELETE,TRACE,CONNECT
      Access-Control-Allow-Origin:
      - '*'
      Access-Control-Max-Age:
      - '900'
      Access-Control-Request-Method:
      - '*'
      Alt-Svc:
      - clear
      Cache-Control:
      - no-store no-cache must-revalidate
      Content-Length:
      - '131'
      Content-Security-Policy:
      - report-uri /__cspreport__;default-src 'none';frame-ancestors 'none';
      Content-Type:
      - application/json; charset=utf-8
      Date:
      - Wed, 06 Nov 2024 20:16:16 GMT
      ETag:
      - W/"83-8mbEoefVEzjM4NFInxJ4I3q4CR4"
      Server:
      - openresty
      Strict-Transport-Security:
      - max-age=31536000
      Via:
      - 1.1 google
      location:
      - https://firefoxci.taskcluster-artifacts.net/Rf4BRSXOTdC9fJOuGmCjKw/0/public/build/target.json
      x-content-type-options:
      - nosniff
      x-for-request-id:
      - 1da6dd4f-bd41-423f-be0a-505402f1600f
      x-for-trace-id:
      - 4f3f45b4529d0b18f952deff253f4fdc
      x-taskcluster-artifact-storage-type:
      - s3
    status:
      code: 303
      message: See Other
- request:
    body: null
    headers:
      Accept:
      - '*/*'
      Accept-Encoding:
      - gzip, deflate
      Connection:
      - keep-alive
      User-Agent:
      - python-requests/2.32.3
    method: GET
    uri: https://firefoxci.taskcluster-artifacts.net/Rf4BRSXOTdC9fJOuGmCjKw/0/public/build/target.json
  response:
    body:
      string: "{\n  \"as\": \"/builds/worker/fetches/sccache/sccache /builds/worker/fetches/clang/bin/clang
        -isysroot /builds/worker/fetches/MacOSX14.4.sdk -mmacosx-version-min=11.0
        -std=gnu99 --target=aarch64-apple-darwin\",\n  \"buildid\": \"20241106050531\",\n
        \ \"cc\": \"/builds/worker/fetches/sccache/sccache /builds/worker/fetches/clang/bin/clang
        -isysroot /builds/worker/fetches/MacOSX14.4.sdk -mmacosx-version-min=11.0
        -std=gnu99 --target=aarch64-apple-darwin\",\n  \"cxx\": \"/builds/worker/fetches/sccache/sccache
        /builds/worker/fetches/clang/bin/clang++ -isysroot /builds/worker/fetches/MacOSX14.4.sdk
        -mmacosx-version-min=11.0 -stdlib=libc++ --target=aarch64-apple-darwin\",\n
        \ \"host\": \"x86_64-pc-linux-gnu\",\n  \"moz_app_id\": \"{ec8030f7-c20a-464f-9b0e-13a3a9e97384}\",\n
        \ \"moz_app_maxversion\": \"134.0a1\",\n  \"moz_app_name\": \"firefox\",\n
        \ \"moz_app_vendor\": \"Mozilla\",\n  \"moz_app_version\": \"134.0a1\",\n
        \ \"moz_pkg_platform\": \"mac-asan\",\n  \"moz_source_repo\": \"https://hg.mozilla.org/mozilla-central\",\n
        \ \"moz_source_stamp\": \"3c04841f5975ca656ba0b025ebe4acac3a9eb850\",\n  \"moz_update_channel\":
        \"default\",\n  \"target\": \"aarch64-apple-darwin\"\n}\n"
    headers:
      Accept-Ranges:
      - bytes
      Access-Control-Allow-Origin:
      - '*'
      Access-Control-Expose-Headers:
      - '*'
      Age:
      - '14381'
      Alt-Svc:
      - clear
      Cache-Control:
      - public,max-age=604800
      Content-Encoding:
      - gzip
      Content-Length:
      - '419'
      Content-Type:
      - application/json
      Date:
      - Wed, 06 Nov 2024 16:16:36 GMT
      ETag:
      - '"83ec22e14f641df00244b39cd6c33114"'
      Last-Modified:
      - Wed, 06 Nov 2024 06:05:37 GMT
      Server:
      - UploadServer
      Vary:
      - Accept-Encoding
      X-GUploader-UploadID:
      - AHmUCY1TnTmEVJpH5XOtLtKhsoaEvy_Yez1Br54KbjmtEsRnIMJ5h69mDZU83BINx1j42IGTVgs
      x-cache-status:
      - hit
      x-goog-generation:
      - '1730873137873324'
      x-goog-hash:
      - crc32c=5nMZ1w==
      - md5=g+wi4U9kHfACRLOc1sMxFA==
      x-goog-metageneration:
      - '1'
      x-goog-storage-class:
      - STANDARD
      x-goog-stored-content-encoding:
      - gzip
      x-goog-stored-content-length:
      - '419'
    status:
      code: 200
      message: OK
- request:
    body: null
    headers:
      Accept:
      - '*/*'
      Accept-Encoding:
      - gzip, deflate
      Connection:
      - keep-alive
      User-Agent:
      - python-requests/2.32.3
    method: GET
    uri: https://firefox-ci-tc.services.mozilla.com/api/index/v1/task/gecko.v2.mozilla-central.revision.8954b5fe5fb5ba67d77f21755d099d103987d632.firefox.macosx64-aarch64-fuzzing-asan-opt
  response:
    body:
      string: "{\n  \"namespace\": \"gecko.v2.mozilla-central.revision.8954b5fe5fb5ba67d77f21755d099d103987d632.firefox.macosx64-aarch64-fuzzing-asan-opt\",\n
        \ \"taskId\": \"ZaYJQV3GSbeHTz9clNLF0g\",\n  \"rank\": 1730911891,\n  \"data\":
        {},\n  \"expires\": \"2025-11-06T16:55:11.826Z\"\n}"
    headers:
      Access-Control-Allow-Headers:
      - X-Requested-With,Content-Type,Authorization,Accept,Origin,Cache-Control
      Access-Control-Allow-Methods:
      - OPTIONS,GET,HEAD,POST,PUT,DELETE,TRACE,CONNECT
      Access-Control-Allow-Origin:
      - '*'
      Access-Control-Max-Age:
      - '900'
      Access-Control-Request-Method:
      - '*'
      Alt-Svc:
      - clear
      Cache-Control:
      - no-store no-cache must-revalidate
      Content-Length:
      - '252'
      Content-Security-Policy:
      - report-uri /__cspreport__;default-src 'none';frame-ancestors 'none';
      Content-Type:
      - application/json; charset=utf-8
      Date:
      - Wed, 06 Nov 2024 20:16:17 GMT
      ETag:
      - W/"fc-AWoyIIH+Cw3TzcyRHocf084R6qY"
      Server:
      - openresty
      Strict-Transport-Security:
      - max-age=31536000
      Via:
      - 1.1 google
      x-content-type-options:
      - nosniff
      x-for-request-id:
      - 522c7e10-dd00-4099-916d-99a36045172c
      x-for-trace-id:
      - a14a8354957cf56cbe22d9dda01f41f3
    status:
      code: 200
      message: OK
version: 1
